# ST-Link HOTPLUG post-capture SRAM; build=1789867492; state=3
TPRB_BEGIN,version=1,clock_hz=170000000,duration_cycles=1700000000
TPRB_RX,0,28837865,1,1
TPRB_RX,1,31383866,2,2
TPRB_RX,2,34124567,3,3
TPRB_RX,3,36497104,4,4
TPRB_RX,4,39037850,5,5
TPRB_RX,5,41587294,6,6
TPRB_RX,6,44130870,7,7
TPRB_RX,7,46672161,8,8
TPRB_RX,8,49219108,9,9
TPRB_RX,9,51958386,10,10
TPRB_RX,10,54501847,11,11
TPRB_RX,11,56860375,12,12
TPRB_RX,12,59583926,13,13
TPRB_RX,13,62126279,14,14
TPRB_RX,14,64667722,15,15
TPRB_RX,15,67215279,16,16
TPRB_RX,16,69763856,17,17
TPRB_RX,17,72305474,18,18
TPRB_RX,18,74847516,19,19
TPRB_RX,19,77389712,20,20
TPRB_RX,20,79932506,21,21
TPRB_RX,21,82479701,22,22
TPRB_RX,22,85031820,23,23
TPRB_RX,23,87758160,24,24
TPRB_RX,24,90118992,25,25
TPRB_RX,25,92662110,26,26
TPRB_RX,26,95202582,27,27
TPRB_RX,27,97742220,28,28
TPRB_RX,28,100284261,29,29
TPRB_RX,29,102828681,30,30
TPRB_RX,30,105552514,31,31
TPRB_RX,31,107916018,32,32
TPRB_RX,32,110643647,33,33
TPRB_RX,33,113006800,34,34
TPRB_RX,34,115545549,35,35
TPRB_RX,35,118267586,36,36
TPRB_RX,36,120632510,37,37
TPRB_RX,37,123355014,38,38
TPRB_RX,38,125901904,39,39
TPRB_RX,39,128444864,40,40
TPRB_RX,40,130985595,41,41
TPRB_RX,41,133525345,42,42
TPRB_RX,42,136069412,43,43
TPRB_RX,43,138612772,44,44
TPRB_RX,44,141156086,45,45
TPRB_RX,45,143698546,46,46
TPRB_RX,46,146235615,47,47
TPRB_RX,47,148774407,48,48
TPRB_RX,48,151314398,49,49
TPRB_RX,49,153865833,50,50
TPRB_RX,50,156410169,51,51
TPRB_RX,51,159133796,52,52
TPRB_RX,52,161676415,53,53
TPRB_RX,53,164042721,54,54
TPRB_RX,54,166586709,55,55
TPRB_RX,55,169135944,56,56
TPRB_RX,56,171681954,57,57
TPRB_RX,57,174405584,58,58
TPRB_RX,58,176948564,59,59
TPRB_RX,59,179313048,60,60
TPRB_RX,60,182035666,61,61
TPRB_RX,61,184578181,62,62
TPRB_RX,62,186953060,63,63
TPRB_RX,63,189503413,64,64
TPRB_RX,64,192047409,65,65
TPRB_RX,65,194770979,66,66
TPRB_RX,66,197314849,67,67
TPRB_RX,67,199855062,68,68
TPRB_RX,68,202222080,69,69
TPRB_RX,69,204768233,70,70
TPRB_RX,70,207491102,71,71
TPRB_RX,71,209851456,72,72
TPRB_RX,72,212591815,73,73
TPRB_RX,73,215135349,74,74
TPRB_RX,74,217495144,75,75
TPRB_RX,75,220220258,76,76
TPRB_RX,76,222767615,77,77
TPRB_RX,77,225308101,78,78
TPRB_RX,78,227850051,79,79
TPRB_RX,79,230392174,80,80
TPRB_RX,80,232937808,81,81
TPRB_RX,81,235480625,82,82
TPRB_RX,82,238031801,83,83
TPRB_RX,83,240573358,84,84
TPRB_RX,84,243112703,85,85
TPRB_RX,85,245659515,86,86
TPRB_RX,86,248377899,87,87
TPRB_RX,87,250743120,88,88
TPRB_RX,88,253289657,89,89
TPRB_RX,89,256015204,90,90
TPRB_RX,90,258558688,91,91
TPRB_RX,91,260918697,92,92
TPRB_RX,92,263461953,93,93
TPRB_RX,93,266185168,94,94
TPRB_RX,94,268546335,95,95
TPRB_RX,95,271089903,96,96
TPRB_RX,96,273641252,97,97
TPRB_RX,97,276187661,98,98
TPRB_RX,98,278729854,99,99
TPRB_RX,99,281453700,100,100
TPRB_RX,100,284177311,101,101
TPRB_RX,101,286539302,102,102
TPRB_RX,102,289085672,103,103
TPRB_RX,103,291631343,104,104
TPRB_RX,104,294182235,105,105
TPRB_RX,105,296725339,106,106
TPRB_RX,106,299265346,107,107
TPRB_RX,107,301806279,108,108
TPRB_RX,108,304347927,109,109
TPRB_RX,109,306890639,110,110
TPRB_RX,110,309609715,111,111
TPRB_RX,111,312148663,112,112
TPRB_RX,112,314691079,113,113
TPRB_RX,113,317234512,114,114
TPRB_RX,114,319596694,115,115
TPRB_RX,115,322141315,116,116
TPRB_RX,116,324683584,117,117
TPRB_RX,117,327226677,118,118
TPRB_RX,118,329769123,119,119
TPRB_RX,119,332314363,120,120
TPRB_RX,120,335037751,121,121
TPRB_RX,121,337580421,122,122
TPRB_RX,122,339951063,123,123
TPRB_RX,123,342680399,124,124
TPRB_RX,124,345045379,125,125
TPRB_RX,125,347589051,126,126
TPRB_RX,126,350139608,127,127
TPRB_RX,127,352686199,128,128
TPRB_RX,128,355601771,129,129
TPRB_RX,129,357783622,130,130
TPRB_RX,130,360326878,131,131
TPRB_RX,131,362870858,132,132
TPRB_RX,132,365415073,133,133
TPRB_RX,133,368140035,134,134
TPRB_RX,134,370679344,135,135
TPRB_RX,135,373221346,136,136
TPRB_RX,136,375765969,137,137
TPRB_RX,137,378311858,138,138
TPRB_RX,138,380855917,139,139
TPRB_RX,139,383400917,140,140
TPRB_RX,140,385944081,141,141
TPRB_RX,141,388486494,142,142
TPRB_RX,142,391209968,143,143
TPRB_RX,143,393570280,144,144
TPRB_RX,144,396113430,145,145
TPRB_RX,145,398655809,146,146
TPRB_RX,146,401196498,147,147
TPRB_RX,147,403755992,148,148
TPRB_RX,148,406317399,149,149
TPRB_RX,149,408862069,150,150
TPRB_RX,150,411409355,151,151
TPRB_RX,151,413953734,152,152
TPRB_RX,152,416496712,153,153
TPRB_RX,153,419218190,154,154
TPRB_RX,154,421585185,155,155
TPRB_RX,155,424128681,156,156
TPRB_RX,156,426671047,157,157
TPRB_RX,157,429213381,158,158
TPRB_RX,158,431939309,159,159
TPRB_RX,159,434301045,160,160
TPRB_RX,160,437027484,161,161
TPRB_RX,161,439570227,162,162
TPRB_RX,162,442113427,163,163
TPRB_RX,163,444655453,164,164
TPRB_RX,164,447199084,165,165
TPRB_RX,165,449742369,166,166
TPRB_RX,166,452284047,167,167
TPRB_RX,167,454825954,168,168
TPRB_RX,168,457368389,169,169
TPRB_RX,169,459734545,170,170
TPRB_RX,170,462458315,171,171
TPRB_RX,171,465004417,172,172
TPRB_RX,172,467547329,173,173
TPRB_RX,173,470087856,174,174
TPRB_RX,174,472633549,175,175
TPRB_RX,175,475176697,176,176
TPRB_RX,176,477717975,177,177
TPRB_RX,177,480262510,178,178
TPRB_RX,178,482804719,179,179
TPRB_RX,179,485344282,180,180
TPRB_RX,180,487887216,181,181
TPRB_RX,181,490431808,182,182
TPRB_RX,182,492974317,183,183
TPRB_RX,183,495515765,184,184
TPRB_RX,184,498062132,185,185
TPRB_RX,185,500789927,186,186
TPRB_RX,186,503149213,187,187
TPRB_RX,187,505691527,188,188
TPRB_RX,188,508427074,189,189
TPRB_RX,189,510791678,190,190
TPRB_RX,190,513336855,191,191
TPRB_RX,191,516062347,192,192
TPRB_RX,192,518427546,193,193
TPRB_RX,193,521149215,194,194
TPRB_RX,194,523719283,195,195
TPRB_RX,195,526126553,196,196
TPRB_RX,196,528720038,197,197
TPRB_RX,197,531314301,198,198
TPRB_RX,198,533903257,199,199
TPRB_RX,199,536490504,200,200
TPRB_RX,200,538895250,201,0
TPRB_RX,201,541489264,202,1
TPRB_RX,202,544078774,203,2
TPRB_RX,203,546484156,204,3
TPRB_RX,204,549273712,205,4
TPRB_RX,205,551696308,206,5
TPRB_RX,206,554290569,207,6
TPRB_RX,207,556718808,208,7
TPRB_RX,208,559310767,209,8
TPRB_RX,209,561900770,210,9
TPRB_RX,210,564680207,211,10
TPRB_RX,211,566907632,212,11
TPRB_RX,212,569496647,213,12
TPRB_RX,213,572083260,214,13
TPRB_RX,214,574675523,215,14
TPRB_RX,215,577080459,216,15
TPRB_RX,216,579669120,217,16
TPRB_RX,217,582269108,218,17
TPRB_RX,218,584859109,219,18
TPRB_RX,219,587450986,220,19
TPRB_RX,220,590045845,221,20
TPRB_RX,221,592454133,222,21
TPRB_RX,222,595231320,223,22
TPRB_RX,223,597643272,224,23
TPRB_RX,224,600257840,225,24
TPRB_RX,225,602848418,226,25
TPRB_RX,226,605251368,227,26
TPRB_RX,227,607847057,228,27
TPRB_RX,228,610442384,229,28
TPRB_RX,229,613034354,230,29
TPRB_RX,230,615438848,231,30
TPRB_RX,231,618040353,232,31
TPRB_RX,232,620445620,233,32
TPRB_RX,233,623223606,234,33
TPRB_RX,234,625637373,235,34
TPRB_RX,235,628410676,236,35
TPRB_RX,236,630814208,237,36
TPRB_RX,237,633407355,238,37
TPRB_RX,238,635998432,239,38
TPRB_RX,239,638400394,240,39
TPRB_RX,240,640991981,241,40
TPRB_RX,241,643588870,242,41
TPRB_RX,242,646179330,243,42
TPRB_RX,243,648584151,244,43
TPRB_RX,244,651184068,245,44
TPRB_RX,245,653783527,246,45
TPRB_RX,246,656372127,247,46
TPRB_RX,247,658786096,248,47
TPRB_RX,248,661377088,249,48
TPRB_RX,249,663965393,250,49
TPRB_RX,250,666379382,251,50
TPRB_RX,251,668971360,252,51
TPRB_RX,252,671557593,253,52
TPRB_RX,253,674145025,254,53
TPRB_RX,254,676735644,255,54
TPRB_RX,255,679147135,256,55
TPRB_RX,256,681744864,257,56
TPRB_RX,257,684344444,258,57
TPRB_RX,258,686934186,259,58
TPRB_RX,259,689336112,260,59
TPRB_RX,260,691923224,261,60
TPRB_RX,261,694519187,262,61
TPRB_RX,262,697113419,263,62
TPRB_RX,263,699520183,264,63
TPRB_RX,264,702121702,265,64
TPRB_RX,265,704714927,266,65
TPRB_RX,266,707304601,267,66
TPRB_RX,267,709715434,268,67
TPRB_RX,268,712314904,269,68
TPRB_RX,269,714902943,270,69
TPRB_RX,270,717492775,271,70
TPRB_RX,271,719902876,272,71
TPRB_RX,272,722496557,273,72
TPRB_RX,273,725091887,274,73
TPRB_RX,274,727696790,275,74
TPRB_RX,275,730285246,276,75
TPRB_RX,276,732690819,277,76
TPRB_RX,277,735286518,278,77
TPRB_RX,278,737887689,279,78
TPRB_RX,279,740294493,280,79
TPRB_RX,280,742883053,281,80
TPRB_RX,281,745477295,282,81
TPRB_RX,282,748064939,283,82
TPRB_RX,283,750662688,284,83
TPRB_RX,284,753074860,285,84
TPRB_RX,285,755664470,286,85
TPRB_RX,286,758251988,287,86
TPRB_RX,287,760847772,288,87
TPRB_RX,288,763258389,289,88
TPRB_RX,289,766035742,290,89
TPRB_RX,290,768440666,291,90
TPRB_RX,291,771041780,292,91
TPRB_RX,292,773445987,293,92
TPRB_RX,293,776034808,294,93
TPRB_RX,294,778634377,295,94
TPRB_RX,295,781221752,296,95
TPRB_RX,296,783815400,297,96
TPRB_RX,297,786412872,298,97
TPRB_RX,298,788821806,299,98
TPRB_RX,299,791409172,300,99
TPRB_RX,300,793998006,301,100
TPRB_RX,301,796607092,302,101
TPRB_RX,302,799194356,303,102
TPRB_RX,303,801610066,304,103
TPRB_RX,304,804035477,305,104
TPRB_RX,305,806627354,306,105
TPRB_RX,306,809213570,307,106
TPRB_RX,307,811816296,308,107
TPRB_RX,308,814406020,309,108
TPRB_RX,309,816825654,310,109
TPRB_RX,310,819598848,311,110
TPRB_RX,311,822006597,312,111
TPRB_RX,312,824609282,313,112
TPRB_RX,313,827012531,314,113
TPRB_RX,314,829616724,315,114
TPRB_RX,315,832207042,316,115
TPRB_RX,316,834798925,317,116
TPRB_RX,317,837404707,318,117
TPRB_RX,318,839804347,319,118
TPRB_RX,319,842395717,320,119
TPRB_RX,320,844987836,321,120
TPRB_RX,321,847596297,322,121
TPRB_RX,322,850207952,323,122
TPRB_RX,323,852655071,324,123
TPRB_RX,324,855261944,325,124
TPRB_RX,325,857873657,326,125
TPRB_RX,326,860279615,327,126
TPRB_RX,327,862881232,328,127
TPRB_RX,328,865312794,329,128
TPRB_RX,329,867900279,330,129
TPRB_RX,330,870498112,331,130
TPRB_RX,331,873100310,332,131
TPRB_RX,332,875536594,333,132
TPRB_RX,333,878125757,334,133
TPRB_RX,334,880755158,335,134
TPRB_RX,335,883162794,336,135
TPRB_RX,336,885764775,337,136
TPRB_RX,337,888360851,338,137
TPRB_RX,338,890953791,339,138
TPRB_RX,339,893551865,340,139
TPRB_RX,340,895980556,341,140
TPRB_RX,341,898401051,342,141
TPRB_RX,342,901007045,343,142
TPRB_RX,343,903611741,344,143
TPRB_RX,344,906034136,345,144
TPRB_RX,345,908635488,346,145
TPRB_RX,346,911226649,347,146
TPRB_RX,347,913818183,348,147
TPRB_RX,348,916415275,349,148
TPRB_RX,349,919002469,350,149
TPRB_RX,350,921441187,351,150
TPRB_RX,351,924036141,352,151
TPRB_RX,352,926644909,353,152
TPRB_RX,353,929241421,354,153
TPRB_RX,354,931657190,355,154
TPRB_RX,355,934248357,356,155
TPRB_RX,356,936844586,357,156
TPRB_RX,357,939252987,358,157
TPRB_RX,358,941700194,359,158
TPRB_RX,359,944472327,360,159
TPRB_RX,360,947070760,361,160
TPRB_RX,361,949484438,362,161
TPRB_RX,362,952082111,363,162
TPRB_RX,363,954673899,364,163
TPRB_RX,364,957270174,365,164
TPRB_RX,365,959688634,366,165
TPRB_RX,366,962490472,367,166
TPRB_RX,367,964902854,368,167
TPRB_RX,368,967517467,369,168
TPRB_RX,369,969918155,370,169
TPRB_RX,370,972511626,371,170
TPRB_RX,371,974931997,372,171
TPRB_RX,372,977551815,373,172
TPRB_RX,373,980167139,374,173
TPRB_RX,374,982569165,375,174
TPRB_RX,375,985336328,376,175
TPRB_RX,376,988006107,377,176
TPRB_RX,377,990415638,378,177
TPRB_RX,378,992818535,379,178
TPRB_RX,379,995587224,380,179
TPRB_RX,380,998071976,381,180
TPRB_RX,381,1000486123,382,181
TPRB_RX,382,1003074810,383,182
TPRB_RX,383,1005720518,384,183
TPRB_RX,384,1008125966,385,184
TPRB_RX,385,1010714726,386,185
TPRB_RX,386,1013311785,387,186
TPRB_RX,387,1015901145,388,187
TPRB_RX,388,1018508166,389,188
TPRB_RX,389,1020918791,390,189
TPRB_RX,390,1023584035,391,190
TPRB_RX,391,1025988674,392,191
TPRB_RX,392,1028570283,393,192
TPRB_RX,393,1031175903,394,193
TPRB_RX,394,1033758132,395,194
TPRB_RX,395,1036349113,396,195
TPRB_RX,396,1038762773,397,196
TPRB_RX,397,1041347878,398,197
TPRB_RX,398,1043751497,399,198
TPRB_RX,399,1046334063,400,199
TPRB_RX,400,1048899873,401,200
TPRB_RX,401,1051494765,402,0
TPRB_RX,402,1054108043,403,1
TPRB_RX,403,1056701852,404,2
TPRB_RX,404,1059295584,405,3
TPRB_RX,405,1061703570,406,4
TPRB_RX,406,1064147001,407,5
TPRB_RX,407,1066766156,408,6
TPRB_RX,408,1069559961,409,7
TPRB_RX,409,1071990866,410,8
TPRB_RX,410,1074442552,411,9
TPRB_RX,411,1077066873,412,10
TPRB_RX,412,1079689814,413,11
TPRB_RX,413,1082140300,414,12
TPRB_RX,414,1084751331,415,13
TPRB_RX,415,1087190959,416,14
TPRB_RX,416,1089797217,417,15
TPRB_RX,417,1092231340,418,16
TPRB_RX,418,1094826738,419,17
TPRB_RX,419,1097433490,420,18
TPRB_RX,420,1100035396,421,19
TPRB_RX,421,1102450954,422,20
TPRB_RX,422,1105053695,423,21
TPRB_RX,423,1107656477,424,22
TPRB_RX,424,1110265091,425,23
TPRB_RX,425,1112690759,426,24
TPRB_RX,426,1115334225,427,25
TPRB_RX,427,1117939689,428,26
TPRB_RX,428,1120353647,429,27
TPRB_RX,429,1122967153,430,28
TPRB_RX,430,1125568600,431,29
TPRB_RX,431,1127991513,432,30
TPRB_RX,432,1130594192,433,31
TPRB_RX,433,1133214964,434,32
TPRB_RX,434,1135630072,435,33
TPRB_RX,435,1138233648,436,34
TPRB_RX,436,1140835448,437,35
TPRB_RX,437,1143439127,438,36
TPRB_RX,438,1145852714,439,37
TPRB_RX,439,1148448464,440,38
TPRB_RX,440,1151045266,441,39
TPRB_RX,441,1153641928,442,40
TPRB_RX,442,1156049510,443,41
TPRB_RX,443,1158652256,444,42
TPRB_RX,444,1161250991,445,43
TPRB_RX,445,1163847475,446,44
TPRB_RX,446,1166260774,447,45
TPRB_RX,447,1168860572,448,46
TPRB_RX,448,1171467111,449,47
TPRB_RX,449,1174068279,450,48
TPRB_RX,450,1176477678,451,49
TPRB_RX,451,1179076657,452,50
TPRB_RX,452,1181683654,453,51
TPRB_RX,453,1184098006,454,52
TPRB_RX,454,1186689857,455,53
TPRB_RX,455,1189257230,456,54
TPRB_RX,456,1191908446,457,55
TPRB_RX,457,1194320061,458,56
TPRB_RX,458,1196919424,459,57
TPRB_RX,459,1199335538,460,58
TPRB_RX,460,1201928180,461,59
TPRB_RX,461,1204523280,462,60
TPRB_RX,462,1207126619,463,61
TPRB_RX,463,1209549310,464,62
TPRB_RX,464,1212165640,465,63
TPRB_RX,465,1214951987,466,64
TPRB_RX,466,1217360574,467,65
TPRB_RX,467,1219950801,468,66
TPRB_RX,468,1222361725,469,67
TPRB_RX,469,1224963065,470,68
TPRB_RX,470,1227562482,471,69
TPRB_RX,471,1230160263,472,70
TPRB_RX,472,1232564896,473,71
TPRB_RX,473,1235163878,474,72
TPRB_RX,474,1237771898,475,73
TPRB_RX,475,1240182169,476,74
TPRB_RX,476,1242775741,477,75
TPRB_RX,477,1245376217,478,76
TPRB_RX,478,1247974319,479,77
TPRB_RX,479,1250405993,480,78
TPRB_RX,480,1253015373,481,79
TPRB_RX,481,1255622993,482,80
TPRB_RX,482,1258035724,483,81
TPRB_RX,483,1260816513,484,82
TPRB_RX,484,1263228366,485,83
TPRB_RX,485,1265638192,486,84
TPRB_RX,486,1268280808,487,85
TPRB_RX,487,1270879324,488,86
TPRB_RX,488,1273314616,489,87
TPRB_RX,489,1275915467,490,88
TPRB_RX,490,1278516988,491,89
TPRB_RX,491,1280935139,492,90
TPRB_RX,492,1283718552,493,91
TPRB_RX,493,1286313166,494,92
TPRB_RX,494,1288731862,495,93
TPRB_RX,495,1291160854,496,94
TPRB_RX,496,1293760727,497,95
TPRB_RX,497,1296362876,498,96
TPRB_RX,498,1298785225,499,97
TPRB_RX,499,1301386066,500,98
TPRB_RX,500,1303984848,501,99
TPRB_RX,501,1306594548,502,100
TPRB_RX,502,1309004001,503,101
TPRB_RX,503,1311604895,504,102
TPRB_RX,504,1314390605,505,103
TPRB_RX,505,1316999634,506,104
TPRB_RX,506,1319412795,507,105
TPRB_RX,507,1322014806,508,106
TPRB_RX,508,1324429581,509,107
TPRB_RX,509,1327027224,510,108
TPRB_RX,510,1329655499,511,109
TPRB_RX,511,1332068043,512,110
TPRB_RX,512,1334676620,513,111
TPRB_RX,513,1337088549,514,112
TPRB_RX,514,1339684867,515,113
TPRB_RX,515,1342121538,516,114
TPRB_RX,516,1344713772,517,115
TPRB_RX,517,1347309418,518,116
TPRB_RX,518,1349905454,519,117
TPRB_RX,519,1352502958,520,118
TPRB_RX,520,1354930920,521,119
TPRB_RX,521,1357548506,522,120
TPRB_RX,522,1360149624,523,121
TPRB_RX,523,1362753897,524,122
TPRB_RX,524,1365189702,525,123
TPRB_RX,525,1367607930,526,124
TPRB_RX,526,1370216665,527,125
TPRB_RX,527,1372821564,528,126
TPRB_RX,528,1375420894,529,127
TPRB_RX,529,1378030992,530,128
TPRB_RX,530,1380507571,531,129
TPRB_RX,531,1383107156,532,130
TPRB_RX,532,1385515829,533,131
TPRB_RX,533,1388115501,534,132
TPRB_RX,534,1390735319,535,133
TPRB_RX,535,1393338954,536,134
TPRB_RX,536,1395751372,537,135
TPRB_RX,537,1398357413,538,136
TPRB_RX,538,1400960482,539,137
TPRB_RX,539,1403378296,540,138
TPRB_RX,540,1405973113,541,139
TPRB_RX,541,1408571721,542,140
TPRB_RX,542,1411170357,543,141
TPRB_RX,543,1413766688,544,142
TPRB_RX,544,1416366647,545,143
TPRB_RX,545,1418778618,546,144
TPRB_RX,546,1421192226,547,145
TPRB_RX,547,1423788178,548,146
TPRB_RX,548,1426398018,549,147
TPRB_RX,549,1428998826,550,148
TPRB_RX,550,1431428981,551,149
TPRB_RX,551,1434040203,552,150
TPRB_RX,552,1436633188,553,151
TPRB_RX,553,1439055264,554,152
TPRB_RX,554,1441655138,555,153
TPRB_RX,555,1444260066,556,154
TPRB_RX,556,1446861587,557,155
TPRB_RX,557,1449311539,558,156
TPRB_RX,558,1451909876,559,157
TPRB_RX,559,1454515328,560,158
TPRB_RX,560,1456933887,561,159
TPRB_RX,561,1459532117,562,160
TPRB_RX,562,1462133389,563,161
TPRB_RX,563,1464730394,564,162
TPRB_RX,564,1467153053,565,163
TPRB_RX,565,1469756921,566,164
TPRB_RX,566,1472348129,567,165
TPRB_RX,567,1474767750,568,166
TPRB_RX,568,1477361607,569,167
TPRB_RX,569,1479957549,570,168
TPRB_RX,570,1482557211,571,169
TPRB_RX,571,1485159550,572,170
TPRB_RX,572,1487578692,573,171
TPRB_RX,573,1490171044,574,172
TPRB_RX,574,1492789799,575,173
TPRB_RX,575,1495199400,576,174
TPRB_RX,576,1497812332,577,175
TPRB_RX,577,1500409825,578,176
TPRB_RX,578,1502825758,579,177
TPRB_RX,579,1505430936,580,178
TPRB_RX,580,1508214993,581,179
TPRB_RX,581,1510644739,582,180
TPRB_RX,582,1513063711,583,181
TPRB_RX,583,1515659760,584,182
TPRB_RX,584,1518305331,585,183
TPRB_RX,585,1520726523,586,184
TPRB_RX,586,1523506823,587,185
TPRB_RX,587,1525738111,588,186
TPRB_RX,588,1528391575,589,187
TPRB_RX,589,1531005433,590,188
TPRB_RX,590,1533603447,591,189
TPRB_RX,591,1536214594,592,190
TPRB_RX,592,1538461642,593,191
TPRB_RX,593,1541245754,594,192
TPRB_RX,594,1543680239,595,193
TPRB_RX,595,1546310798,596,194
TPRB_RX,596,1548909928,597,195
TPRB_RX,597,1551357716,598,196
TPRB_RX,598,1553953638,599,197
TPRB_RX,599,1556730750,600,198
TPRB_RX,600,1559143285,601,199
TPRB_RX,601,1561555602,602,200
TPRB_RX,602,1563967545,603,0
TPRB_RX,603,1566744152,604,1
TPRB_RX,604,1569163601,605,2
TPRB_RX,605,1571944090,606,3
TPRB_RX,606,1574176994,607,4
TPRB_RX,607,1576799661,608,5
TPRB_RX,608,1579430400,609,6
TPRB_RX,609,1582033428,610,7
TPRB_RX,610,1584444752,611,8
TPRB_RX,611,1587041176,612,9
TPRB_RX,612,1589688827,613,10
TPRB_RX,613,1592115566,614,11
TPRB_RX,614,1594710018,615,12
TPRB_RX,615,1597307078,616,13
TPRB_RX,616,1599726688,617,14
TPRB_RX,617,1602317135,618,15
TPRB_RX,618,1604917503,619,16
TPRB_RX,619,1607519076,620,17
TPRB_RX,620,1609931149,621,18
TPRB_RX,621,1612529018,622,19
TPRB_RX,622,1615129143,623,20
TPRB_RX,623,1617724342,624,21
TPRB_RX,624,1620179885,625,22
TPRB_RX,625,1622787211,626,23
TPRB_RX,626,1625400553,627,24
TPRB_RX,627,1627811323,628,25
TPRB_RX,628,1630411743,629,26
TPRB_RX,629,1633009787,630,27
TPRB_RX,630,1635419756,631,28
TPRB_RX,631,1638014066,632,29
TPRB_RX,632,1640619059,633,30
TPRB_RX,633,1643210312,634,31
TPRB_RX,634,1645809064,635,32
TPRB_RX,635,1648232522,636,33
TPRB_RX,636,1650837847,637,34
TPRB_RX,637,1653450076,638,35
TPRB_RX,638,1655872686,639,36
TPRB_RX,639,1658466491,640,37
TPRB_RX,640,1661064218,641,38
TPRB_RX,641,1663483810,642,39
TPRB_RX,642,1666096153,643,40
TPRB_RX,643,1668689385,644,41
TPRB_RX,644,1671120607,645,42
TPRB_RX,645,1673725136,646,43
TPRB_RX,646,1676315862,647,44
TPRB_RX,647,1678909574,648,45
TPRB_RX,648,1681332031,649,46
TPRB_RX,649,1683925726,650,47
TPRB_RX,650,1686516888,651,48
TPRB_RX,651,1688990575,652,49
TPRB_RX,652,1691784122,653,50
TPRB_RX,653,1694197184,654,51
TPRB_RX,654,1696785892,655,52
TPRB_RX,655,1699240419,656,53
TPRB_APPLY,0,28913171,1,1
TPRB_APPLY,1,31649540,2,2
TPRB_APPLY,2,34386908,3,3
TPRB_APPLY,3,36782105,4,4
TPRB_APPLY,4,39177302,5,5
TPRB_APPLY,5,41914670,6,6
TPRB_APPLY,6,44309867,7,7
TPRB_APPLY,7,46705064,8,8
TPRB_APPLY,8,49442432,9,9
TPRB_APPLY,9,52179800,10,10
TPRB_APPLY,10,54574997,11,11
TPRB_APPLY,11,56970194,12,12
TPRB_APPLY,12,59707562,13,13
TPRB_APPLY,13,62444930,14,14
TPRB_APPLY,14,64840127,15,15
TPRB_APPLY,15,67235324,16,16
TPRB_APPLY,16,69973510,17,17
TPRB_APPLY,17,72367889,18,18
TPRB_APPLY,18,75105257,19,19
TPRB_APPLY,19,77500454,20,20
TPRB_APPLY,20,80237822,21,21
TPRB_APPLY,21,82633019,22,22
TPRB_APPLY,22,85370387,23,23
TPRB_APPLY,23,87765584,24,24
TPRB_APPLY,24,90161428,25,25
TPRB_APPLY,25,92898149,26,26
TPRB_APPLY,26,95293346,27,27
TPRB_APPLY,27,98030714,28,28
TPRB_APPLY,28,100425911,29,29
TPRB_APPLY,29,103163279,30,30
TPRB_APPLY,30,105558476,31,31
TPRB_APPLY,31,107953673,32,32
TPRB_APPLY,32,110691041,33,33
TPRB_APPLY,33,113086238,34,34
TPRB_APPLY,34,115823606,35,35
TPRB_APPLY,35,118560974,36,36
TPRB_APPLY,36,120956171,37,37
TPRB_APPLY,37,123693539,38,38
TPRB_APPLY,38,126088736,39,39
TPRB_APPLY,39,128483933,40,40
TPRB_APPLY,40,131221301,41,41
TPRB_APPLY,41,133616498,42,42
TPRB_APPLY,42,136353866,43,43
TPRB_APPLY,43,138749063,44,44
TPRB_APPLY,44,141486431,45,45
TPRB_APPLY,45,143881628,46,46
TPRB_APPLY,46,146276825,47,47
TPRB_APPLY,47,149014193,48,48
TPRB_APPLY,48,151409390,49,49
TPRB_APPLY,49,154146758,50,50
TPRB_APPLY,50,156541955,51,51
TPRB_APPLY,51,159279323,52,52
TPRB_APPLY,52,162016691,53,53
TPRB_APPLY,53,164069717,54,54
TPRB_APPLY,54,166807085,55,55
TPRB_APPLY,55,169202357,56,56
TPRB_APPLY,56,171939650,57,57
TPRB_APPLY,57,174677018,58,58
TPRB_APPLY,58,177072215,59,59
TPRB_APPLY,59,179467412,60,60
TPRB_APPLY,60,182204780,61,61
TPRB_APPLY,61,184599977,62,62
TPRB_APPLY,62,186995174,63,63
TPRB_APPLY,63,189732542,64,64
TPRB_APPLY,64,192127740,65,65
TPRB_APPLY,65,194865108,66,66
TPRB_APPLY,66,197602476,67,67
TPRB_APPLY,67,199997672,68,68
TPRB_APPLY,68,202392869,69,69
TPRB_APPLY,69,204788066,70,70
TPRB_APPLY,70,207525434,71,71
TPRB_APPLY,71,209920631,72,72
TPRB_APPLY,72,212657999,73,73
TPRB_APPLY,73,215395367,74,74
TPRB_APPLY,74,217790564,75,75
TPRB_APPLY,75,220527932,76,76
TPRB_APPLY,76,222923129,77,77
TPRB_APPLY,77,225318326,78,78
TPRB_APPLY,78,228055694,79,79
TPRB_APPLY,79,230450891,80,80
TPRB_APPLY,80,233189217,81,81
TPRB_APPLY,81,235583456,82,82
TPRB_APPLY,82,238320824,83,83
TPRB_APPLY,83,240716021,84,84
TPRB_APPLY,84,243453389,85,85
TPRB_APPLY,85,245848586,86,86
TPRB_APPLY,86,248585954,87,87
TPRB_APPLY,87,250981151,88,88
TPRB_APPLY,88,253376348,89,89
TPRB_APPLY,89,256113716,90,90
TPRB_APPLY,90,258851084,91,91
TPRB_APPLY,91,261246281,92,92
TPRB_APPLY,92,263642357,93,93
TPRB_APPLY,93,266378846,94,94
TPRB_APPLY,94,268774043,95,95
TPRB_APPLY,95,271169240,96,96
TPRB_APPLY,96,273906608,97,97
TPRB_APPLY,97,276301805,98,98
TPRB_APPLY,98,279039538,99,99
TPRB_APPLY,99,281776541,100,100
TPRB_APPLY,100,284513909,101,101
TPRB_APPLY,101,286566935,102,102
TPRB_APPLY,102,289304303,103,103
TPRB_APPLY,103,291699500,104,104
TPRB_APPLY,104,294436868,105,105
TPRB_APPLY,105,296832065,106,106
TPRB_APPLY,106,299569433,107,107
TPRB_APPLY,107,301964630,108,108
TPRB_APPLY,108,304359827,109,109
TPRB_APPLY,109,307097195,110,110
TPRB_APPLY,110,309834563,111,111
TPRB_APPLY,111,312229760,112,112
TPRB_APPLY,112,314967128,113,113
TPRB_APPLY,113,317362325,114,114
TPRB_APPLY,114,319757522,115,115
TPRB_APPLY,115,322152719,116,116
TPRB_APPLY,116,324890087,117,117
TPRB_APPLY,117,327285284,118,118
TPRB_APPLY,118,330022652,119,119
TPRB_APPLY,119,332417849,120,120
TPRB_APPLY,120,335155216,121,121
TPRB_APPLY,121,337892584,122,122
TPRB_APPLY,122,340287781,123,123
TPRB_APPLY,123,342682978,124,124
TPRB_APPLY,124,345078175,125,125
TPRB_APPLY,125,347815543,126,126
TPRB_APPLY,126,350210740,127,127
TPRB_APPLY,127,352948108,128,128
TPRB_APPLY,128,355685476,129,129
TPRB_APPLY,129,358080673,130,130
TPRB_APPLY,130,360475870,131,131
TPRB_APPLY,131,362872986,132,132
TPRB_APPLY,132,365608435,133,133
TPRB_APPLY,133,368345803,134,134
TPRB_APPLY,134,370741000,135,135
TPRB_APPLY,135,373478368,136,136
TPRB_APPLY,136,375873565,137,137
TPRB_APPLY,137,378611466,138,138
TPRB_APPLY,138,381006130,139,139
TPRB_APPLY,139,383403045,140,140
TPRB_APPLY,140,386138695,141,141
TPRB_APPLY,141,388533892,142,142
TPRB_APPLY,142,391271260,143,143
TPRB_APPLY,143,393666457,144,144
TPRB_APPLY,144,396404747,145,145
TPRB_APPLY,145,398799022,146,146
TPRB_APPLY,146,401536390,147,147
TPRB_APPLY,147,403931587,148,148
TPRB_APPLY,148,406326784,149,149
TPRB_APPLY,149,409064152,150,150
TPRB_APPLY,150,411459349,151,151
TPRB_APPLY,151,414197346,152,152
TPRB_APPLY,152,416591914,153,153
TPRB_APPLY,153,419329282,154,154
TPRB_APPLY,154,421724479,155,155
TPRB_APPLY,155,424461847,156,156
TPRB_APPLY,156,426857044,157,157
TPRB_APPLY,157,429252241,158,158
TPRB_APPLY,158,431989609,159,159
TPRB_APPLY,159,434384806,160,160
TPRB_APPLY,160,437122174,161,161
TPRB_APPLY,161,439859542,162,162
TPRB_APPLY,162,442254739,163,163
TPRB_APPLY,163,444993028,164,164
TPRB_APPLY,164,447387304,165,165
TPRB_APPLY,165,449782501,166,166
TPRB_APPLY,166,452519869,167,167
TPRB_APPLY,167,454915915,168,168
TPRB_APPLY,168,457652434,169,169
TPRB_APPLY,169,460047631,170,170
TPRB_APPLY,170,462784999,171,171
TPRB_APPLY,171,465180196,172,172
TPRB_APPLY,172,467575393,173,173
TPRB_APPLY,173,470312761,174,174
TPRB_APPLY,174,472707958,175,175
TPRB_APPLY,175,475445326,176,176
TPRB_APPLY,176,477840523,177,177
TPRB_APPLY,177,480577891,178,178
TPRB_APPLY,178,482973088,179,179
TPRB_APPLY,179,485368285,180,180
TPRB_APPLY,180,488105653,181,181
TPRB_APPLY,181,490500850,182,182
TPRB_APPLY,182,493238218,183,183
TPRB_APPLY,183,495633415,184,184
TPRB_APPLY,184,498370783,185,185
TPRB_APPLY,185,501108151,186,186
TPRB_APPLY,186,503161177,187,187
TPRB_APPLY,187,505898545,188,188
TPRB_APPLY,188,508635913,189,189
TPRB_APPLY,189,511031110,190,190
TPRB_APPLY,190,513426307,191,191
TPRB_APPLY,191,516163675,192,192
TPRB_APPLY,192,518558872,193,193
TPRB_APPLY,193,521296240,194,194
TPRB_APPLY,194,524033608,195,195
TPRB_APPLY,195,526428805,196,196
TPRB_APPLY,196,528824002,197,197
TPRB_APPLY,197,531561370,198,198
TPRB_APPLY,198,533956567,199,199
TPRB_APPLY,199,536693935,200,200
TPRB_APPLY,200,539089132,201,0
TPRB_APPLY,201,541826500,202,1
TPRB_APPLY,202,544221697,203,2
TPRB_APPLY,203,546616894,204,3
TPRB_APPLY,204,549354262,205,4
TPRB_APPLY,205,551749459,206,5
TPRB_APPLY,206,554486828,207,6
TPRB_APPLY,207,556882024,208,7
TPRB_APPLY,208,559619392,209,8
TPRB_APPLY,209,562014589,210,9
TPRB_APPLY,210,564751957,211,10
TPRB_APPLY,211,567147154,212,11
TPRB_APPLY,212,569542351,213,12
TPRB_APPLY,213,572279719,214,13
TPRB_APPLY,214,575017087,215,14
TPRB_APPLY,215,577412284,216,15
TPRB_APPLY,216,579807481,217,16
TPRB_APPLY,217,582544849,218,17
TPRB_APPLY,218,584940046,219,18
TPRB_APPLY,219,587677414,220,19
TPRB_APPLY,220,590072611,221,20
TPRB_APPLY,221,592467808,222,21
TPRB_APPLY,222,595547347,223,22
TPRB_APPLY,223,597942544,224,23
TPRB_APPLY,224,600337741,225,24
TPRB_APPLY,225,603075109,226,25
TPRB_APPLY,226,605470306,227,26
TPRB_APPLY,227,607865503,228,27
TPRB_APPLY,228,610602871,229,28
TPRB_APPLY,229,613340239,230,29
TPRB_APPLY,230,615735436,231,30
TPRB_APPLY,231,618130633,232,31
TPRB_APPLY,232,620525830,233,32
TPRB_APPLY,233,623263198,234,33
TPRB_APPLY,234,625658395,235,34
TPRB_APPLY,235,628737934,236,35
TPRB_APPLY,236,631133131,237,36
TPRB_APPLY,237,633528328,238,37
TPRB_APPLY,238,636265696,239,38
TPRB_APPLY,239,638660893,240,39
TPRB_APPLY,240,641056090,241,40
TPRB_APPLY,241,643794236,242,41
TPRB_APPLY,242,646189685,243,42
TPRB_APPLY,243,648926023,244,43
TPRB_APPLY,244,651321220,245,44
TPRB_APPLY,245,654058588,246,45
TPRB_APPLY,246,656453785,247,46
TPRB_APPLY,247,658848982,248,47
TPRB_APPLY,248,661586350,249,48
TPRB_APPLY,249,663981547,250,49
TPRB_APPLY,250,666718915,251,50
TPRB_APPLY,251,669114112,252,51
TPRB_APPLY,252,671851480,253,52
TPRB_APPLY,253,674246677,254,53
TPRB_APPLY,254,676984045,255,54
TPRB_APPLY,255,679379242,256,55
TPRB_APPLY,256,681774496,257,56
TPRB_APPLY,257,684511807,258,57
TPRB_APPLY,258,687249175,259,58
TPRB_APPLY,259,689644372,260,59
TPRB_APPLY,260,692039569,261,60
TPRB_APPLY,261,694776937,262,61
TPRB_APPLY,262,697172134,263,62
TPRB_APPLY,263,699567331,264,63
TPRB_APPLY,264,702304699,265,64
TPRB_APPLY,265,705042067,266,65
TPRB_APPLY,266,707437264,267,66
TPRB_APPLY,267,709832461,268,67
TPRB_APPLY,268,712569829,269,68
TPRB_APPLY,269,714965776,270,69
TPRB_APPLY,270,717702394,271,70
TPRB_APPLY,271,720097591,272,71
TPRB_APPLY,272,722834959,273,72
TPRB_APPLY,273,725230156,274,73
TPRB_APPLY,274,727967524,275,74
TPRB_APPLY,275,730362721,276,75
TPRB_APPLY,276,732757918,277,76
TPRB_APPLY,277,735495286,278,77
TPRB_APPLY,278,737890483,279,78
TPRB_APPLY,279,740627851,280,79
TPRB_APPLY,280,743023048,281,80
TPRB_APPLY,281,745760416,282,81
TPRB_APPLY,282,748155613,283,82
TPRB_APPLY,283,750892981,284,83
TPRB_APPLY,284,753288178,285,84
TPRB_APPLY,285,755683375,286,85
TPRB_APPLY,286,758420743,287,86
TPRB_APPLY,287,761158111,288,87
TPRB_APPLY,288,763553308,289,88
TPRB_APPLY,289,766290676,290,89
TPRB_APPLY,290,768685873,291,90
TPRB_APPLY,291,771081070,292,91
TPRB_APPLY,292,773476267,293,92
TPRB_APPLY,293,776214366,294,93
TPRB_APPLY,294,778951003,295,94
TPRB_APPLY,295,781346200,296,95
TPRB_APPLY,296,784083568,297,96
TPRB_APPLY,297,786478765,298,97
TPRB_APPLY,298,788873962,299,98
TPRB_APPLY,299,791611330,300,99
TPRB_APPLY,300,794006527,301,100
TPRB_APPLY,301,796743895,302,101
TPRB_APPLY,302,799481263,303,102
TPRB_APPLY,303,801876460,304,103
TPRB_APPLY,304,804271657,305,104
TPRB_APPLY,305,806666854,306,105
TPRB_APPLY,306,809404222,307,106
TPRB_APPLY,307,812141590,308,107
TPRB_APPLY,308,814536787,309,108
TPRB_APPLY,309,816931984,310,109
TPRB_APPLY,310,819669352,311,110
TPRB_APPLY,311,822065336,312,111
TPRB_APPLY,312,824801917,313,112
TPRB_APPLY,313,827197114,314,113
TPRB_APPLY,314,829934482,315,114
TPRB_APPLY,315,832329679,316,115
TPRB_APPLY,316,835067047,317,116
TPRB_APPLY,317,837462244,318,117
TPRB_APPLY,318,839857441,319,118
TPRB_APPLY,319,842594809,320,119
TPRB_APPLY,320,844990012,321,120
TPRB_APPLY,321,847727374,322,121
TPRB_APPLY,322,850464742,323,122
TPRB_APPLY,323,852859939,324,123
TPRB_APPLY,324,855597307,325,124
TPRB_APPLY,325,857992504,326,125
TPRB_APPLY,326,860387701,327,126
TPRB_APPLY,327,863125069,328,127
TPRB_APPLY,328,865520266,329,128
TPRB_APPLY,329,867915463,330,129
TPRB_APPLY,330,870652889,331,130
TPRB_APPLY,331,873390199,332,131
TPRB_APPLY,332,875785396,333,132
TPRB_APPLY,333,878180593,334,133
TPRB_APPLY,334,880917961,335,134
TPRB_APPLY,335,883313158,336,135
TPRB_APPLY,336,886050526,337,136
TPRB_APPLY,337,888445723,338,137
TPRB_APPLY,338,891183091,339,138
TPRB_APPLY,339,893578288,340,139
TPRB_APPLY,340,896315656,341,140
TPRB_APPLY,341,898710853,342,141
TPRB_APPLY,342,901106050,343,142
TPRB_APPLY,343,903843418,344,143
TPRB_APPLY,344,906238615,345,144
TPRB_APPLY,345,908975985,346,145
TPRB_APPLY,346,911371180,347,146
TPRB_APPLY,347,914108548,348,147
TPRB_APPLY,348,916503745,349,148
TPRB_APPLY,349,919241113,350,149
TPRB_APPLY,350,921636310,351,150
TPRB_APPLY,351,924373678,352,151
TPRB_APPLY,352,926768875,353,152
TPRB_APPLY,353,929506243,354,153
TPRB_APPLY,354,931901440,355,154
TPRB_APPLY,355,934296637,356,155
TPRB_APPLY,356,937034005,357,156
TPRB_APPLY,357,939429202,358,157
TPRB_APPLY,358,941824399,359,158
TPRB_APPLY,359,944561767,360,159
TPRB_APPLY,360,947299135,361,160
TPRB_APPLY,361,949694332,362,161
TPRB_APPLY,362,952089529,363,162
TPRB_APPLY,363,954826897,364,163
TPRB_APPLY,364,957564265,365,164
TPRB_APPLY,365,959959462,366,165
TPRB_APPLY,366,962696830,367,166
TPRB_APPLY,367,965092027,368,167
TPRB_APPLY,368,967829395,369,168
TPRB_APPLY,369,970224592,370,169
TPRB_APPLY,370,972619789,371,170
TPRB_APPLY,371,975014986,372,171
TPRB_APPLY,372,977752354,373,172
TPRB_APPLY,373,980490645,374,173
TPRB_APPLY,374,982884919,375,174
TPRB_APPLY,375,985622287,376,175
TPRB_APPLY,376,988017484,377,176
TPRB_APPLY,377,990754852,378,177
TPRB_APPLY,378,993150049,379,178
TPRB_APPLY,379,995887417,380,179
TPRB_APPLY,380,998282614,381,180
TPRB_APPLY,381,1000677811,382,181
TPRB_APPLY,382,1003415179,383,182
TPRB_APPLY,383,1005810378,384,183
TPRB_APPLY,384,1008205572,385,184
TPRB_APPLY,385,1010942940,386,185
TPRB_APPLY,386,1013338137,387,186
TPRB_APPLY,387,1016075505,388,187
TPRB_APPLY,388,1018812873,389,188
TPRB_APPLY,389,1021208070,390,189
TPRB_APPLY,390,1023603267,391,190
TPRB_APPLY,391,1025998464,392,191
TPRB_APPLY,392,1028735832,393,192
TPRB_APPLY,393,1031473226,394,193
TPRB_APPLY,394,1033868397,395,194
TPRB_APPLY,395,1036605765,396,195
TPRB_APPLY,396,1039001874,397,196
TPRB_APPLY,397,1041396159,398,197
TPRB_APPLY,398,1043791615,399,198
TPRB_APPLY,399,1046528724,400,199
TPRB_APPLY,400,1048923921,401,200
TPRB_APPLY,401,1051661289,402,0
TPRB_APPLY,402,1054398657,403,1
TPRB_APPLY,403,1056793854,404,2
TPRB_APPLY,404,1059531222,405,3
TPRB_APPLY,405,1061926419,406,4
TPRB_APPLY,406,1064322088,407,5
TPRB_APPLY,407,1067058984,408,6
TPRB_APPLY,408,1069796352,409,7
TPRB_APPLY,409,1072191549,410,8
TPRB_APPLY,410,1074586746,411,9
TPRB_APPLY,411,1077324114,412,10
TPRB_APPLY,412,1079719311,413,11
TPRB_APPLY,413,1082456679,414,12
TPRB_APPLY,414,1084851876,415,13
TPRB_APPLY,415,1087247073,416,14
TPRB_APPLY,416,1089984441,417,15
TPRB_APPLY,417,1092379639,418,16
TPRB_APPLY,418,1095117007,419,17
TPRB_APPLY,419,1097512203,420,18
TPRB_APPLY,420,1100249571,421,19
TPRB_APPLY,421,1102644768,422,20
TPRB_APPLY,422,1105382136,423,21
TPRB_APPLY,423,1107777333,424,22
TPRB_APPLY,424,1110514701,425,23
TPRB_APPLY,425,1112909898,426,24
TPRB_APPLY,426,1115647266,427,25
TPRB_APPLY,427,1118042463,428,26
TPRB_APPLY,428,1120437660,429,27
TPRB_APPLY,429,1123175028,430,28
TPRB_APPLY,430,1125570728,431,29
TPRB_APPLY,431,1128307593,432,30
TPRB_APPLY,432,1130702790,433,31
TPRB_APPLY,433,1133440158,434,32
TPRB_APPLY,434,1135835355,435,33
TPRB_APPLY,435,1138572723,436,34
TPRB_APPLY,436,1140967920,437,35
TPRB_APPLY,437,1143705288,438,36
TPRB_APPLY,438,1146100485,439,37
TPRB_APPLY,439,1148495682,440,38
TPRB_APPLY,440,1151233050,441,39
TPRB_APPLY,441,1153970418,442,40
TPRB_APPLY,442,1156365615,443,41
TPRB_APPLY,443,1158760812,444,42
TPRB_APPLY,444,1161498180,445,43
TPRB_APPLY,445,1163894020,446,44
TPRB_APPLY,446,1166288574,447,45
TPRB_APPLY,447,1169025942,448,46
TPRB_APPLY,448,1171763310,449,47
TPRB_APPLY,449,1174158507,450,48
TPRB_APPLY,450,1176553704,451,49
TPRB_APPLY,451,1179291072,452,50
TPRB_APPLY,452,1181686269,453,51
TPRB_APPLY,453,1184423636,454,52
TPRB_APPLY,454,1186818833,455,53
TPRB_APPLY,455,1189556201,456,54
TPRB_APPLY,456,1191951398,457,55
TPRB_APPLY,457,1194346595,458,56
TPRB_APPLY,458,1197083963,459,57
TPRB_APPLY,459,1199479160,460,58
TPRB_APPLY,460,1202216528,461,59
TPRB_APPLY,461,1204611725,462,60
TPRB_APPLY,462,1207349093,463,61
TPRB_APPLY,463,1209744290,464,62
TPRB_APPLY,464,1212481658,465,63
TPRB_APPLY,465,1215219026,466,64
TPRB_APPLY,466,1217614223,467,65
TPRB_APPLY,467,1220009420,468,66
TPRB_APPLY,468,1222404617,469,67
TPRB_APPLY,469,1225141985,470,68
TPRB_APPLY,470,1227879353,471,69
TPRB_APPLY,471,1230274550,472,70
TPRB_APPLY,472,1232669747,473,71
TPRB_APPLY,473,1235407115,474,72
TPRB_APPLY,474,1237802312,475,73
TPRB_APPLY,475,1240197509,476,74
TPRB_APPLY,476,1242934877,477,75
TPRB_APPLY,477,1245672245,478,76
TPRB_APPLY,478,1248067442,479,77
TPRB_APPLY,479,1250462639,480,78
TPRB_APPLY,480,1253200007,481,79
TPRB_APPLY,481,1255937375,482,80
TPRB_APPLY,482,1258332572,483,81
TPRB_APPLY,483,1261069940,484,82
TPRB_APPLY,484,1263465137,485,83
TPRB_APPLY,485,1265860334,486,84
TPRB_APPLY,486,1268597702,487,85
TPRB_APPLY,487,1270992899,488,86
TPRB_APPLY,488,1273388096,489,87
TPRB_APPLY,489,1276125464,490,88
TPRB_APPLY,490,1278520661,491,89
TPRB_APPLY,491,1281258029,492,90
TPRB_APPLY,492,1283995397,493,91
TPRB_APPLY,493,1286390594,494,92
TPRB_APPLY,494,1288785790,495,93
TPRB_APPLY,495,1291180987,496,94
TPRB_APPLY,496,1293918355,497,95
TPRB_APPLY,497,1296655723,498,96
TPRB_APPLY,498,1299050920,499,97
TPRB_APPLY,499,1301446117,500,98
TPRB_APPLY,500,1304183485,501,99
TPRB_APPLY,501,1306920853,502,100
TPRB_APPLY,502,1309316050,503,101
TPRB_APPLY,503,1311711247,504,102
TPRB_APPLY,504,1314449532,505,103
TPRB_APPLY,505,1317185983,506,104
TPRB_APPLY,506,1319581180,507,105
TPRB_APPLY,507,1322318548,508,106
TPRB_APPLY,508,1324713745,509,107
TPRB_APPLY,509,1327108942,510,108
TPRB_APPLY,510,1329846310,511,109
TPRB_APPLY,511,1332241507,512,110
TPRB_APPLY,512,1334979677,513,111
TPRB_APPLY,513,1337374072,514,112
TPRB_APPLY,514,1339769269,515,113
TPRB_APPLY,515,1342164466,516,114
TPRB_APPLY,516,1344901834,517,115
TPRB_APPLY,517,1347639202,518,116
TPRB_APPLY,518,1350034399,519,117
TPRB_APPLY,519,1352771767,520,118
TPRB_APPLY,520,1355166964,521,119
TPRB_APPLY,521,1357562161,522,120
TPRB_APPLY,522,1360299530,523,121
TPRB_APPLY,523,1363036897,524,122
TPRB_APPLY,524,1365432094,525,123
TPRB_APPLY,525,1367827291,526,124
TPRB_APPLY,526,1370222488,527,125
TPRB_APPLY,527,1372959856,528,126
TPRB_APPLY,528,1375697224,529,127
TPRB_APPLY,529,1378092421,530,128
TPRB_APPLY,530,1380829789,531,129
TPRB_APPLY,531,1383224986,532,130
TPRB_APPLY,532,1385620183,533,131
TPRB_APPLY,533,1388357551,534,132
TPRB_APPLY,534,1390752748,535,133
TPRB_APPLY,535,1393490116,536,134
TPRB_APPLY,536,1395885314,537,135
TPRB_APPLY,537,1398622681,538,136
TPRB_APPLY,538,1401017878,539,137
TPRB_APPLY,539,1403413075,540,138
TPRB_APPLY,540,1406150443,541,139
TPRB_APPLY,541,1408887811,542,140
TPRB_APPLY,542,1411283008,543,141
TPRB_APPLY,543,1414020376,544,142
TPRB_APPLY,544,1416416471,545,143
TPRB_APPLY,545,1418810770,546,144
TPRB_APPLY,546,1421205967,547,145
TPRB_APPLY,547,1423943335,548,146
TPRB_APPLY,548,1426680703,549,147
TPRB_APPLY,549,1429075900,550,148
TPRB_APPLY,550,1431471097,551,149
TPRB_APPLY,551,1434208465,552,150
TPRB_APPLY,552,1436945833,553,151
TPRB_APPLY,553,1439341030,554,152
TPRB_APPLY,554,1441736227,555,153
TPRB_APPLY,555,1444473595,556,154
TPRB_APPLY,556,1446868792,557,155
TPRB_APPLY,557,1449606160,558,156
TPRB_APPLY,558,1452001357,559,157
TPRB_APPLY,559,1454738725,560,158
TPRB_APPLY,560,1457133922,561,159
TPRB_APPLY,561,1459871290,562,160
TPRB_APPLY,562,1462266487,563,161
TPRB_APPLY,563,1465003855,564,162
TPRB_APPLY,564,1467399052,565,163
TPRB_APPLY,565,1469794249,566,164
TPRB_APPLY,566,1472531617,567,165
TPRB_APPLY,567,1474926814,568,166
TPRB_APPLY,568,1477664182,569,167
TPRB_APPLY,569,1480059379,570,168
TPRB_APPLY,570,1482796747,571,169
TPRB_APPLY,571,1485191944,572,170
TPRB_APPLY,572,1487587141,573,171
TPRB_APPLY,573,1490324509,574,172
TPRB_APPLY,574,1493061877,575,173
TPRB_APPLY,575,1495457074,576,174
TPRB_APPLY,576,1497852271,577,175
TPRB_APPLY,577,1500589639,578,176
TPRB_APPLY,578,1502984836,579,177
TPRB_APPLY,579,1505722204,580,178
TPRB_APPLY,580,1508459572,581,179
TPRB_APPLY,581,1510854769,582,180
TPRB_APPLY,582,1513249966,583,181
TPRB_APPLY,583,1515987334,584,182
TPRB_APPLY,584,1518382531,585,183
TPRB_APPLY,585,1520778757,586,184
TPRB_APPLY,586,1523515096,587,185
TPRB_APPLY,587,1525910293,588,186
TPRB_APPLY,588,1528647661,589,187
TPRB_APPLY,589,1531042858,590,188
TPRB_APPLY,590,1533780226,591,189
TPRB_APPLY,591,1536517594,592,190
TPRB_APPLY,592,1538570620,593,191
TPRB_APPLY,593,1541307988,594,192
TPRB_APPLY,594,1543703185,595,193
TPRB_APPLY,595,1546440553,596,194
TPRB_APPLY,596,1549177921,597,195
TPRB_APPLY,597,1551573118,598,196
TPRB_APPLY,598,1553968315,599,197
TPRB_APPLY,599,1557047854,600,198
TPRB_APPLY,600,1559443051,601,199
TPRB_APPLY,601,1561838248,602,200
TPRB_APPLY,602,1564234480,603,0
TPRB_APPLY,603,1566970813,604,1
TPRB_APPLY,604,1569366010,605,2
TPRB_APPLY,605,1572103378,606,3
TPRB_APPLY,606,1574498575,607,4
TPRB_APPLY,607,1576893772,608,5
TPRB_APPLY,608,1579631140,609,6
TPRB_APPLY,609,1582368508,610,7
TPRB_APPLY,610,1584763705,611,8
TPRB_APPLY,611,1587158902,612,9
TPRB_APPLY,612,1589896270,613,10
TPRB_APPLY,613,1592291467,614,11
TPRB_APPLY,614,1595028835,615,12
TPRB_APPLY,615,1597424032,616,13
TPRB_APPLY,616,1599819229,617,14
TPRB_APPLY,617,1602556597,618,15
TPRB_APPLY,618,1604951794,619,16
TPRB_APPLY,619,1607689162,620,17
TPRB_APPLY,620,1610084359,621,18
TPRB_APPLY,621,1612821727,622,19
TPRB_APPLY,622,1615217946,623,20
TPRB_APPLY,623,1617954292,624,21
TPRB_APPLY,624,1620349489,625,22
TPRB_APPLY,625,1623086857,626,23
TPRB_APPLY,626,1625482054,627,24
TPRB_APPLY,627,1627877563,628,25
TPRB_APPLY,628,1630614619,629,26
TPRB_APPLY,629,1633011791,630,27
TPRB_APPLY,630,1635747184,631,28
TPRB_APPLY,631,1638142381,632,29
TPRB_APPLY,632,1640879749,633,30
TPRB_APPLY,633,1643274946,634,31
TPRB_APPLY,634,1646012314,635,32
TPRB_APPLY,635,1648407511,636,33
TPRB_APPLY,636,1651144879,637,34
TPRB_APPLY,637,1653540076,638,35
TPRB_APPLY,638,1655935273,639,36
TPRB_APPLY,639,1658672641,640,37
TPRB_APPLY,640,1661067838,641,38
TPRB_APPLY,641,1663805206,642,39
TPRB_APPLY,642,1666200403,643,40
TPRB_APPLY,643,1668937771,644,41
TPRB_APPLY,644,1671332968,645,42
TPRB_APPLY,645,1673728165,646,43
TPRB_APPLY,646,1676465533,647,44
TPRB_APPLY,647,1679202901,648,45
TPRB_APPLY,648,1681598098,649,46
TPRB_APPLY,649,1683993295,650,47
TPRB_APPLY,650,1686730663,651,48
TPRB_APPLY,651,1689125860,652,49
TPRB_APPLY,652,1691863228,653,50
TPRB_APPLY,653,1694258425,654,51
TPRB_APPLY,654,1696995793,655,52
TPRB_APPLY,655,1699390990,656,53
TPRB_END,rx=656,apply=656,filtered=0,rx_overflow=0,apply_overflow=0,apply_race=0
TPRB_STATS,frame=656,valid=656,checksum_error=0,irq=48470,rxirq=47232,byte=47232
TPRB_STATS_ERR,pe=0,fe=0,ne=0,ore=0
