# ST-Link HOTPLUG post-capture SRAM; build=1789867492; state=3
TPRB_BEGIN,version=1,clock_hz=170000000,duration_cycles=1700000000
TPRB_RX,0,44152064,1,1
TPRB_RX,1,44349494,2,2
TPRB_RX,2,44541198,3,3
TPRB_RX,3,44728393,4,4
TPRB_RX,4,44914990,5,5
TPRB_RX,5,45101619,6,6
TPRB_RX,6,61599917,7,7
TPRB_RX,7,61791455,8,8
TPRB_RX,8,61978701,9,9
TPRB_RX,9,62166158,10,10
TPRB_RX,10,62353295,11,11
TPRB_RX,11,62540434,12,12
TPRB_RX,12,62727349,13,13
TPRB_RX,13,79048380,14,14
TPRB_RX,14,79240799,15,15
TPRB_RX,15,79428014,16,16
TPRB_RX,16,79618593,17,17
TPRB_RX,17,79810704,18,18
TPRB_RX,18,79998617,19,19
TPRB_RX,19,80185097,20,20
TPRB_RX,20,96502560,21,21
TPRB_RX,21,96693588,22,22
TPRB_RX,22,96880173,23,23
TPRB_RX,23,97067438,24,24
TPRB_RX,24,97254393,25,25
TPRB_RX,25,97440820,26,26
TPRB_RX,26,97627820,27,27
TPRB_RX,27,113951406,28,28
TPRB_RX,28,114149647,29,29
TPRB_RX,29,114337983,30,30
TPRB_RX,30,114525206,31,31
TPRB_RX,31,114711950,32,32
TPRB_RX,32,114902177,33,33
TPRB_RX,33,115091837,34,34
TPRB_RX,34,131219515,35,35
TPRB_RX,35,131410688,36,36
TPRB_RX,36,131598206,37,37
TPRB_RX,37,131784826,38,38
TPRB_RX,38,131971896,39,39
TPRB_RX,39,132158323,40,40
TPRB_RX,40,132345282,41,41
TPRB_RX,41,148675101,42,42
TPRB_RX,42,148866241,43,43
TPRB_RX,43,149052458,44,44
TPRB_RX,44,149238534,45,45
TPRB_RX,45,149425527,46,46
TPRB_RX,46,149617984,47,47
TPRB_RX,47,166098783,48,48
TPRB_RX,48,166290415,49,49
TPRB_RX,49,166477596,50,50
TPRB_RX,50,166667176,51,51
TPRB_RX,51,166853362,52,52
TPRB_RX,52,167039647,53,53
TPRB_RX,53,167227022,54,54
TPRB_RX,54,183528057,55,55
TPRB_RX,55,183719085,56,56
TPRB_RX,56,183908746,57,57
TPRB_RX,57,184098824,58,58
TPRB_RX,58,184285834,59,59
TPRB_RX,59,184472170,60,60
TPRB_RX,60,184658370,61,61
TPRB_RX,61,200965047,62,62
TPRB_RX,62,201155659,63,63
TPRB_RX,63,201341916,64,64
TPRB_RX,64,201530498,65,65
TPRB_RX,65,201719028,66,66
TPRB_RX,66,201905989,67,67
TPRB_RX,67,202092001,68,68
TPRB_RX,68,218392658,69,69
TPRB_RX,69,218583090,70,70
TPRB_RX,70,218769528,71,71
TPRB_RX,71,218955604,72,72
TPRB_RX,72,219141578,73,73
TPRB_RX,73,219328340,74,74
TPRB_RX,74,219517072,75,75
TPRB_RX,75,235825575,76,76
TPRB_RX,76,236016276,77,77
TPRB_RX,77,236202624,78,78
TPRB_RX,78,236388996,79,79
TPRB_RX,79,236574998,80,80
TPRB_RX,80,236760853,81,81
TPRB_RX,81,236946629,82,82
TPRB_RX,82,270675100,83,83
TPRB_RX,83,270866304,84,84
TPRB_RX,84,271052955,85,85
TPRB_RX,85,271243501,86,86
TPRB_RX,86,271431170,87,87
TPRB_RX,87,271799135,88,88
TPRB_RX,88,272347097,91,91
TPRB_RX,89,272533354,92,92
TPRB_RX,90,272719679,93,93
TPRB_RX,91,273268807,95,95
TPRB_RX,92,287944970,96,96
TPRB_RX,93,288135881,97,97
TPRB_RX,94,288503049,98,98
TPRB_RX,95,288689187,99,99
TPRB_RX,96,288878259,100,100
TPRB_RX,97,289065600,101,101
TPRB_RX,98,289434159,102,102
TPRB_RX,99,305556013,103,103
TPRB_RX,100,305747359,104,104
TPRB_RX,101,305934704,105,105
TPRB_RX,102,306304993,107,107
TPRB_RX,103,306854156,109,109
TPRB_RX,104,322787902,110,110
TPRB_RX,105,323158079,111,111
TPRB_RX,106,323344944,112,112
TPRB_RX,107,323532847,113,113
TPRB_RX,108,323719918,114,114
TPRB_RX,109,323905956,115,115
TPRB_RX,110,324272986,116,116
TPRB_RX,111,340207618,117,117
TPRB_RX,112,340398273,118,118
TPRB_RX,113,340584562,119,119
TPRB_RX,114,340770542,120,120
TPRB_RX,115,340956501,121,121
TPRB_RX,116,341144005,122,122
TPRB_RX,117,357634484,123,123
TPRB_RX,118,357824892,124,124
TPRB_RX,119,358014218,125,125
TPRB_RX,120,358200316,126,126
TPRB_RX,121,358386157,127,127
TPRB_RX,122,358572126,128,128
TPRB_RX,123,358758185,129,129
TPRB_RX,124,375058087,130,130
TPRB_RX,125,375248819,131,131
TPRB_RX,126,375440081,132,132
TPRB_RX,127,375627176,133,133
TPRB_RX,128,375817247,134,134
TPRB_RX,129,376003460,135,135
TPRB_RX,130,376189259,136,136
TPRB_RX,131,392485659,137,137
TPRB_RX,132,392675896,138,138
TPRB_RX,133,392862351,139,139
TPRB_RX,134,393049417,140,140
TPRB_RX,135,393238528,141,141
TPRB_RX,136,393428716,142,142
TPRB_RX,137,393614832,143,143
TPRB_RX,138,409915674,144,144
TPRB_RX,139,410106074,145,145
TPRB_RX,140,410292460,146,146
TPRB_RX,141,410478481,147,147
TPRB_RX,142,410664622,148,148
TPRB_RX,143,410851665,149,149
TPRB_RX,144,411039564,150,150
TPRB_RX,145,427356710,151,151
TPRB_RX,146,427550334,152,152
TPRB_RX,147,427738187,153,153
TPRB_RX,148,427924674,154,154
TPRB_RX,149,428291785,155,155
TPRB_RX,150,428478576,156,156
TPRB_RX,151,428665930,157,157
TPRB_RX,152,444603910,158,158
TPRB_RX,153,444975864,159,159
TPRB_RX,154,445166335,160,160
TPRB_RX,155,445538477,162,162
TPRB_RX,156,445908779,163,163
TPRB_RX,157,462028052,164,164
TPRB_RX,158,462218761,165,165
TPRB_RX,159,462588371,166,166
TPRB_RX,160,462957257,168,168
TPRB_RX,161,463328488,169,169
TPRB_RX,162,463517298,170,170
TPRB_RX,163,479491288,171,171
TPRB_RX,164,479683908,172,172
TPRB_RX,165,479872393,173,173
TPRB_RX,166,480239208,174,174
TPRB_RX,167,480425291,175,175
TPRB_RX,168,480611955,176,176
TPRB_RX,169,480798955,177,177
TPRB_RX,170,496913014,178,178
TPRB_RX,171,497107873,179,179
TPRB_RX,172,497296052,180,180
TPRB_RX,173,497483604,181,181
TPRB_RX,174,497669786,182,182
TPRB_RX,175,497855811,183,183
TPRB_RX,176,498041943,184,184
TPRB_RX,177,514346247,185,185
TPRB_RX,178,514536964,186,186
TPRB_RX,179,514723136,187,187
TPRB_RX,180,514909626,188,188
TPRB_RX,181,515097414,189,189
TPRB_RX,182,515284998,190,190
TPRB_RX,183,515470955,191,191
TPRB_RX,184,531765092,192,192
TPRB_RX,185,531949340,193,193
TPRB_RX,186,532135835,194,194
TPRB_RX,187,532502372,196,196
TPRB_RX,188,532692528,197,197
TPRB_RX,189,532880715,198,198
TPRB_RX,190,549212653,199,199
TPRB_RX,191,549420433,200,200
TPRB_RX,192,549617506,201,0
TPRB_RX,193,549821326,202,1
TPRB_RX,194,550016444,203,2
TPRB_RX,195,550210871,204,3
TPRB_RX,196,566615935,205,4
TPRB_RX,197,566823993,206,5
TPRB_RX,198,567021322,207,6
TPRB_RX,199,567220507,209,8
TPRB_RX,200,567417208,210,9
TPRB_RX,201,567612771,211,10
TPRB_RX,202,584036950,212,11
TPRB_RX,203,584237417,213,12
TPRB_RX,204,584432413,214,13
TPRB_RX,205,584633411,215,14
TPRB_RX,206,601384561,216,15
TPRB_RX,207,601586424,217,16
TPRB_RX,208,601781562,218,17
TPRB_RX,209,601976198,219,18
TPRB_RX,210,602170988,220,19
TPRB_RX,211,602366010,221,20
TPRB_RX,212,602561892,222,21
TPRB_RX,213,602761859,223,22
TPRB_RX,214,602958620,224,23
TPRB_RX,215,603153109,225,24
TPRB_RX,216,618832431,226,25
TPRB_RX,217,619035126,227,26
TPRB_RX,218,619233950,228,27
TPRB_RX,219,619431734,230,29
TPRB_RX,220,619626787,231,30
TPRB_RX,221,619821884,232,31
TPRB_RX,222,636243640,233,32
TPRB_RX,223,636445254,234,33
TPRB_RX,224,636639729,235,34
TPRB_RX,225,636837112,236,35
TPRB_RX,226,637038944,238,37
TPRB_RX,227,637235963,239,38
TPRB_RX,228,653503052,240,39
TPRB_RX,229,653704714,241,40
TPRB_RX,230,653900407,242,41
TPRB_RX,231,654094950,243,42
TPRB_RX,232,654289161,244,43
TPRB_RX,233,654486046,245,44
TPRB_RX,234,670926225,246,45
TPRB_RX,235,671138141,247,46
TPRB_RX,236,671334460,248,47
TPRB_RX,237,671529292,249,48
TPRB_RX,238,671724113,250,49
TPRB_RX,239,671918209,251,50
TPRB_RX,240,672117046,252,51
TPRB_RX,241,688375475,253,52
TPRB_RX,242,688576447,254,53
TPRB_RX,243,688773508,255,54
TPRB_RX,244,688973003,256,55
TPRB_RX,245,689169481,257,56
TPRB_RX,246,689364244,258,57
TPRB_RX,247,689558399,259,58
TPRB_RX,248,705790414,260,59
TPRB_RX,249,705990800,261,60
TPRB_RX,250,706185720,262,61
TPRB_RX,251,706380558,263,62
TPRB_RX,252,706576978,264,63
TPRB_RX,253,706774585,265,64
TPRB_RX,254,706976131,266,65
TPRB_RX,255,723193515,267,66
TPRB_RX,256,723394221,268,67
TPRB_RX,257,723593122,269,68
TPRB_RX,258,723787548,270,69
TPRB_RX,259,723982593,271,70
TPRB_RX,260,724176768,272,71
TPRB_RX,261,724372657,273,72
TPRB_RX,262,740585569,274,73
TPRB_RX,263,740787465,275,74
TPRB_RX,264,740990393,276,75
TPRB_RX,265,741374990,278,77
TPRB_RX,266,741571453,279,78
TPRB_RX,267,741766464,280,79
TPRB_RX,268,757967178,281,80
TPRB_RX,269,758168691,282,81
TPRB_RX,270,758548300,283,82
TPRB_RX,271,758748891,284,83
TPRB_RX,272,759140729,286,85
TPRB_RX,273,775456676,287,86
TPRB_RX,274,775664649,288,87
TPRB_RX,275,775860040,289,88
TPRB_RX,276,776055311,290,89
TPRB_RX,277,776434515,291,90
TPRB_RX,278,776631099,292,91
TPRB_RX,279,776830701,293,92
TPRB_RX,280,792845390,294,93
TPRB_RX,281,793420609,297,96
TPRB_RX,282,793619799,298,97
TPRB_RX,283,793818897,299,98
TPRB_RX,284,794021506,300,99
TPRB_RX,285,810220605,301,100
TPRB_RX,286,810422469,302,101
TPRB_RX,287,810618122,303,102
TPRB_RX,288,810815690,304,103
TPRB_RX,289,811016088,305,104
TPRB_RX,290,811214444,306,105
TPRB_RX,291,811413972,307,106
TPRB_RX,292,827615631,308,107
TPRB_RX,293,827816083,309,108
TPRB_RX,294,828015272,310,109
TPRB_RX,295,828212449,311,110
TPRB_RX,296,828407771,312,111
TPRB_RX,297,828604065,313,112
TPRB_RX,298,828799919,314,113
TPRB_RX,299,845212302,315,114
TPRB_RX,300,845413539,316,115
TPRB_RX,301,845608773,317,116
TPRB_RX,302,845803945,318,117
TPRB_RX,303,846000756,319,118
TPRB_RX,304,846197814,320,119
TPRB_RX,305,846394504,321,120
TPRB_RX,306,862641808,322,121
TPRB_RX,307,862844441,323,122
TPRB_RX,308,863226649,324,123
TPRB_RX,309,863429176,325,124
TPRB_RX,310,863624438,326,125
TPRB_RX,311,863819716,327,126
TPRB_RX,312,880027845,328,127
TPRB_RX,313,880231785,329,128
TPRB_RX,314,880431095,330,129
TPRB_RX,315,880629314,331,130
TPRB_RX,316,880829796,332,131
TPRB_RX,317,881027538,333,132
TPRB_RX,318,881225090,334,133
TPRB_RX,319,897243360,335,134
TPRB_RX,320,897457587,336,135
TPRB_RX,321,897672676,337,136
TPRB_RX,322,897872764,338,137
TPRB_RX,323,898269184,340,139
TPRB_RX,324,898467766,341,140
TPRB_RX,325,914735798,342,141
TPRB_RX,326,914943517,343,142
TPRB_RX,327,915139496,344,143
TPRB_RX,328,915334115,345,144
TPRB_RX,329,915528923,346,145
TPRB_RX,330,915724360,347,146
TPRB_RX,331,915919376,348,147
TPRB_RX,332,932070532,349,148
TPRB_RX,333,932273670,350,149
TPRB_RX,334,932469660,351,150
TPRB_RX,335,932666296,352,151
TPRB_RX,336,932862105,353,152
TPRB_RX,337,933057054,354,153
TPRB_RX,338,933252027,355,154
TPRB_RX,339,949615149,356,155
TPRB_RX,340,949816333,357,156
TPRB_RX,341,950011413,358,157
TPRB_RX,342,950206453,359,158
TPRB_RX,343,950408980,361,160
TPRB_RX,344,966943740,362,161
TPRB_RX,345,967143842,363,162
TPRB_RX,346,984409699,364,163
TPRB_RX,347,984613221,365,164
TPRB_RX,348,984809688,366,165
TPRB_RX,349,985005006,367,166
TPRB_RX,350,985199746,368,167
TPRB_RX,351,985394180,369,168
TPRB_RX,352,985588937,370,169
TPRB_RX,353,985784686,371,170
TPRB_RX,354,985980767,372,171
TPRB_RX,355,986177448,374,173
TPRB_RX,356,986372692,375,174
TPRB_RX,357,1001810721,376,175
TPRB_RX,358,1002010348,377,176
TPRB_RX,359,1002204971,378,177
TPRB_RX,360,1002405327,379,178
TPRB_RX,361,1002601301,380,179
TPRB_RX,362,1002796804,381,180
TPRB_RX,363,1002991423,382,181
TPRB_RX,364,1019168602,383,182
TPRB_RX,365,1019547407,384,183
TPRB_RX,366,1019742192,385,184
TPRB_RX,367,1019937322,386,185
TPRB_RX,368,1020132889,387,186
TPRB_RX,369,1020528221,389,188
TPRB_RX,370,1036703551,390,189
TPRB_RX,371,1036903024,391,190
TPRB_RX,372,1037097334,392,191
TPRB_RX,373,1037475886,394,193
TPRB_RX,374,1037671413,395,194
TPRB_RX,375,1037867072,396,195
TPRB_RX,376,1054025190,397,196
TPRB_RX,377,1054235109,398,197
TPRB_RX,378,1054437548,399,198
TPRB_RX,379,1054821100,401,200
TPRB_RX,380,1055017568,402,0
TPRB_RX,381,1071371443,403,1
TPRB_RX,382,1071570556,404,2
TPRB_RX,383,1071764898,405,3
TPRB_RX,384,1071960307,406,4
TPRB_RX,385,1072157195,407,5
TPRB_RX,386,1072352525,408,6
TPRB_RX,387,1072547304,409,7
TPRB_RX,388,1089015533,411,9
TPRB_RX,389,1089217397,412,10
TPRB_RX,390,1089412696,413,11
TPRB_RX,391,1089607985,414,12
TPRB_RX,392,1089805805,415,13
TPRB_RX,393,1090004598,416,14
TPRB_RX,394,1106265992,417,15
TPRB_RX,395,1106476446,418,16
TPRB_RX,396,1106676269,419,17
TPRB_RX,397,1106879994,420,18
TPRB_RX,398,1107076298,421,19
TPRB_RX,399,1107274827,422,20
TPRB_RX,400,1107471883,423,21
TPRB_RX,401,1123566280,424,22
TPRB_RX,402,1123768229,425,23
TPRB_RX,403,1123967278,426,24
TPRB_RX,404,1124166445,427,25
TPRB_RX,405,1124364005,428,26
TPRB_RX,406,1124560100,429,27
TPRB_RX,407,1124754943,430,28
TPRB_RX,408,1140995913,431,29
TPRB_RX,409,1141201424,432,30
TPRB_RX,410,1141396907,433,31
TPRB_RX,411,1141593718,434,32
TPRB_RX,412,1141795955,435,33
TPRB_RX,413,1141994198,436,34
TPRB_RX,414,1142190537,437,35
TPRB_RX,415,1158453980,438,36
TPRB_RX,416,1158655058,439,37
TPRB_RX,417,1158848581,440,38
TPRB_RX,418,1159044733,441,39
TPRB_RX,419,1159240760,442,40
TPRB_RX,420,1159435272,443,41
TPRB_RX,421,1175963026,444,42
TPRB_RX,422,1176187721,445,43
TPRB_RX,423,1176404675,447,45
TPRB_RX,424,1176599950,448,46
TPRB_RX,425,1176795030,449,47
TPRB_RX,426,1176989952,450,48
TPRB_RX,427,1193309261,451,49
TPRB_RX,428,1193511991,452,50
TPRB_RX,429,1193715732,453,51
TPRB_RX,430,1193928113,454,52
TPRB_RX,431,1194125370,455,53
TPRB_RX,432,1194330815,456,54
TPRB_RX,433,1194527239,457,55
TPRB_RX,434,1210642709,458,56
TPRB_RX,435,1210842724,459,57
TPRB_RX,436,1211036992,460,58
TPRB_RX,437,1211230101,461,59
TPRB_RX,438,1211423020,462,60
TPRB_RX,439,1211623620,463,61
TPRB_RX,440,1211819269,464,62
TPRB_RX,441,1228480725,467,65
TPRB_RX,442,1228681506,468,66
TPRB_RX,443,1228870068,469,67
TPRB_RX,444,1229066528,470,68
TPRB_RX,445,1229262747,471,69
TPRB_RX,446,1245495770,472,70
TPRB_RX,447,1245697061,473,71
TPRB_RX,448,1245892286,474,72
TPRB_RX,449,1246087913,475,73
TPRB_RX,450,1246284294,476,74
TPRB_RX,451,1246479317,477,75
TPRB_RX,452,1246678845,478,76
TPRB_RX,453,1262933003,479,77
TPRB_RX,454,1263135314,480,78
TPRB_RX,455,1263331429,481,79
TPRB_RX,456,1263526749,482,80
TPRB_RX,457,1263731760,483,81
TPRB_RX,458,1263931949,484,82
TPRB_RX,459,1280354613,485,83
TPRB_RX,460,1280555576,486,84
TPRB_RX,461,1280751863,487,85
TPRB_RX,462,1280948173,488,86
TPRB_RX,463,1281148973,489,87
TPRB_RX,464,1281344389,490,88
TPRB_RX,465,1281540641,491,89
TPRB_RX,466,1297753796,492,90
TPRB_RX,467,1297958742,493,91
TPRB_RX,468,1298155495,494,92
TPRB_RX,469,1298351091,495,93
TPRB_RX,470,1298555617,496,94
TPRB_RX,471,1298750975,497,95
TPRB_RX,472,1315149887,498,96
TPRB_RX,473,1315353760,499,97
TPRB_RX,474,1315555468,500,98
TPRB_RX,475,1315752388,501,99
TPRB_RX,476,1315951373,502,100
TPRB_RX,477,1316334978,504,102
TPRB_RX,478,1316530530,505,103
TPRB_RX,479,1332569468,506,104
TPRB_RX,480,1332769859,507,105
TPRB_RX,481,1332970200,508,106
TPRB_RX,482,1333165201,509,107
TPRB_RX,483,1333360467,510,108
TPRB_RX,484,1333564967,511,109
TPRB_RX,485,1333764122,512,110
TPRB_RX,486,1349998039,513,111
TPRB_RX,487,1350207409,514,112
TPRB_RX,488,1350412839,515,113
TPRB_RX,489,1350628953,517,115
TPRB_RX,490,1350829456,518,116
TPRB_RX,491,1367426324,519,117
TPRB_RX,492,1367632415,520,118
TPRB_RX,493,1367835491,521,119
TPRB_RX,494,1368046271,522,120
TPRB_RX,495,1368252280,524,122
TPRB_RX,496,1368451678,525,123
TPRB_RX,497,1384854649,526,124
TPRB_RX,498,1385078868,528,126
TPRB_RX,499,1385275066,529,127
TPRB_RX,500,1385470424,530,128
TPRB_RX,501,1385670415,531,129
TPRB_RX,502,1385865852,532,130
TPRB_RX,503,1402289691,534,132
TPRB_RX,504,1402493058,535,133
TPRB_RX,505,1402688819,536,134
TPRB_RX,506,1402883968,537,135
TPRB_RX,507,1403078974,538,136
TPRB_RX,508,1403278445,539,137
TPRB_RX,509,1419710324,541,139
TPRB_RX,510,1419917819,542,140
TPRB_RX,511,1420116039,543,141
TPRB_RX,512,1420312718,544,142
TPRB_RX,513,1420508314,545,143
TPRB_RX,514,1420703228,546,144
TPRB_RX,515,1436934787,547,145
TPRB_RX,516,1437135646,548,146
TPRB_RX,517,1437332438,549,147
TPRB_RX,518,1437528127,550,148
TPRB_RX,519,1437728763,551,149
TPRB_RX,520,1437924452,552,150
TPRB_RX,521,1438120027,553,151
TPRB_RX,522,1454530066,554,152
TPRB_RX,523,1454733783,555,153
TPRB_RX,524,1454931611,556,154
TPRB_RX,525,1455127002,557,155
TPRB_RX,526,1455332458,558,156
TPRB_RX,527,1455531720,559,157
TPRB_RX,528,1471952412,560,158
TPRB_RX,529,1472165699,561,159
TPRB_RX,530,1472360966,562,160
TPRB_RX,531,1472556074,563,161
TPRB_RX,532,1472756411,564,162
TPRB_RX,533,1472956361,565,163
TPRB_RX,534,1473161782,566,164
TPRB_RX,535,1489209796,567,165
TPRB_RX,536,1489414094,568,166
TPRB_RX,537,1489611172,569,167
TPRB_RX,538,1489807893,570,168
TPRB_RX,539,1490003273,571,169
TPRB_RX,540,1490198549,572,170
TPRB_RX,541,1490394017,573,171
TPRB_RX,542,1506609616,574,172
TPRB_RX,543,1506809419,575,173
TPRB_RX,544,1507005199,576,174
TPRB_RX,545,1507201895,577,175
TPRB_RX,546,1507398766,578,176
TPRB_RX,547,1507594617,579,177
TPRB_RX,548,1507789915,580,178
TPRB_RX,549,1524005099,581,179
TPRB_RX,550,1524205603,582,180
TPRB_RX,551,1524401338,583,181
TPRB_RX,552,1524596656,584,182
TPRB_RX,553,1524791868,585,183
TPRB_RX,554,1524990269,586,184
TPRB_RX,555,1525187279,587,185
TPRB_RX,556,1541407074,588,186
TPRB_RX,557,1541608998,589,187
TPRB_RX,558,1541805096,590,188
TPRB_RX,559,1542000554,591,189
TPRB_RX,560,1542195578,592,190
TPRB_RX,561,1542389931,593,191
TPRB_RX,562,1542584953,594,192
TPRB_RX,563,1558827201,595,193
TPRB_RX,564,1559027153,596,194
TPRB_RX,565,1559223231,597,195
TPRB_RX,566,1559423051,598,196
TPRB_RX,567,1559622800,599,197
TPRB_RX,568,1559818708,600,198
TPRB_RX,569,1576225414,601,199
TPRB_RX,570,1576425878,602,200
TPRB_RX,571,1576621034,603,0
TPRB_RX,572,1576816216,604,1
TPRB_RX,573,1577011653,605,2
TPRB_RX,574,1577208302,606,3
TPRB_RX,575,1577404335,607,4
TPRB_RX,576,1593640248,608,5
TPRB_RX,577,1593840656,609,6
TPRB_RX,578,1594036270,610,7
TPRB_RX,579,1594231750,611,8
TPRB_RX,580,1594427263,612,9
TPRB_RX,581,1594622434,613,10
TPRB_RX,582,1594820275,614,11
TPRB_RX,583,1611074206,615,12
TPRB_RX,584,1611297605,616,13
TPRB_RX,585,1611518142,617,14
TPRB_RX,586,1611903174,618,15
TPRB_RX,587,1612098977,619,16
TPRB_RX,588,1612295022,620,17
TPRB_RX,589,1612491234,621,18
TPRB_RX,590,1628526963,622,19
TPRB_RX,591,1628732101,623,20
TPRB_RX,592,1629116461,624,21
TPRB_RX,593,1629333021,625,22
TPRB_RX,594,1629536436,626,23
TPRB_RX,595,1629926288,628,25
TPRB_RX,596,1645980685,629,26
TPRB_RX,597,1646182491,630,27
TPRB_RX,598,1646402861,631,28
TPRB_RX,599,1646791322,632,29
TPRB_RX,600,1646989681,633,30
TPRB_RX,601,1647195683,634,31
TPRB_RX,602,1663265135,635,32
TPRB_RX,603,1663471266,636,33
TPRB_RX,604,1663673801,637,34
TPRB_RX,605,1663872233,638,35
TPRB_RX,606,1664067755,639,36
TPRB_RX,607,1664263414,640,37
TPRB_RX,608,1664459447,641,38
TPRB_RX,609,1680675906,642,39
TPRB_RX,610,1680877322,643,40
TPRB_RX,611,1681076640,644,41
TPRB_RX,612,1698270565,646,43
TPRB_RX,613,1698472366,647,44
TPRB_RX,614,1698668165,648,45
TPRB_RX,615,1698863697,649,46
TPRB_RX,616,1699063362,650,47
TPRB_RX,617,1699259536,651,48
TPRB_RX,618,1699459613,652,49
TPRB_RX,619,1699655010,653,50
TPRB_RX,620,1699850453,654,51
TPRB_APPLY,0,44493133,2,2
TPRB_APPLY,1,44833943,4,4
TPRB_APPLY,2,45176063,6,6
TPRB_APPLY,3,61602045,7,7
TPRB_APPLY,4,61942442,8,8
TPRB_APPLY,5,62284613,10,10
TPRB_APPLY,6,62626784,12,12
TPRB_APPLY,7,62968955,13,13
TPRB_APPLY,8,79051498,14,14
TPRB_APPLY,9,79393163,15,15
TPRB_APPLY,10,79735334,17,17
TPRB_APPLY,11,80077505,19,19
TPRB_APPLY,12,80419676,20,20
TPRB_APPLY,13,96844085,22,22
TPRB_APPLY,14,97186055,24,24
TPRB_APPLY,15,97528226,26,26
TPRB_APPLY,16,97870397,27,27
TPRB_APPLY,17,113954523,28,28
TPRB_APPLY,18,114294605,29,29
TPRB_APPLY,19,114636776,31,31
TPRB_APPLY,20,114978947,33,33
TPRB_APPLY,21,115321118,34,34
TPRB_APPLY,22,131403155,35,35
TPRB_APPLY,23,131745326,37,37
TPRB_APPLY,24,132087497,39,39
TPRB_APPLY,25,132429668,41,41
TPRB_APPLY,26,148854031,42,42
TPRB_APPLY,27,149196514,44,44
TPRB_APPLY,28,149538703,46,46
TPRB_APPLY,29,149880389,47,47
TPRB_APPLY,30,166304597,49,49
TPRB_APPLY,31,166647604,50,50
TPRB_APPLY,32,166989129,52,52
TPRB_APPLY,33,167331110,54,54
TPRB_APPLY,34,183755318,56,56
TPRB_APPLY,35,184097602,57,57
TPRB_APPLY,36,184440166,59,59
TPRB_APPLY,37,184781831,61,61
TPRB_APPLY,38,201206039,63,63
TPRB_APPLY,39,201548210,65,65
TPRB_APPLY,40,201890381,66,66
TPRB_APPLY,41,202232552,68,68
TPRB_APPLY,42,218656951,70,70
TPRB_APPLY,43,218998931,72,72
TPRB_APPLY,44,219341102,74,74
TPRB_APPLY,45,219683273,75,75
TPRB_APPLY,46,236107949,77,77
TPRB_APPLY,47,236449652,79,79
TPRB_APPLY,48,236791823,81,81
TPRB_APPLY,49,237133994,82,82
TPRB_APPLY,50,271009232,84,84
TPRB_APPLY,51,271351605,86,86
TPRB_APPLY,52,271693265,87,87
TPRB_APPLY,53,272035436,88,88
TPRB_APPLY,54,272377607,91,91
TPRB_APPLY,55,272721754,93,93
TPRB_APPLY,56,273404120,95,95
TPRB_APPLY,57,288117659,96,96
TPRB_APPLY,58,288459648,97,97
TPRB_APPLY,59,288802295,99,99
TPRB_APPLY,60,289143986,101,101
TPRB_APPLY,61,289486157,102,102
TPRB_APPLY,62,305568194,103,103
TPRB_APPLY,63,305910365,104,104
TPRB_APPLY,64,306252791,105,105
TPRB_APPLY,65,306594707,107,107
TPRB_APPLY,66,306936878,109,109
TPRB_APPLY,67,323019692,110,110
TPRB_APPLY,68,323361086,112,112
TPRB_APPLY,69,323703507,113,113
TPRB_APPLY,70,324045428,115,115
TPRB_APPLY,71,324387599,116,116
TPRB_APPLY,72,340469636,118,118
TPRB_APPLY,73,340811807,120,120
TPRB_APPLY,74,341153978,122,122
TPRB_APPLY,75,357920357,124,124
TPRB_APPLY,76,358263277,126,126
TPRB_APPLY,77,358604699,128,128
TPRB_APPLY,78,358946870,129,129
TPRB_APPLY,79,375371080,131,131
TPRB_APPLY,80,375713249,133,133
TPRB_APPLY,81,376055420,135,135
TPRB_APPLY,82,376397591,136,136
TPRB_APPLY,83,392822287,138,138
TPRB_APPLY,84,393164412,140,140
TPRB_APPLY,85,393506646,142,142
TPRB_APPLY,86,393848312,143,143
TPRB_APPLY,87,409930349,144,144
TPRB_APPLY,88,410272537,145,145
TPRB_APPLY,89,410614691,147,147
TPRB_APPLY,90,410958296,149,149
TPRB_APPLY,91,411299473,150,150
TPRB_APPLY,92,427381070,151,151
TPRB_APPLY,93,427723389,152,152
TPRB_APPLY,94,428066011,154,154
TPRB_APPLY,95,428407666,155,155
TPRB_APPLY,96,428749754,157,157
TPRB_APPLY,97,444831986,158,158
TPRB_APPLY,98,445173962,160,160
TPRB_APPLY,99,445858304,162,162
TPRB_APPLY,100,446200475,163,163
TPRB_APPLY,101,462282512,165,165
TPRB_APPLY,102,462624683,166,166
TPRB_APPLY,103,462966854,168,168
TPRB_APPLY,104,463651196,170,170
TPRB_APPLY,105,479733233,172,172
TPRB_APPLY,106,480075404,173,173
TPRB_APPLY,107,480417575,174,174
TPRB_APPLY,108,480760245,176,176
TPRB_APPLY,109,481101917,177,177
TPRB_APPLY,110,497185940,179,179
TPRB_APPLY,111,497526125,181,181
TPRB_APPLY,112,497868296,183,183
TPRB_APPLY,113,498210467,184,184
TPRB_APPLY,114,514635202,186,186
TPRB_APPLY,115,514977361,188,188
TPRB_APPLY,116,515319017,190,190
TPRB_APPLY,117,515661188,191,191
TPRB_APPLY,118,532085396,193,193
TPRB_APPLY,119,532428057,194,194
TPRB_APPLY,120,532771282,197,197
TPRB_APPLY,121,533111909,198,198
TPRB_APPLY,122,549536450,200,200
TPRB_APPLY,123,549878288,202,1
TPRB_APPLY,124,550220459,204,3
TPRB_APPLY,125,566644667,205,4
TPRB_APPLY,126,566986838,206,5
TPRB_APPLY,127,567329354,209,8
TPRB_APPLY,128,567671921,211,10
TPRB_APPLY,129,584095388,212,11
TPRB_APPLY,130,584437559,214,13
TPRB_APPLY,131,584779730,215,14
TPRB_APPLY,132,601546124,216,15
TPRB_APPLY,133,601888280,218,17
TPRB_APPLY,134,602230451,220,19
TPRB_APPLY,135,602573649,222,21
TPRB_APPLY,136,602914930,223,22
TPRB_APPLY,137,603256964,225,24
TPRB_APPLY,138,618996830,226,25
TPRB_APPLY,139,619339001,228,27
TPRB_APPLY,140,619681172,231,30
TPRB_APPLY,141,620023343,232,31
TPRB_APPLY,142,636447551,234,33
TPRB_APPLY,143,636790022,235,34
TPRB_APPLY,144,637131893,238,37
TPRB_APPLY,145,637475088,239,38
TPRB_APPLY,146,653556101,240,39
TPRB_APPLY,147,653898272,241,40
TPRB_APPLY,148,654240443,243,42
TPRB_APPLY,149,654582614,245,44
TPRB_APPLY,150,671006822,246,45
TPRB_APPLY,151,671348993,248,47
TPRB_APPLY,152,671691164,249,48
TPRB_APPLY,153,672033335,251,50
TPRB_APPLY,154,672375506,252,51
TPRB_APPLY,155,688458003,253,52
TPRB_APPLY,156,688799714,255,54
TPRB_APPLY,157,689141885,256,55
TPRB_APPLY,158,689484317,258,57
TPRB_APPLY,159,689826227,259,58
TPRB_APPLY,160,705908264,260,59
TPRB_APPLY,161,706250435,262,61
TPRB_APPLY,162,706592606,264,63
TPRB_APPLY,163,706934777,265,64
TPRB_APPLY,164,707276948,266,65
TPRB_APPLY,165,723359031,267,66
TPRB_APPLY,166,723701412,269,68
TPRB_APPLY,167,724043327,271,70
TPRB_APPLY,168,724385499,273,72
TPRB_APPLY,169,740809706,275,74
TPRB_APPLY,170,741151877,276,75
TPRB_APPLY,171,741494048,278,77
TPRB_APPLY,172,741836219,280,79
TPRB_APPLY,173,758260427,282,81
TPRB_APPLY,174,758602598,283,82
TPRB_APPLY,175,758944769,284,83
TPRB_APPLY,176,759286940,286,85
TPRB_APPLY,177,775711148,288,87
TPRB_APPLY,178,776053319,289,88
TPRB_APPLY,179,776395920,290,89
TPRB_APPLY,180,776737754,292,91
TPRB_APPLY,181,777079832,293,92
TPRB_APPLY,182,793161869,294,93
TPRB_APPLY,183,793504535,297,96
TPRB_APPLY,184,793846211,299,98
TPRB_APPLY,185,794188382,300,99
TPRB_APPLY,186,810270419,301,100
TPRB_APPLY,187,810612590,302,101
TPRB_APPLY,188,810955253,304,103
TPRB_APPLY,189,811297230,306,105
TPRB_APPLY,190,811639103,307,106
TPRB_APPLY,191,827721452,308,107
TPRB_APPLY,192,828063311,310,109
TPRB_APPLY,193,828405482,311,110
TPRB_APPLY,194,828747717,313,112
TPRB_APPLY,195,829089824,314,113
TPRB_APPLY,196,845514126,316,115
TPRB_APPLY,197,845856203,318,117
TPRB_APPLY,198,846199942,320,119
TPRB_APPLY,199,846540545,321,120
TPRB_APPLY,200,862964753,323,122
TPRB_APPLY,201,863306924,324,123
TPRB_APPLY,202,863649095,326,125
TPRB_APPLY,203,863991266,327,126
TPRB_APPLY,204,880073303,328,127
TPRB_APPLY,205,880415474,329,128
TPRB_APPLY,206,880757645,331,130
TPRB_APPLY,207,881099816,333,132
TPRB_APPLY,208,881441987,334,133
TPRB_APPLY,209,897524024,336,135
TPRB_APPLY,210,897866576,337,136
TPRB_APPLY,211,898208548,338,137
TPRB_APPLY,212,898550537,341,140
TPRB_APPLY,213,914975644,343,142
TPRB_APPLY,214,915317429,344,143
TPRB_APPLY,215,915659087,346,145
TPRB_APPLY,216,916001258,348,147
TPRB_APPLY,217,932083295,349,148
TPRB_APPLY,218,932425940,350,149
TPRB_APPLY,219,932767637,352,151
TPRB_APPLY,220,933109808,354,153
TPRB_APPLY,221,933451979,355,154
TPRB_APPLY,222,949876186,357,156
TPRB_APPLY,223,950218357,359,158
TPRB_APPLY,224,950560528,361,160
TPRB_APPLY,225,966984736,362,161
TPRB_APPLY,226,967326907,363,162
TPRB_APPLY,227,984435457,364,163
TPRB_APPLY,228,984777892,365,164
TPRB_APPLY,229,985120276,367,166
TPRB_APPLY,230,985461970,369,168
TPRB_APPLY,231,985804141,371,170
TPRB_APPLY,232,986146312,372,171
TPRB_APPLY,233,986488483,375,174
TPRB_APPLY,234,1001886178,376,175
TPRB_APPLY,235,1002228349,378,177
TPRB_APPLY,236,1002571025,379,178
TPRB_APPLY,237,1002912691,381,180
TPRB_APPLY,238,1003254862,382,181
TPRB_APPLY,239,1019336899,383,182
TPRB_APPLY,240,1019679579,384,183
TPRB_APPLY,241,1020021241,386,185
TPRB_APPLY,242,1020363412,387,186
TPRB_APPLY,243,1020705583,389,188
TPRB_APPLY,244,1036787962,390,189
TPRB_APPLY,245,1037129791,392,191
TPRB_APPLY,246,1037814133,395,194
TPRB_APPLY,247,1038156304,396,195
TPRB_APPLY,248,1054238340,398,197
TPRB_APPLY,249,1054580511,399,198
TPRB_APPLY,250,1054922932,401,200
TPRB_APPLY,251,1055264853,402,0
TPRB_APPLY,252,1071689093,404,2
TPRB_APPLY,253,1072031232,406,4
TPRB_APPLY,254,1072373403,408,6
TPRB_APPLY,255,1072715574,409,7
TPRB_APPLY,256,1089139782,411,9
TPRB_APPLY,257,1089481953,413,11
TPRB_APPLY,258,1089824124,415,13
TPRB_APPLY,259,1090166295,416,14
TPRB_APPLY,260,1106590503,418,16
TPRB_APPLY,261,1106932674,420,18
TPRB_APPLY,262,1107276837,422,20
TPRB_APPLY,263,1107617016,423,21
TPRB_APPLY,264,1123699224,424,22
TPRB_APPLY,265,1124041223,426,24
TPRB_APPLY,266,1124383394,428,26
TPRB_APPLY,267,1124725565,429,27
TPRB_APPLY,268,1125067736,430,28
TPRB_APPLY,269,1141149773,431,29
TPRB_APPLY,270,1141492402,433,31
TPRB_APPLY,271,1141834115,435,33
TPRB_APPLY,272,1142176286,436,34
TPRB_APPLY,273,1142518457,437,35
TPRB_APPLY,274,1158600989,438,36
TPRB_APPLY,275,1158943144,440,38
TPRB_APPLY,276,1159284836,442,40
TPRB_APPLY,277,1159627893,443,41
TPRB_APPLY,278,1176051215,444,42
TPRB_APPLY,279,1176393386,445,43
TPRB_APPLY,280,1176736062,448,46
TPRB_APPLY,281,1177077728,450,48
TPRB_APPLY,282,1193502419,451,49
TPRB_APPLY,283,1193844107,453,51
TPRB_APPLY,284,1194186278,455,53
TPRB_APPLY,285,1194529367,457,55
TPRB_APPLY,286,1210952657,459,57
TPRB_APPLY,287,1211294828,461,59
TPRB_APPLY,288,1211636999,463,61
TPRB_APPLY,289,1211979170,464,62
TPRB_APPLY,290,1228746387,468,66
TPRB_APPLY,291,1229087720,470,68
TPRB_APPLY,292,1229429891,471,69
TPRB_APPLY,293,1245511928,472,70
TPRB_APPLY,294,1245854099,473,71
TPRB_APPLY,295,1246196406,475,73
TPRB_APPLY,296,1246538441,477,75
TPRB_APPLY,297,1246880612,478,76
TPRB_APPLY,298,1262962649,479,77
TPRB_APPLY,299,1263304830,480,78
TPRB_APPLY,300,1263647237,482,80
TPRB_APPLY,301,1263989162,484,82
TPRB_APPLY,302,1280413370,485,83
TPRB_APPLY,303,1280755541,487,85
TPRB_APPLY,304,1281098224,488,86
TPRB_APPLY,305,1281439883,490,88
TPRB_APPLY,306,1281782054,491,89
TPRB_APPLY,307,1297864106,492,90
TPRB_APPLY,308,1298206262,494,92
TPRB_APPLY,309,1298548433,495,93
TPRB_APPLY,310,1298890604,497,95
TPRB_APPLY,311,1315315298,498,96
TPRB_APPLY,312,1315658482,500,98
TPRB_APPLY,313,1315999154,502,100
TPRB_APPLY,314,1316341325,504,102
TPRB_APPLY,315,1316683496,505,103
TPRB_APPLY,316,1332765533,506,104
TPRB_APPLY,317,1333108096,508,106
TPRB_APPLY,318,1333450823,510,108
TPRB_APPLY,319,1333792046,512,110
TPRB_APPLY,320,1350216254,514,112
TPRB_APPLY,321,1350559650,515,113
TPRB_APPLY,322,1350900596,518,116
TPRB_APPLY,323,1367666975,520,118
TPRB_APPLY,324,1368009381,521,119
TPRB_APPLY,325,1368351817,524,122
TPRB_APPLY,326,1368693488,525,123
TPRB_APPLY,327,1385117696,528,126
TPRB_APPLY,328,1385459867,529,127
TPRB_APPLY,329,1385802038,531,129
TPRB_APPLY,330,1386144806,532,130
TPRB_APPLY,331,1402568852,535,133
TPRB_APPLY,332,1402910588,537,135
TPRB_APPLY,333,1403253260,538,136
TPRB_APPLY,334,1403594930,539,137
TPRB_APPLY,335,1420019630,542,140
TPRB_APPLY,336,1420361309,544,142
TPRB_APPLY,337,1420705356,546,144
TPRB_APPLY,338,1437129178,547,145
TPRB_APPLY,339,1437469859,549,147
TPRB_APPLY,340,1437812536,551,149
TPRB_APPLY,341,1438154201,553,151
TPRB_APPLY,342,1454578409,554,152
TPRB_APPLY,343,1454920580,555,153
TPRB_APPLY,344,1455263226,557,155
TPRB_APPLY,345,1455604922,559,157
TPRB_APPLY,346,1472029130,560,158
TPRB_APPLY,347,1472371301,562,160
TPRB_APPLY,348,1472713472,563,161
TPRB_APPLY,349,1473055643,565,163
TPRB_APPLY,350,1473397814,566,164
TPRB_APPLY,351,1489479851,568,166
TPRB_APPLY,352,1489822022,570,168
TPRB_APPLY,353,1490164193,571,169
TPRB_APPLY,354,1490506364,573,171
TPRB_APPLY,355,1506930884,575,173
TPRB_APPLY,356,1507272743,577,175
TPRB_APPLY,357,1507614914,579,177
TPRB_APPLY,358,1507957085,580,178
TPRB_APPLY,359,1524039122,581,179
TPRB_APPLY,360,1524381421,582,180
TPRB_APPLY,361,1524723464,584,182
TPRB_APPLY,362,1525065635,586,184
TPRB_APPLY,363,1525407806,587,185
TPRB_APPLY,364,1541490339,588,186
TPRB_APPLY,365,1541832014,590,188
TPRB_APPLY,366,1542174185,591,189
TPRB_APPLY,367,1542516356,593,191
TPRB_APPLY,368,1542858527,594,192
TPRB_APPLY,369,1558941018,595,193
TPRB_APPLY,370,1559282735,597,195
TPRB_APPLY,371,1559624928,599,197
TPRB_APPLY,372,1559967077,600,198
TPRB_APPLY,373,1576391285,601,199
TPRB_APPLY,374,1576733469,603,0
TPRB_APPLY,375,1577075627,605,2
TPRB_APPLY,376,1577417798,607,4
TPRB_APPLY,377,1593842784,609,6
TPRB_APPLY,378,1594184644,610,7
TPRB_APPLY,379,1594526348,612,9
TPRB_APPLY,380,1594868519,614,11
TPRB_APPLY,381,1611292998,615,12
TPRB_APPLY,382,1611634898,617,14
TPRB_APPLY,383,1611977069,618,15
TPRB_APPLY,384,1612319241,620,17
TPRB_APPLY,385,1612661411,621,18
TPRB_APPLY,386,1628743448,623,20
TPRB_APPLY,387,1629428130,625,22
TPRB_APPLY,388,1629769961,626,23
TPRB_APPLY,389,1630112132,628,25
TPRB_APPLY,390,1646194169,630,27
TPRB_APPLY,391,1646536340,631,28
TPRB_APPLY,392,1646878511,632,29
TPRB_APPLY,393,1647220682,634,31
TPRB_APPLY,394,1663302719,635,32
TPRB_APPLY,395,1663645369,636,33
TPRB_APPLY,396,1663987061,638,35
TPRB_APPLY,397,1664329232,640,37
TPRB_APPLY,398,1664671403,641,38
TPRB_APPLY,399,1680753440,642,39
TPRB_APPLY,400,1681095611,644,41
TPRB_APPLY,401,1698546332,647,44
TPRB_APPLY,402,1698889245,649,46
TPRB_APPLY,403,1699231135,650,47
TPRB_APPLY,404,1699572845,652,49
TPRB_APPLY,405,1699915016,654,51
TPRB_END,rx=621,apply=406,filtered=0,rx_overflow=0,apply_overflow=0,apply_race=0
TPRB_STATS,frame=621,valid=621,checksum_error=0,irq=45998,rxirq=44757,byte=44757
TPRB_STATS_ERR,pe=0,fe=0,ne=0,ore=0
