start!! foward ai cmd V2 (multi cast packet), arg : 9
debug mode : 0
UART /dev/serial0 1000000 bps
ID 8 (--robot-id 指定)
AI cmd UDP 12345 / local cam UDP 8890 / feedback UDP 127.0.0.1:50108 / config UDP 12350
passthrough 0 / tx rate 100 Hz (10 ms)
control kp 2.00 decel 3.00 tol 0.010 cmd-timeout 100 ms fb-timeout 100 ms
timing trace /tmp/orion-bridge-verified-mode4-broadcast/trace.csv / 13 seconds / max 100000 records
cam   +0   +0  0 fps(rx) 0 /   0 / ck :  43 / POS[StopEmergency] fbXY  +0.00  +0.00 / STOP check   1 vision 0 time     0 VisionX  +0.00 Y  +0.00 theta   +0.0 elt    0 Ltcy   0 TarTheta  +0.00 AccLmt 0.00 VelLmt 0.00 OmgLmt  0.0 mode 3 vel r +0.00 th  +0.00 dri +0.00 stlt 0.00 
cam   +0   +0  0 fps(rx) 0 /   0 / ck :  54 / POS[StopEmergency] fbXY  -0.00  -0.00 / STOP check  10 vision 0 time     0 VisionX  +0.00 Y  +0.00 theta   +0.0 elt    0 Ltcy   0 TarTheta  +0.00 AccLmt 0.00 VelLmt 0.00 OmgLmt  0.0 mode 3 vel r +0.00 th  +0.00 dri +0.00 stlt 0.00 
cam   +0   +0  0 fps(rx) 0 /   0 / ck : 154 / POS[StopEmergency] fbXY  -0.00  -0.00 / STOP check 104 vision 0 time     0 VisionX  +0.00 Y  +0.00 theta   +0.0 elt    0 Ltcy   0 TarTheta  +0.00 AccLmt 0.00 VelLmt 0.00 OmgLmt  0.0 mode 3 vel r +0.00 th  +0.00 dri +0.00 stlt 0.00 
cam   +0   +0  0 fps(rx) 0 /   0 / ck :   0 / POS[StopEmergency] fbXY  +0.00  -0.00 / STOP check 199 vision 0 time     0 VisionX  +0.00 Y  +0.00 theta   +0.0 elt    0 Ltcy   0 TarTheta  +0.00 AccLmt 0.00 VelLmt 0.00 OmgLmt  0.0 mode 3 vel r +0.00 th  +0.00 dri +0.00 stlt 0.00 
cam   +0   +0  0 fps(rx) 0 /   0 / ck :  65 / POS[StopEmergency] fbXY  +0.00  -0.00 / STOP check   7 vision 0 time     0 VisionX  +0.00 Y  +0.00 theta   +0.0 elt    0 Ltcy   0 TarTheta  +0.00 AccLmt 0.00 VelLmt 0.00 OmgLmt  0.0 mode 3 vel r +0.00 th  +0.00 dri +0.00 stlt 0.00 
cam   +0   +0  0 fps(rx) 0 /   0 / ck : 155 / POS[StopEmergency] fbXY  +0.00  -0.00 / STOP check  92 vision 0 time     0 VisionX  +0.00 Y  +0.00 theta   +0.0 elt    0 Ltcy   0 TarTheta  +0.00 AccLmt 0.00 VelLmt 0.00 OmgLmt  0.0 mode 3 vel r +0.00 th  +0.00 dri +0.00 stlt 0.00 
cam   +0   +0  0 fps(rx) 0 /   0 / ck : 167 / POS[StopEmergency] fbXY  +0.00  +0.00 / STOP check 102 vision 0 time     0 VisionX  +0.00 Y  +0.00 theta   +0.0 elt    0 Ltcy   0 TarTheta  +0.00 AccLmt 0.00 VelLmt 0.00 OmgLmt  0.0 mode 3 vel r +0.00 th  +0.00 dri +0.00 stlt 0.00 
cam   +0   +0  0 fps(rx) 0 /   0 / ck : 145 / POS[StopEmergency] fbXY  +0.00  -0.00 / STOP check  79 vision 0 time     0 VisionX  +0.00 Y  +0.00 theta   +0.0 elt    0 Ltcy   0 TarTheta  +0.00 AccLmt 0.00 VelLmt 0.00 OmgLmt  0.0 mode 3 vel r +0.00 th  +0.00 dri +0.00 stlt 0.00 
cam   +0   +0  0 fps(rx) 0 /   0 / ck : 163 / POS[StopEmergency] fbXY  +0.00  +0.00 / STOP check  88 vision 0 time     0 VisionX  +0.00 Y  +0.00 theta   +0.0 elt    0 Ltcy   0 TarTheta  +0.00 AccLmt 0.00 VelLmt 0.00 OmgLmt  0.0 mode 3 vel r +0.00 th  +0.00 dri +0.00 stlt 0.00 
cam   +0   +0  0 fps(rx) 0 /   0 / ck : 175 / POS[StopEmergency] fbXY  +0.00  +0.00 / STOP check  97 vision 0 time     0 VisionX  +0.00 Y  +0.00 theta   +0.0 elt    0 Ltcy   0 TarTheta  +0.00 AccLmt 0.00 VelLmt 0.00 OmgLmt  0.0 mode 3 vel r +0.00 th  +0.00 dri +0.00 stlt 0.00 
cam   +0   +0  0 fps(rx) 0 /   0 / ck :  12 / POS[StopEmergency] fbXY  -0.00  -0.00 / STOP check 183 vision 0 time     0 VisionX  +0.00 Y  +0.00 theta   +0.0 elt    0 Ltcy   0 TarTheta  +0.00 AccLmt 0.00 VelLmt 0.00 OmgLmt  0.0 mode 3 vel r +0.00 th  +0.00 dri +0.00 stlt 0.00 
cam   +0   +0  0 fps(rx) 0 /   0 / ck : 168 / POS[StopEmergency] fbXY  +0.00  +0.00 / STOP check  76 vision 0 time     0 VisionX  +0.00 Y  +0.00 theta   +0.0 elt    0 Ltcy   0 TarTheta  +0.00 AccLmt 0.00 VelLmt 0.00 OmgLmt  0.0 mode 3 vel r +0.00 th  +0.00 dri +0.00 stlt 0.00 
cam   +0   +0  0 fps(rx) 0 /   0 / ck :  11 / POS[StopEmergency] fbXY  -0.00  -0.00 / STOP check 170 vision 0 time     0 VisionX  +0.00 Y  +0.00 theta   +0.0 elt    0 Ltcy   0 TarTheta  +0.00 AccLmt 0.00 VelLmt 0.00 OmgLmt  0.0 mode 3 vel r +0.00 th  +0.00 dri +0.00 stlt 0.00 
cam   +0   +0  0 fps(rx) 0 /   0 / ck :  22 / POS[StopEmergency] fbXY  +0.00  -0.00 / STOP check 179 vision 0 time     0 VisionX  +0.00 Y  +0.00 theta   +0.0 elt    0 Ltcy   0 TarTheta  +0.00 AccLmt 0.00 VelLmt 0.00 OmgLmt  0.0 mode 3 vel r +0.00 th  +0.00 dri +0.00 stlt 0.00 
cam   +0   +0  0 fps(rx) 0 /   0 / ck : 165 / POS[StopEmergency] fbXY  +0.00  -0.00 / STOP check  63 vision 0 time     0 VisionX  +0.00 Y  +0.00 theta   +0.0 elt    0 Ltcy   0 TarTheta  +0.00 AccLmt 0.00 VelLmt 0.00 OmgLmt  0.0 mode 3 vel r +0.00 th  +0.00 dri +0.00 stlt 0.00 
cam   +0   +0  0 fps(rx) 0 /   0 / ck : 178 / POS[StopEmergency] fbXY  +0.00  +0.00 / STOP check  72 vision 0 time     0 VisionX  +0.00 Y  +0.00 theta   +0.0 elt    0 Ltcy   0 TarTheta  +0.00 AccLmt 0.00 VelLmt 0.00 OmgLmt  0.0 mode 3 vel r +0.00 th  +0.00 dri +0.00 stlt 0.00 
cam   +0   +0  0 fps(rx) 0 /   0 / ck :   7 / POS[StopEmergency] fbXY  +0.00  -0.00 / STOP check 156 vision 0 time     0 VisionX  +0.00 Y  +0.00 theta   +0.0 elt    0 Ltcy   0 TarTheta  +0.00 AccLmt 0.00 VelLmt 0.00 OmgLmt  0.0 mode 3 vel r +0.00 th  +0.00 dri +0.00 stlt 0.00 
cam   +0   +0  0 fps(rx) 0 /   0 / ck :  22 / POS[StopEmergency] fbXY  +0.00  -0.00 / STOP check 166 vision 0 time     0 VisionX  +0.00 Y  +0.00 theta   +0.0 elt    0 Ltcy   0 TarTheta  +0.00 AccLmt 0.00 VelLmt 0.00 OmgLmt  0.0 mode 3 vel r +0.00 th  +0.00 dri +0.00 stlt 0.00 
cam   +0   +0  0 fps(rx) 0 /   0 / ck : 177 / POS[StopEmergency] fbXY  -0.00  -0.00 / STOP check  58 vision 0 time     0 VisionX  +0.00 Y  +0.00 theta   +0.0 elt    0 Ltcy   0 TarTheta  +0.00 AccLmt 0.00 VelLmt 0.00 OmgLmt  0.0 mode 3 vel r +0.00 th  +0.00 dri +0.00 stlt 0.00 
cam   +0   +0  0 fps(rx) 0 /   0 / ck :  24 / POS[StopEmergency] fbXY  -0.00  -0.00 / STOP check 154 vision 0 time     0 VisionX  +0.00 Y  +0.00 theta   +0.0 elt    0 Ltcy   0 TarTheta  +0.00 AccLmt 0.00 VelLmt 0.00 OmgLmt  0.0 mode 3 vel r +0.00 th  +0.00 dri +0.00 stlt 0.00 
cam   +0   +0  0 fps(rx) 0 /   0 / ck : 178 / POS[StopEmergency] fbXY  +0.00  +0.00 / STOP check  47 vision 0 time     0 VisionX  +0.00 Y  +0.00 theta   +0.0 elt    0 Ltcy   0 TarTheta  +0.00 AccLmt 0.00 VelLmt 0.00 OmgLmt  0.0 mode 3 vel r +0.00 th  +0.00 dri +0.00 stlt 0.00 
cam   +0   +0  0 fps(rx) 0 /   0 / ck : 189 / POS[StopEmergency] fbXY  -0.00  -0.00 / STOP check  56 vision 0 time     0 VisionX  +0.00 Y  +0.00 theta   +0.0 elt    0 Ltcy   0 TarTheta  +0.00 AccLmt 0.00 VelLmt 0.00 OmgLmt  0.0 mode 3 vel r +0.00 th  +0.00 dri +0.00 stlt 0.00 
cam   +0   +0  0 fps(rx) 0 /   0 / ck :  22 / POS[StopEmergency] fbXY  +0.00  -0.00 / STOP check 141 vision 0 time     0 VisionX  +0.00 Y  +0.00 theta   +0.0 elt    0 Ltcy   0 TarTheta  +0.00 AccLmt 0.00 VelLmt 0.00 OmgLmt  0.0 mode 3 vel r +0.00 th  +0.00 dri +0.00 stlt 0.00 
cam   +0   +0  0 fps(rx) 0 /   0 / ck :  35 / POS[StopEmergency] fbXY  +0.00  -0.00 / STOP check 151 vision 0 time     0 VisionX  +0.00 Y  +0.00 theta   +0.0 elt    0 Ltcy   0 TarTheta  +0.00 AccLmt 0.00 VelLmt 0.00 OmgLmt  0.0 mode 3 vel r +0.00 th  +0.00 dri +0.00 stlt 0.00 
cam   +0   +0  0 fps(rx) 0 /   0 / ck : 178 / POS[StopEmergency] fbXY  +0.00  +0.00 / STOP check  35 vision 0 time     0 VisionX  +0.00 Y  +0.00 theta   +0.0 elt    0 Ltcy   0 TarTheta  +0.00 AccLmt 0.00 VelLmt 0.00 OmgLmt  0.0 mode 3 vel r +0.00 th  +0.00 dri +0.00 stlt 0.00 
cam   +0   +0  0 fps(rx) 0 /   0 / ck : 190 / POS[StopEmergency] fbXY  +0.00  -0.00 / STOP check  44 vision 0 time     0 VisionX  +0.00 Y  +0.00 theta   +0.0 elt    0 Ltcy   0 TarTheta  +0.00 AccLmt 0.00 VelLmt 0.00 OmgLmt  0.0 mode 3 vel r +0.00 th  +0.00 dri +0.00 stlt 0.00 
cam   +0   +0  0 fps(rx) 0 /   0 / ck :  22 / POS[StopEmergency] fbXY  +0.00  -0.00 / STOP check 130 vision 0 time     0 VisionX  +0.00 Y  +0.00 theta   +0.0 elt    0 Ltcy   0 TarTheta  +0.00 AccLmt 0.00 VelLmt 0.00 OmgLmt  0.0 mode 3 vel r +0.00 th  +0.00 dri +0.00 stlt 0.00 
cam   +0   +0  0 fps(rx) 0 /   0 / ck :  36 / POS[StopEmergency] fbXY  +0.00  +0.00 / STOP check 139 vision 0 time     0 VisionX  +0.00 Y  +0.00 theta   +0.0 elt    0 Ltcy   0 TarTheta  +0.00 AccLmt 0.00 VelLmt 0.00 OmgLmt  0.0 mode 3 vel r +0.00 th  +0.00 dri +0.00 stlt 0.00 
cam   +0   +0  0 fps(rx) 0 /   0 / ck : 192 / POS[StopEmergency] fbXY  -0.00  -0.00 / STOP check  32 vision 0 time     0 VisionX  +0.00 Y  +0.00 theta   +0.0 elt    0 Ltcy   0 TarTheta  +0.00 AccLmt 0.00 VelLmt 0.00 OmgLmt  0.0 mode 3 vel r +0.00 th  +0.00 dri +0.00 stlt 0.00 
cam   +0   +0  0 fps(rx) 0 /   0 / ck :  38 / POS[StopEmergency] fbXY  +0.00  -0.00 / STOP check 127 vision 0 time     0 VisionX  +0.00 Y  +0.00 theta   +0.0 elt    0 Ltcy   0 TarTheta  +0.00 AccLmt 0.00 VelLmt 0.00 OmgLmt  0.0 mode 3 vel r +0.00 th  +0.00 dri +0.00 stlt 0.00 
cam   +0   +0  0 fps(rx) 0 /   0 / ck : 195 / POS[StopEmergency] fbXY  +0.00  -0.00 / STOP check  21 vision 0 time     0 VisionX  +0.00 Y  +0.00 theta   +0.0 elt    0 Ltcy   0 TarTheta  +0.00 AccLmt 0.00 VelLmt 0.00 OmgLmt  0.0 mode 3 vel r +0.00 th  +0.00 dri +0.00 stlt 0.00 
cam   +0   +0  0 fps(rx) 0 /   0 / ck :  39 / POS[StopEmergency] fbXY  +0.00  +0.00 / STOP check 115 vision 0 time     0 VisionX  +0.00 Y  +0.00 theta   +0.0 elt    0 Ltcy   0 TarTheta  +0.00 AccLmt 0.00 VelLmt 0.00 OmgLmt  0.0 mode 3 vel r +0.00 th  +0.00 dri +0.00 stlt 0.00 
cam   +0   +0  0 fps(rx) 0 /   0 / ck :  49 / POS[StopEmergency] fbXY  +0.00  +0.00 / STOP check 124 vision 0 time     0 VisionX  +0.00 Y  +0.00 theta   +0.0 elt    0 Ltcy   0 TarTheta  +0.00 AccLmt 0.00 VelLmt 0.00 OmgLmt  0.0 mode 3 vel r +0.00 th  +0.00 dri +0.00 stlt 0.00 
cam   +0   +0  0 fps(rx) 0 /   0 / ck : 191 / POS[StopEmergency] fbXY  +0.00  -0.00 / STOP check   7 vision 0 time     0 VisionX  +0.00 Y  +0.00 theta   +0.0 elt    0 Ltcy   0 TarTheta  +0.00 AccLmt 0.00 VelLmt 0.00 OmgLmt  0.0 mode 3 vel r +0.00 th  +0.00 dri +0.00 stlt 0.00 
cam   +0   +0  0 fps(rx) 0 /   0 / ck : 203 / POS[StopEmergency] fbXY  -0.00  -0.00 / STOP check  16 vision 0 time     0 VisionX  +0.00 Y  +0.00 theta   +0.0 elt    0 Ltcy   0 TarTheta  +0.00 AccLmt 0.00 VelLmt 0.00 OmgLmt  0.0 mode 3 vel r +0.00 th  +0.00 dri +0.00 stlt 0.00 
cam   +0   +0  0 fps(rx) 0 /   0 / ck :  34 / POS[StopEmergency] fbXY  +0.00  +0.00 / STOP check 101 vision 0 time     0 VisionX  +0.00 Y  +0.00 theta   +0.0 elt    0 Ltcy   0 TarTheta  +0.00 AccLmt 0.00 VelLmt 0.00 OmgLmt  0.0 mode 3 vel r +0.00 th  +0.00 dri +0.00 stlt 0.00 
cam   +0   +0  0 fps(rx) 0 /   0 / ck :  49 / POS[StopEmergency] fbXY  +0.00  -0.00 / STOP check 111 vision 0 time     0 VisionX  +0.00 Y  +0.00 theta   +0.0 elt    0 Ltcy   0 TarTheta  +0.00 AccLmt 0.00 VelLmt 0.00 OmgLmt  0.0 mode 3 vel r +0.00 th  +0.00 dri +0.00 stlt 0.00 
cam   +0   +0  0 fps(rx) 0 /   0 / ck : 200 / POS[StopEmergency] fbXY  +0.00  -0.00 / STOP check   3 vision 0 time     0 VisionX  +0.00 Y  +0.00 theta   +0.0 elt    0 Ltcy   0 TarTheta  +0.00 AccLmt 0.00 VelLmt 0.00 OmgLmt  0.0 mode 3 vel r +0.00 th  +0.00 dri +0.00 stlt 0.00 
cam   +0   +0  0 fps(rx) 0 /   0 / ck :  48 / POS[StopEmergency] fbXY  +0.00  -0.00 / STOP check  98 vision 0 time     0 VisionX  +0.00 Y  +0.00 theta   +0.0 elt    0 Ltcy   0 TarTheta  +0.00 AccLmt 0.00 VelLmt 0.00 OmgLmt  0.0 mode 3 vel r +0.00 th  +0.00 dri +0.00 stlt 0.00 
cam   +0   +0  0 fps(rx) 0 /   0 / ck :  59 / POS[StopEmergency] fbXY  +0.00  +0.00 / STOP check 107 vision 0 time     0 VisionX  +0.00 Y  +0.00 theta   +0.0 elt    0 Ltcy   0 TarTheta  +0.00 AccLmt 0.00 VelLmt 0.00 OmgLmt  0.0 mode 3 vel r +0.00 th  +0.00 dri +0.00 stlt 0.00 
cam   +0   +0  0 fps(rx) 0 /   0 / ck : 152 / POS[StopEmergency] fbXY  +0.00  +0.00 / STOP check 193 vision 0 time     0 VisionX  +0.00 Y  +0.00 theta   +0.0 elt    0 Ltcy   0 TarTheta  +0.00 AccLmt 0.00 VelLmt 0.00 OmgLmt  0.0 mode 3 vel r +0.00 th  +0.00 dri +0.00 stlt 0.00 
cam   +0   +0  0 fps(rx) 0 /   0 / ck :  51 / POS[StopEmergency] fbXY  -0.00  -0.00 / STOP check  86 vision 0 time     0 VisionX  +0.00 Y  +0.00 theta   +0.0 elt    0 Ltcy   0 TarTheta  +0.00 AccLmt 0.00 VelLmt 0.00 OmgLmt  0.0 mode 3 vel r +0.00 th  +0.00 dri +0.00 stlt 0.00 
cam   +0   +0  0 fps(rx) 0 /   0 / ck :  62 / POS[StopEmergency] fbXY  +0.00  -0.00 / STOP check  96 vision 0 time     0 VisionX  +0.00 Y  +0.00 theta   +0.0 elt    0 Ltcy   0 TarTheta  +0.00 AccLmt 0.00 VelLmt 0.00 OmgLmt  0.0 mode 3 vel r +0.00 th  +0.00 dri +0.00 stlt 0.00 
cam   +0   +0  0 fps(rx) 0 /   0 / ck : 152 / POS[StopEmergency] fbXY  +0.00  +0.00 / STOP check 181 vision 0 time     0 VisionX  +0.00 Y  +0.00 theta   +0.0 elt    0 Ltcy   0 TarTheta  +0.00 AccLmt 0.00 VelLmt 0.00 OmgLmt  0.0 mode 3 vel r +0.00 th  +0.00 dri +0.00 stlt 0.00 
cam   +0   +0  0 fps(rx) 0 /   0 / ck : 162 / POS[StopEmergency] fbXY  -0.00  -0.00 / STOP check 190 vision 0 time     0 VisionX  +0.00 Y  +0.00 theta   +0.0 elt    0 Ltcy   0 TarTheta  +0.00 AccLmt 0.00 VelLmt 0.00 OmgLmt  0.0 mode 3 vel r +0.00 th  +0.00 dri +0.00 stlt 0.00 
cam   +0   +0  0 fps(rx) 0 /   0 / ck :  51 / POS[StopEmergency] fbXY  -0.00  -0.00 / STOP check  75 vision 0 time     0 VisionX  +0.00 Y  +0.00 theta   +0.0 elt    0 Ltcy   0 TarTheta  +0.00 AccLmt 0.00 VelLmt 0.00 OmgLmt  0.0 mode 3 vel r +0.00 th  +0.00 dri +0.00 stlt 0.00 
cam   +0   +0  0 fps(rx) 0 /   0 / ck :  63 / POS[StopEmergency] fbXY  +0.00  -0.00 / STOP check  84 vision 0 time     0 VisionX  +0.00 Y  +0.00 theta   +0.0 elt    0 Ltcy   0 TarTheta  +0.00 AccLmt 0.00 VelLmt 0.00 OmgLmt  0.0 mode 3 vel r +0.00 th  +0.00 dri +0.00 stlt 0.00 
cam   +0   +0  0 fps(rx) 0 /   0 / ck : 150 / POS[StopEmergency] fbXY  +0.00  -0.00 / STOP check 168 vision 0 time     0 VisionX  +0.00 Y  +0.00 theta   +0.0 elt    0 Ltcy   0 TarTheta  +0.00 AccLmt 0.00 VelLmt 0.00 OmgLmt  0.0 mode 3 vel r +0.00 th  +0.00 dri +0.00 stlt 0.00 
cam   +0   +0  0 fps(rx) 0 /   0 / ck : 163 / POS[StopEmergency] fbXY  -0.00  -0.00 / STOP check 177 vision 0 time     0 VisionX  +0.00 Y  +0.00 theta   +0.0 elt    0 Ltcy   0 TarTheta  +0.00 AccLmt 0.00 VelLmt 0.00 OmgLmt  0.0 mode 3 vel r +0.00 th  +0.00 dri +0.00 stlt 0.00 
cam   +0   +0  0 fps(rx) 0 /   0 / ck :  48 / POS[StopEmergency] fbXY  +0.00  -0.00 / STOP check  60 vision 0 time     0 VisionX  +0.00 Y  +0.00 theta   +0.0 elt    0 Ltcy   0 TarTheta  +0.00 AccLmt 0.00 VelLmt 0.00 OmgLmt  0.0 mode 3 vel r +0.00 th  +0.00 dri +0.00 stlt 0.00 
cam   +0   +0  0 fps(rx) 0 /   0 / ck :  62 / POS[StopEmergency] fbXY  +0.00  +0.00 / STOP check  69 vision 0 time     0 VisionX  +0.00 Y  +0.00 theta   +0.0 elt    0 Ltcy   0 TarTheta  +0.00 AccLmt 0.00 VelLmt 0.00 OmgLmt  0.0 mode 3 vel r +0.00 th  +0.00 dri +0.00 stlt 0.00 
cam   +0   +0  0 fps(rx) 0 /   0 / ck : 162 / POS[StopEmergency] fbXY  +0.00  +0.00 / STOP check 162 vision 0 time     0 VisionX  +0.00 Y  +0.00 theta   +0.0 elt    0 Ltcy   0 TarTheta  +0.00 AccLmt 0.00 VelLmt 0.00 OmgLmt  0.0 mode 3 vel r +0.00 th  +0.00 dri +0.00 stlt 0.00 
cam   +0   +0  0 fps(rx) 0 /   0 / ck :  60 / POS[StopEmergency] fbXY  +0.00  +0.00 / STOP check  53 vision 0 time     0 VisionX  +0.00 Y  +0.00 theta   +0.0 elt    0 Ltcy   0 TarTheta  +0.00 AccLmt 0.00 VelLmt 0.00 OmgLmt  0.0 mode 3 vel r +0.00 th  +0.00 dri +0.00 stlt 0.00 
cam   +0   +0  0 fps(rx) 0 /   0 / ck : 160 / POS[StopEmergency] fbXY  +0.00  -0.00 / STOP check 147 vision 0 time     0 VisionX  +0.00 Y  +0.00 theta   +0.0 elt    0 Ltcy   0 TarTheta  +0.00 AccLmt 0.00 VelLmt 0.00 OmgLmt  0.0 mode 3 vel r +0.00 th  +0.00 dri +0.00 stlt 0.00 
cam   +0   +0  0 fps(rx) 0 /   0 / ck :  58 / POS[StopEmergency] fbXY  +0.00  -0.00 / STOP check  39 vision 0 time     0 VisionX  +0.00 Y  +0.00 theta   +0.0 elt    0 Ltcy   0 TarTheta  +0.00 AccLmt 0.00 VelLmt 0.00 OmgLmt  0.0 mode 3 vel r +0.00 th  +0.00 dri +0.00 stlt 0.00 
cam   +0   +0  0 fps(rx) 0 /   0 / ck :  68 / POS[StopEmergency] fbXY  +0.00  -0.00 / STOP check  48 vision 0 time     0 VisionX  +0.00 Y  +0.00 theta   +0.0 elt    0 Ltcy   0 TarTheta  +0.00 AccLmt 0.00 VelLmt 0.00 OmgLmt  0.0 mode 3 vel r +0.00 th  +0.00 dri +0.00 stlt 0.00 
cam   +0   +0  0 fps(rx) 0 /   0 / ck : 157 / POS[StopEmergency] fbXY  +0.00  -0.00 / STOP check 132 vision 0 time     0 VisionX  +0.00 Y  +0.00 theta   +0.0 elt    0 Ltcy   0 TarTheta  +0.00 AccLmt 0.00 VelLmt 0.00 OmgLmt  0.0 mode 3 vel r +0.00 th  +0.00 dri +0.00 stlt 0.00 
cam   +0   +0  0 fps(rx) 0 /   0 / ck : 168 / POS[StopEmergency] fbXY  +0.00  +0.00 / STOP check 141 vision 0 time     0 VisionX  +0.00 Y  +0.00 theta   +0.0 elt    0 Ltcy   0 TarTheta  +0.00 AccLmt 0.00 VelLmt 0.00 OmgLmt  0.0 mode 3 vel r +0.00 th  +0.00 dri +0.00 stlt 0.00 
cam   +0   +0  0 fps(rx) 0 /   0 / ck :  55 / POS[StopEmergency] fbXY  +0.00  -0.00 / STOP check  24 vision 0 time     0 VisionX  +0.00 Y  +0.00 theta   +0.0 elt    0 Ltcy   0 TarTheta  +0.00 AccLmt 0.00 VelLmt 0.00 OmgLmt  0.0 mode 3 vel r +0.00 th  +0.00 dri +0.00 stlt 0.00 
cam   +0   +0  0 fps(rx) 0 /   0 / ck :  68 / POS[StopEmergency] fbXY  +0.00  +0.00 / STOP check  34 vision 0 time     0 VisionX  +0.00 Y  +0.00 theta   +0.0 elt    0 Ltcy   0 TarTheta  +0.00 AccLmt 0.00 VelLmt 0.00 OmgLmt  0.0 mode 3 vel r +0.00 th  +0.00 dri +0.00 stlt 0.00 
cam   +0   +0  0 fps(rx) 0 /   0 / ck : 151 / POS[StopEmergency] fbXY  +0.00  -0.00 / STOP check 116 vision 0 time     0 VisionX  +0.00 Y  +0.00 theta   +0.0 elt    0 Ltcy   0 TarTheta  +0.00 AccLmt 0.00 VelLmt 0.00 OmgLmt  0.0 mode 3 vel r +0.00 th  +0.00 dri +0.00 stlt 0.00 
cam   +0   +0  0 fps(rx) 0 /   0 / ck : 168 / POS[StopEmergency] fbXY  +0.00  +0.00 / STOP check 126 vision 0 time     0 VisionX  +0.00 Y  +0.00 theta   +0.0 elt    0 Ltcy   0 TarTheta  +0.00 AccLmt 0.00 VelLmt 0.00 OmgLmt  0.0 mode 3 vel r +0.00 th  +0.00 dri +0.00 stlt 0.00 
cam   +0   +0  0 fps(rx) 0 /   0 / ck :  66 / POS[StopEmergency] fbXY  -0.00  -0.00 / STOP check  17 vision 0 time     0 VisionX  +0.00 Y  +0.00 theta   +0.0 elt    0 Ltcy   0 TarTheta  +0.00 AccLmt 0.00 VelLmt 0.00 OmgLmt  0.0 mode 3 vel r +0.00 th  +0.00 dri +0.00 stlt 0.00 
cam   +0   +0  0 fps(rx) 0 /   0 / ck : 164 / POS[StopEmergency] fbXY  +0.00  -0.00 / STOP check 109 vision 0 time     0 VisionX  +0.00 Y  +0.00 theta   +0.0 elt    0 Ltcy   0 TarTheta  +0.00 AccLmt 0.00 VelLmt 0.00 OmgLmt  0.0 mode 3 vel r +0.00 th  +0.00 dri +0.00 stlt 0.00 
cam   +0   +0  0 fps(rx) 0 /   0 / ck :  62 / POS[StopEmergency] fbXY  +0.00  -0.00 / STOP check   1 vision 0 time     0 VisionX  +0.00 Y  +0.00 theta   +0.0 elt    0 Ltcy   0 TarTheta  +0.00 AccLmt 0.00 VelLmt 0.00 OmgLmt  0.0 mode 3 vel r +0.00 th  +0.00 dri +0.00 stlt 0.00 
cam   +0   +0  0 fps(rx) 0 /   0 / ck :  72 / POS[StopEmergency] fbXY  -0.00  -0.00 / STOP check  10 vision 0 time     0 VisionX  +0.00 Y  +0.00 theta   +0.0 elt    0 Ltcy   0 TarTheta  +0.00 AccLmt 0.00 VelLmt 0.00 OmgLmt  0.0 mode 3 vel r +0.00 th  +0.00 dri +0.00 stlt 0.00 
cam   +0   +0  0 fps(rx) 0 /   0 / ck : 159 / POS[StopEmergency] fbXY  +0.00  +0.00 / STOP check  93 vision 0 time     0 VisionX  +0.00 Y  +0.00 theta   +0.0 elt    0 Ltcy   0 TarTheta  +0.00 AccLmt 0.00 VelLmt 0.00 OmgLmt  0.0 mode 3 vel r +0.00 th  +0.00 dri +0.00 stlt 0.00 
cam   +0   +0  0 fps(rx) 0 /   0 / ck : 171 / POS[StopEmergency] fbXY  +0.00  -0.00 / STOP check 102 vision 0 time     0 VisionX  +0.00 Y  +0.00 theta   +0.0 elt    0 Ltcy   0 TarTheta  +0.00 AccLmt 0.00 VelLmt 0.00 OmgLmt  0.0 mode 3 vel r +0.00 th  +0.00 dri +0.00 stlt 0.00 
cam   +0   +0  0 fps(rx) 0 /   0 / ck :   0 / POS[StopEmergency] fbXY  +0.00  -0.00 / STOP check 185 vision 0 time     0 VisionX  +0.00 Y  +0.00 theta   +0.0 elt    0 Ltcy   0 TarTheta  +0.00 AccLmt 0.00 VelLmt 0.00 OmgLmt  0.0 mode 3 vel r +0.00 th  +0.00 dri +0.00 stlt 0.00 
cam   +0   +0  0 fps(rx) 0 /   0 / ck :  14 / POS[StopEmergency] fbXY  +0.00  -0.00 / STOP check 194 vision 0 time     0 VisionX  +0.00 Y  +0.00 theta   +0.0 elt    0 Ltcy   0 TarTheta  +0.00 AccLmt 0.00 VelLmt 0.00 OmgLmt  0.0 mode 3 vel r +0.00 th  +0.00 dri +0.00 stlt 0.00 
cam   +0   +0  0 fps(rx) 0 /   0 / ck : 155 / POS[StopEmergency] fbXY  +0.00  -0.00 / STOP check  76 vision 0 time     0 VisionX  +0.00 Y  +0.00 theta   +0.0 elt    0 Ltcy   0 TarTheta  +0.00 AccLmt 0.00 VelLmt 0.00 OmgLmt  0.0 mode 3 vel r +0.00 th  +0.00 dri +0.00 stlt 0.00 
cam   +0   +0  0 fps(rx) 0 /   0 / ck : 168 / POS[StopEmergency] fbXY  +0.00  -0.00 / STOP check  85 vision 0 time     0 VisionX  +0.00 Y  +0.00 theta   +0.0 elt    0 Ltcy   0 TarTheta  +0.00 AccLmt 0.00 VelLmt 0.00 OmgLmt  0.0 mode 3 vel r +0.00 th  +0.00 dri +0.00 stlt 0.00 
cam   +0   +0  0 fps(rx) 0 /   0 / ck : 251 / POS[StopEmergency] fbXY  +0.00  +0.00 / STOP check 167 vision 0 time     0 VisionX  +0.00 Y  +0.00 theta   +0.0 elt    0 Ltcy   0 TarTheta  +0.00 AccLmt 0.00 VelLmt 0.00 OmgLmt  0.0 mode 3 vel r +0.00 th  +0.00 dri +0.00 stlt 0.00 
cam   +0   +0  0 fps(rx) 0 /   0 / ck :   9 / POS[StopEmergency] fbXY  +0.00  +0.00 / STOP check 176 vision 0 time     0 VisionX  +0.00 Y  +0.00 theta   +0.0 elt    0 Ltcy   0 TarTheta  +0.00 AccLmt 0.00 VelLmt 0.00 OmgLmt  0.0 mode 3 vel r +0.00 th  +0.00 dri +0.00 stlt 0.00 
cam   +0   +0  0 fps(rx) 0 /   0 / ck : 156 / POS[StopEmergency] fbXY  -0.00  -0.00 / STOP check  66 vision 0 time     0 VisionX  +0.00 Y  +0.00 theta   +0.0 elt    0 Ltcy   0 TarTheta  +0.00 AccLmt 0.00 VelLmt 0.00 OmgLmt  0.0 mode 3 vel r +0.00 th  +0.00 dri +0.00 stlt 0.00 
cam   +0   +0  0 fps(rx) 0 /   0 / ck : 253 / POS[StopEmergency] fbXY  +0.00  -0.00 / STOP check 157 vision 0 time     0 VisionX  +0.00 Y  +0.00 theta   +0.0 elt    0 Ltcy   0 TarTheta  +0.00 AccLmt 0.00 VelLmt 0.00 OmgLmt  0.0 mode 3 vel r +0.00 th  +0.00 dri +0.00 stlt 0.00 
cam   +0   +0  0 fps(rx) 0 /   0 / ck :  13 / POS[StopEmergency] fbXY  +0.00  +0.00 / STOP check 166 vision 0 time     0 VisionX  +0.00 Y  +0.00 theta   +0.0 elt    0 Ltcy   0 TarTheta  +0.00 AccLmt 0.00 VelLmt 0.00 OmgLmt  0.0 mode 3 vel r +0.00 th  +0.00 dri +0.00 stlt 0.00 
cam   +0   +0  0 fps(rx) 0 /   0 / ck : 154 / POS[StopEmergency] fbXY  +0.00  -0.00 / STOP check  48 vision 0 time     0 VisionX  +0.00 Y  +0.00 theta   +0.0 elt    0 Ltcy   0 TarTheta  +0.00 AccLmt 0.00 VelLmt 0.00 OmgLmt  0.0 mode 3 vel r +0.00 th  +0.00 dri +0.00 stlt 0.00 
cam   +0   +0  0 fps(rx) 0 /   0 / ck : 167 / POS[StopEmergency] fbXY  +0.00  -0.00 / STOP check  57 vision 0 time     0 VisionX  +0.00 Y  +0.00 theta   +0.0 elt    0 Ltcy   0 TarTheta  +0.00 AccLmt 0.00 VelLmt 0.00 OmgLmt  0.0 mode 3 vel r +0.00 th  +0.00 dri +0.00 stlt 0.00 
cam   +0   +0  0 fps(rx) 0 /   0 / ck : 252 / POS[StopEmergency] fbXY  -0.00  -0.00 / STOP check 140 vision 0 time     0 VisionX  +0.00 Y  +0.00 theta   +0.0 elt    0 Ltcy   0 TarTheta  +0.00 AccLmt 0.00 VelLmt 0.00 OmgLmt  0.0 mode 3 vel r +0.00 th  +0.00 dri +0.00 stlt 0.00 
cam   +0   +0  0 fps(rx) 0 /   0 / ck :  10 / POS[StopEmergency] fbXY  +0.00  +0.00 / STOP check 149 vision 0 time     0 VisionX  +0.00 Y  +0.00 theta   +0.0 elt    0 Ltcy   0 TarTheta  +0.00 AccLmt 0.00 VelLmt 0.00 OmgLmt  0.0 mode 3 vel r +0.00 th  +0.00 dri +0.00 stlt 0.00 
cam   +0   +0  0 fps(rx) 0 /   0 / ck : 164 / POS[StopEmergency] fbXY  +0.00  -0.00 / STOP check  40 vision 0 time     0 VisionX  +0.00 Y  +0.00 theta   +0.0 elt    0 Ltcy   0 TarTheta  +0.00 AccLmt 0.00 VelLmt 0.00 OmgLmt  0.0 mode 3 vel r +0.00 th  +0.00 dri +0.00 stlt 0.00 
cam   +0   +0  0 fps(rx) 0 /   0 / ck :   7 / POS[StopEmergency] fbXY  +0.00  +0.00 / STOP check 133 vision 0 time     0 VisionX  +0.00 Y  +0.00 theta   +0.0 elt    0 Ltcy   0 TarTheta  +0.00 AccLmt 0.00 VelLmt 0.00 OmgLmt  0.0 mode 3 vel r +0.00 th  +0.00 dri +0.00 stlt 0.00 
cam   +0   +0  0 fps(rx) 0 /   0 / ck : 159 / POS[StopEmergency] fbXY  +0.00  -0.00 / STOP check  25 vision 0 time     0 VisionX  +0.00 Y  +0.00 theta   +0.0 elt    0 Ltcy   0 TarTheta  +0.00 AccLmt 0.00 VelLmt 0.00 OmgLmt  0.0 mode 3 vel r +0.00 th  +0.00 dri +0.00 stlt 0.00 
cam   +0   +0  0 fps(rx) 0 /   0 / ck : 171 / POS[StopEmergency] fbXY  -0.00  -0.00 / STOP check  34 vision 0 time     0 VisionX  +0.00 Y  +0.00 theta   +0.0 elt    0 Ltcy   0 TarTheta  +0.00 AccLmt 0.00 VelLmt 0.00 OmgLmt  0.0 mode 3 vel r +0.00 th  +0.00 dri +0.00 stlt 0.00 
cam   +0   +0  0 fps(rx) 0 /   0 / ck :   2 / POS[StopEmergency] fbXY  +0.00  +0.00 / STOP check 117 vision 0 time     0 VisionX  +0.00 Y  +0.00 theta   +0.0 elt    0 Ltcy   0 TarTheta  +0.00 AccLmt 0.00 VelLmt 0.00 OmgLmt  0.0 mode 3 vel r +0.00 th  +0.00 dri +0.00 stlt 0.00 
cam   +0   +0  0 fps(rx) 0 /   0 / ck :  14 / POS[StopEmergency] fbXY  -0.00  -0.00 / STOP check 126 vision 0 time     0 VisionX  +0.00 Y  +0.00 theta   +0.0 elt    0 Ltcy   0 TarTheta  +0.00 AccLmt 0.00 VelLmt 0.00 OmgLmt  0.0 mode 3 vel r +0.00 th  +0.00 dri +0.00 stlt 0.00 
cam   +0   +0  0 fps(rx) 0 /   0 / ck : 156 / POS[StopEmergency] fbXY  -0.00  -0.00 / STOP check   9 vision 0 time     0 VisionX  +0.00 Y  +0.00 theta   +0.0 elt    0 Ltcy   0 TarTheta  +0.00 AccLmt 0.00 VelLmt 0.00 OmgLmt  0.0 mode 3 vel r +0.00 th  +0.00 dri +0.00 stlt 0.00 
cam   +0   +0  0 fps(rx) 0 /   0 / ck : 169 / POS[StopEmergency] fbXY  +0.00  -0.00 / STOP check  19 vision 0 time     0 VisionX  +0.00 Y  +0.00 theta   +0.0 elt    0 Ltcy   0 TarTheta  +0.00 AccLmt 0.00 VelLmt 0.00 OmgLmt  0.0 mode 3 vel r +0.00 th  +0.00 dri +0.00 stlt 0.00 
cam   +0   +0  0 fps(rx) 0 /   0 / ck : 254 / POS[StopEmergency] fbXY  -0.00  -0.00 / STOP check 102 vision 0 time     0 VisionX  +0.00 Y  +0.00 theta   +0.0 elt    0 Ltcy   0 TarTheta  +0.00 AccLmt 0.00 VelLmt 0.00 OmgLmt  0.0 mode 3 vel r +0.00 th  +0.00 dri +0.00 stlt 0.00 
cam   +0   +0  0 fps(rx) 0 /   0 / ck :  13 / POS[StopEmergency] fbXY  +0.00  -0.00 / STOP check 111 vision 0 time     0 VisionX  +0.00 Y  +0.00 theta   +0.0 elt    0 Ltcy   0 TarTheta  +0.00 AccLmt 0.00 VelLmt 0.00 OmgLmt  0.0 mode 3 vel r +0.00 th  +0.00 dri +0.00 stlt 0.00 
cam   +0   +0  0 fps(rx) 0 /   0 / ck :  97 / POS[StopEmergency] fbXY  +0.00  -0.00 / STOP check 194 vision 0 time     0 VisionX  +0.00 Y  +0.00 theta   +0.0 elt    0 Ltcy   0 TarTheta  +0.00 AccLmt 0.00 VelLmt 0.00 OmgLmt  0.0 mode 3 vel r +0.00 th  +0.00 dri +0.00 stlt 0.00 
cam   +0   +0  0 fps(rx) 0 /   0 / ck : 167 / POS[StopEmergency] fbXY  -0.00  -0.00 / STOP check   2 vision 0 time     0 VisionX  +0.00 Y  +0.00 theta   +0.0 elt    0 Ltcy   0 TarTheta  +0.00 AccLmt 0.00 VelLmt 0.00 OmgLmt  0.0 mode 3 vel r +0.00 th  +0.00 dri +0.00 stlt 0.00 
cam   +0   +0  0 fps(rx) 0 /   0 / ck :   8 / POS[StopEmergency] fbXY  -0.00  -0.00 / STOP check  94 vision 0 time     0 VisionX  +0.00 Y  +0.00 theta   +0.0 elt    0 Ltcy   0 TarTheta  +0.00 AccLmt 0.00 VelLmt 0.00 OmgLmt  0.0 mode 3 vel r +0.00 th  +0.00 dri +0.00 stlt 0.00 
cam   +0   +0  0 fps(rx) 0 /   0 / ck : 108 / POS[StopEmergency] fbXY  +0.00  -0.00 / STOP check 187 vision 0 time     0 VisionX  +0.00 Y  +0.00 theta   +0.0 elt    0 Ltcy   0 TarTheta  +0.00 AccLmt 0.00 VelLmt 0.00 OmgLmt  0.0 mode 3 vel r +0.00 th  +0.00 dri +0.00 stlt 0.00 
cam   +0   +0  0 fps(rx) 0 /   0 / ck : 118 / POS[StopEmergency] fbXY  +0.00  +0.00 / STOP check 196 vision 0 time     0 VisionX  +0.00 Y  +0.00 theta   +0.0 elt    0 Ltcy   0 TarTheta  +0.00 AccLmt 0.00 VelLmt 0.00 OmgLmt  0.0 mode 3 vel r +0.00 th  +0.00 dri +0.00 stlt 0.00 
cam   +0   +0  0 fps(rx) 0 /   0 / ck :   7 / POS[StopEmergency] fbXY  -0.00  -0.00 / STOP check  79 vision 0 time     0 VisionX  +0.00 Y  +0.00 theta   +0.0 elt    0 Ltcy   0 TarTheta  +0.00 AccLmt 0.00 VelLmt 0.00 OmgLmt  0.0 mode 3 vel r +0.00 th  +0.00 dri +0.00 stlt 0.00 
cam   +0   +0  0 fps(rx) 0 /   0 / ck :  18 / POS[StopEmergency] fbXY  +0.00  -0.00 / STOP check  89 vision 0 time     0 VisionX  +0.00 Y  +0.00 theta   +0.0 elt    0 Ltcy   0 TarTheta  +0.00 AccLmt 0.00 VelLmt 0.00 OmgLmt  0.0 mode 3 vel r +0.00 th  +0.00 dri +0.00 stlt 0.00 
cam   +0   +0  0 fps(rx) 0 /   0 / ck : 104 / POS[StopEmergency] fbXY  -0.00  -0.00 / STOP check 171 vision 0 time     0 VisionX  +0.00 Y  +0.00 theta   +0.0 elt    0 Ltcy   0 TarTheta  +0.00 AccLmt 0.00 VelLmt 0.00 OmgLmt  0.0 mode 3 vel r +0.00 th  +0.00 dri +0.00 stlt 0.00 
cam   +0   +0  0 fps(rx) 0 /   0 / ck : 116 / POS[StopEmergency] fbXY  +0.00  +0.00 / STOP check 180 vision 0 time     0 VisionX  +0.00 Y  +0.00 theta   +0.0 elt    0 Ltcy   0 TarTheta  +0.00 AccLmt 0.00 VelLmt 0.00 OmgLmt  0.0 mode 3 vel r +0.00 th  +0.00 dri +0.00 stlt 0.00 
cam   +0   +0  0 fps(rx) 0 /   0 / ck :   0 / POS[StopEmergency] fbXY  -0.00  -0.00 / STOP check  62 vision 0 time     0 VisionX  +0.00 Y  +0.00 theta   +0.0 elt    0 Ltcy   0 TarTheta  +0.00 AccLmt 0.00 VelLmt 0.00 OmgLmt  0.0 mode 3 vel r +0.00 th  +0.00 dri +0.00 stlt 0.00 
cam   +0   +0  0 fps(rx) 0 /   0 / ck :  14 / POS[StopEmergency] fbXY  +0.00  -0.00 / STOP check  71 vision 0 time     0 VisionX  +0.00 Y  +0.00 theta   +0.0 elt    0 Ltcy   0 TarTheta  +0.00 AccLmt 0.00 VelLmt 0.00 OmgLmt  0.0 mode 3 vel r +0.00 th  +0.00 dri +0.00 stlt 0.00 
cam   +0   +0  0 fps(rx) 0 /   0 / ck :  99 / POS[StopEmergency] fbXY  +0.00  +0.00 / STOP check 155 vision 0 time     0 VisionX  +0.00 Y  +0.00 theta   +0.0 elt    0 Ltcy   0 TarTheta  +0.00 AccLmt 0.00 VelLmt 0.00 OmgLmt  0.0 mode 3 vel r +0.00 th  +0.00 dri +0.00 stlt 0.00 
cam   +0   +0  0 fps(rx) 0 /   0 / ck : 114 / POS[StopEmergency] fbXY  +0.00  +0.00 / STOP check 164 vision 0 time     0 VisionX  +0.00 Y  +0.00 theta   +0.0 elt    0 Ltcy   0 TarTheta  +0.00 AccLmt 0.00 VelLmt 0.00 OmgLmt  0.0 mode 3 vel r +0.00 th  +0.00 dri +0.00 stlt 0.00 
cam   +0   +0  0 fps(rx) 0 /   0 / ck :  11 / POS[StopEmergency] fbXY  -0.00  -0.00 / STOP check  55 vision 0 time     0 VisionX  +0.00 Y  +0.00 theta   +0.0 elt    0 Ltcy   0 TarTheta  +0.00 AccLmt 0.00 VelLmt 0.00 OmgLmt  0.0 mode 3 vel r +0.00 th  +0.00 dri +0.00 stlt 0.00 
cam   +0   +0  0 fps(rx) 0 /   0 / ck : 108 / POS[StopEmergency] fbXY  +0.00  +0.00 / STOP check 147 vision 0 time     0 VisionX  +0.00 Y  +0.00 theta   +0.0 elt    0 Ltcy   0 TarTheta  +0.00 AccLmt 0.00 VelLmt 0.00 OmgLmt  0.0 mode 3 vel r +0.00 th  +0.00 dri +0.00 stlt 0.00 
cam   +0   +0  0 fps(rx) 0 /   0 / ck : 120 / POS[StopEmergency] fbXY  -0.00  -0.00 / STOP check 157 vision 0 time     0 VisionX  +0.00 Y  +0.00 theta   +0.0 elt    0 Ltcy   0 TarTheta  +0.00 AccLmt 0.00 VelLmt 0.00 OmgLmt  0.0 mode 3 vel r +0.00 th  +0.00 dri +0.00 stlt 0.00 
cam   +0   +0  0 fps(rx) 0 /   0 / ck :   7 / POS[StopEmergency] fbXY  +0.00  -0.00 / STOP check  39 vision 0 time     0 VisionX  +0.00 Y  +0.00 theta   +0.0 elt    0 Ltcy   0 TarTheta  +0.00 AccLmt 0.00 VelLmt 0.00 OmgLmt  0.0 mode 3 vel r +0.00 th  +0.00 dri +0.00 stlt 0.00 
cam   +0   +0  0 fps(rx) 0 /   0 / ck : 103 / POS[StopEmergency] fbXY  +0.00  -0.00 / STOP check 132 vision 0 time     0 VisionX  +0.00 Y  +0.00 theta   +0.0 elt    0 Ltcy   0 TarTheta  +0.00 AccLmt 0.00 VelLmt 0.00 OmgLmt  0.0 mode 3 vel r +0.00 th  +0.00 dri +0.00 stlt 0.00 
cam   +0   +0  0 fps(rx) 0 /   0 / ck : 118 / POS[StopEmergency] fbXY  +0.00  +0.00 / STOP check 141 vision 0 time     0 VisionX  +0.00 Y  +0.00 theta   +0.0 elt    0 Ltcy   0 TarTheta  +0.00 AccLmt 0.00 VelLmt 0.00 OmgLmt  0.0 mode 3 vel r +0.00 th  +0.00 dri +0.00 stlt 0.00 
cam   +0   +0  0 fps(rx) 0 /   0 / ck :   3 / POS[StopEmergency] fbXY  +0.00  -0.00 / STOP check  24 vision 0 time     0 VisionX  +0.00 Y  +0.00 theta   +0.0 elt    0 Ltcy   0 TarTheta  +0.00 AccLmt 0.00 VelLmt 0.00 OmgLmt  0.0 mode 3 vel r +0.00 th  +0.00 dri +0.00 stlt 0.00 
cam   +0   +0  0 fps(rx) 0 /   0 / ck :  16 / POS[StopEmergency] fbXY  +0.00  +0.00 / STOP check  33 vision 0 time     0 VisionX  +0.00 Y  +0.00 theta   +0.0 elt    0 Ltcy   0 TarTheta  +0.00 AccLmt 0.00 VelLmt 0.00 OmgLmt  0.0 mode 3 vel r +0.00 th  +0.00 dri +0.00 stlt 0.00 
cam   +0   +0  0 fps(rx) 0 /   0 / ck : 115 / POS[StopEmergency] fbXY  +0.00  -0.00 / STOP check 125 vision 0 time     0 VisionX  +0.00 Y  +0.00 theta   +0.0 elt    0 Ltcy   0 TarTheta  +0.00 AccLmt 0.00 VelLmt 0.00 OmgLmt  0.0 mode 3 vel r +0.00 th  +0.00 dri +0.00 stlt 0.00 
cam   +0   +0  0 fps(rx) 0 /   0 / ck :  15 / POS[StopEmergency] fbXY  +0.00  -0.00 / STOP check  18 vision 0 time     0 VisionX  +0.00 Y  +0.00 theta   +0.0 elt    0 Ltcy   0 TarTheta  +0.00 AccLmt 0.00 VelLmt 0.00 OmgLmt  0.0 mode 3 vel r +0.00 th  +0.00 dri +0.00 stlt 0.00 
cam   +0   +0  0 fps(rx) 0 /   0 / ck : 113 / POS[StopEmergency] fbXY  -0.00  -0.00 / STOP check 110 vision 0 time     0 VisionX  +0.00 Y  +0.00 theta   +0.0 elt    0 Ltcy   0 TarTheta  +0.00 AccLmt 0.00 VelLmt 0.00 OmgLmt  0.0 mode 3 vel r +0.00 th  +0.00 dri +0.00 stlt 0.00 
cam   +0   +0  0 fps(rx) 0 /   0 / ck : 123 / POS[StopEmergency] fbXY  +0.00  -0.00 / STOP check 119 vision 0 time     0 VisionX  +0.00 Y  +0.00 theta   +0.0 elt    0 Ltcy   0 TarTheta  +0.00 AccLmt 0.00 VelLmt 0.00 OmgLmt  0.0 mode 3 vel r +0.00 th  +0.00 dri +0.00 stlt 0.00 
cam   +0   +0  0 fps(rx) 0 /   0 / ck :  13 / POS[StopEmergency] fbXY  -0.00  -0.00 / STOP check   2 vision 0 time     0 VisionX  +0.00 Y  +0.00 theta   +0.0 elt    0 Ltcy   0 TarTheta  +0.00 AccLmt 0.00 VelLmt 0.00 OmgLmt  0.0 mode 3 vel r +0.00 th  +0.00 dri +0.00 stlt 0.00 
cam   +0   +0  0 fps(rx) 0 /   0 / ck : 110 / POS[StopEmergency] fbXY  +0.00  -0.00 / STOP check  94 vision 0 time     0 VisionX  +0.00 Y  +0.00 theta   +0.0 elt    0 Ltcy   0 TarTheta  +0.00 AccLmt 0.00 VelLmt 0.00 OmgLmt  0.0 mode 3 vel r +0.00 th  +0.00 dri +0.00 stlt 0.00 
cam   +0   +0  0 fps(rx) 0 /   0 / ck : 121 / POS[StopEmergency] fbXY  +0.00  +0.00 / STOP check 103 vision 0 time     0 VisionX  +0.00 Y  +0.00 theta   +0.0 elt    0 Ltcy   0 TarTheta  +0.00 AccLmt 0.00 VelLmt 0.00 OmgLmt  0.0 mode 3 vel r +0.00 th  +0.00 dri +0.00 stlt 0.00 
cam   +0   +0  0 fps(rx) 0 /   0 / ck : 208 / POS[StopEmergency] fbXY  -0.00  -0.00 / STOP check 187 vision 0 time     0 VisionX  +0.00 Y  +0.00 theta   +0.0 elt    0 Ltcy   0 TarTheta  +0.00 AccLmt 0.00 VelLmt 0.00 OmgLmt  0.0 mode 3 vel r +0.00 th  +0.00 dri +0.00 stlt 0.00 
cam   +0   +0  0 fps(rx) 0 /   0 / ck : 221 / POS[StopEmergency] fbXY  -0.00  -0.00 / STOP check 196 vision 0 time     0 VisionX  +0.00 Y  +0.00 theta   +0.0 elt    0 Ltcy   0 TarTheta  +0.00 AccLmt 0.00 VelLmt 0.00 OmgLmt  0.0 mode 3 vel r +0.00 th  +0.00 dri +0.00 stlt 0.00 
cam   +0   +0  0 fps(rx) 0 /   0 / ck : 105 / POS[StopEmergency] fbXY  +0.00  +0.00 / STOP check  78 vision 0 time     0 VisionX  +0.00 Y  +0.00 theta   +0.0 elt    0 Ltcy   0 TarTheta  +0.00 AccLmt 0.00 VelLmt 0.00 OmgLmt  0.0 mode 3 vel r +0.00 th  +0.00 dri +0.00 stlt 0.00 
cam   +0   +0  0 fps(rx) 0 /   0 / ck : 118 / POS[StopEmergency] fbXY  +0.00  +0.00 / STOP check  87 vision 0 time     0 VisionX  +0.00 Y  +0.00 theta   +0.0 elt    0 Ltcy   0 TarTheta  +0.00 AccLmt 0.00 VelLmt 0.00 OmgLmt  0.0 mode 3 vel r +0.00 th  +0.00 dri +0.00 stlt 0.00 
cam   +0   +0  0 fps(rx) 0 /   0 / ck : 216 / POS[StopEmergency] fbXY  -0.00  -0.00 / STOP check 179 vision 0 time     0 VisionX  +0.00 Y  +0.00 theta   +0.0 elt    0 Ltcy   0 TarTheta  +0.00 AccLmt 0.00 VelLmt 0.00 OmgLmt  0.0 mode 3 vel r +0.00 th  +0.00 dri +0.00 stlt 0.00 
cam   +0   +0  0 fps(rx) 0 /   0 / ck : 115 / POS[StopEmergency] fbXY  +0.00  -0.00 / STOP check  70 vision 0 time     0 VisionX  +0.00 Y  +0.00 theta   +0.0 elt    0 Ltcy   0 TarTheta  +0.00 AccLmt 0.00 VelLmt 0.00 OmgLmt  0.0 mode 3 vel r +0.00 th  +0.00 dri +0.00 stlt 0.00 
cam   +0   +0  0 fps(rx) 0 /   0 / ck : 126 / POS[StopEmergency] fbXY  +0.00  +0.00 / STOP check  80 vision 0 time     0 VisionX  +0.00 Y  +0.00 theta   +0.0 elt    0 Ltcy   0 TarTheta  +0.00 AccLmt 0.00 VelLmt 0.00 OmgLmt  0.0 mode 3 vel r +0.00 th  +0.00 dri +0.00 stlt 0.00 
cam   +0   +0  0 fps(rx) 0 /   0 / ck : 216 / POS[StopEmergency] fbXY  +0.00  -0.00 / STOP check 164 vision 0 time     0 VisionX  +0.00 Y  +0.00 theta   +0.0 elt    0 Ltcy   0 TarTheta  +0.00 AccLmt 0.00 VelLmt 0.00 OmgLmt  0.0 mode 3 vel r +0.00 th  +0.00 dri +0.00 stlt 0.00 
cam   +0   +0  0 fps(rx) 0 /   0 / ck : 226 / POS[StopEmergency] fbXY  +0.00  +0.00 / STOP check 173 vision 0 time     0 VisionX  +0.00 Y  +0.00 theta   +0.0 elt    0 Ltcy   0 TarTheta  +0.00 AccLmt 0.00 VelLmt 0.00 OmgLmt  0.0 mode 3 vel r +0.00 th  +0.00 dri +0.00 stlt 0.00 
cam   +0   +0  0 fps(rx) 0 /   0 / ck : 117 / POS[StopEmergency] fbXY  -0.00  -0.00 / STOP check  57 vision 0 time     0 VisionX  +0.00 Y  +0.00 theta   +0.0 elt    0 Ltcy   0 TarTheta  +0.00 AccLmt 0.00 VelLmt 0.00 OmgLmt  0.0 mode 3 vel r +0.00 th  +0.00 dri +0.00 stlt 0.00 
cam   +0   +0  0 fps(rx) 0 /   0 / ck : 216 / POS[StopEmergency] fbXY  +0.00  -0.00 / STOP check 150 vision 0 time     0 VisionX  +0.00 Y  +0.00 theta   +0.0 elt    0 Ltcy   0 TarTheta  +0.00 AccLmt 0.00 VelLmt 0.00 OmgLmt  0.0 mode 3 vel r +0.00 th  +0.00 dri +0.00 stlt 0.00 
cam   +0   +0  0 fps(rx) 0 /   0 / ck : 226 / POS[StopEmergency] fbXY  +0.00  +0.00 / STOP check 159 vision 0 time     0 VisionX  +0.00 Y  +0.00 theta   +0.0 elt    0 Ltcy   0 TarTheta  +0.00 AccLmt 0.00 VelLmt 0.00 OmgLmt  0.0 mode 3 vel r +0.00 th  +0.00 dri +0.00 stlt 0.00 
cam   +0   +0  0 fps(rx) 0 /   0 / ck : 112 / POS[StopEmergency] fbXY  +0.00  -0.00 / STOP check  41 vision 0 time     0 VisionX  +0.00 Y  +0.00 theta   +0.0 elt    0 Ltcy   0 TarTheta  +0.00 AccLmt 0.00 VelLmt 0.00 OmgLmt  0.0 mode 3 vel r +0.00 th  +0.00 dri +0.00 stlt 0.00 
cam   +0   +0  0 fps(rx) 0 /   0 / ck : 123 / POS[StopEmergency] fbXY  -0.00  -0.00 / STOP check  50 vision 0 time     0 VisionX  +0.00 Y  +0.00 theta   +0.0 elt    0 Ltcy   0 TarTheta  +0.00 AccLmt 0.00 VelLmt 0.00 OmgLmt  0.0 mode 3 vel r +0.00 th  +0.00 dri +0.00 stlt 0.00 
cam   +0   +0  0 fps(rx) 0 /   0 / ck : 208 / POS[StopEmergency] fbXY  -0.00  -0.00 / STOP check 133 vision 0 time     0 VisionX  +0.00 Y  +0.00 theta   +0.0 elt    0 Ltcy   0 TarTheta  +0.00 AccLmt 0.00 VelLmt 0.00 OmgLmt  0.0 mode 3 vel r +0.00 th  +0.00 dri +0.00 stlt 0.00 
cam   +0   +0  0 fps(rx) 0 /   0 / ck : 222 / POS[StopEmergency] fbXY  +0.00  +0.00 / STOP check 142 vision 0 time     0 VisionX  +0.00 Y  +0.00 theta   +0.0 elt    0 Ltcy   0 TarTheta  +0.00 AccLmt 0.00 VelLmt 0.00 OmgLmt  0.0 mode 3 vel r +0.00 th  +0.00 dri +0.00 stlt 0.00 
cam   +0   +0  0 fps(rx) 0 /   0 / ck : 121 / POS[StopEmergency] fbXY  -0.00  -0.00 / STOP check  34 vision 0 time     0 VisionX  +0.00 Y  +0.00 theta   +0.0 elt    0 Ltcy   0 TarTheta  +0.00 AccLmt 0.00 VelLmt 0.00 OmgLmt  0.0 mode 3 vel r +0.00 th  +0.00 dri +0.00 stlt 0.00 
cam   +0   +0  0 fps(rx) 0 /   0 / ck : 207 / POS[StopEmergency] fbXY  +0.00  +0.00 / STOP check 119 vision 0 time     0 VisionX  +0.00 Y  +0.00 theta   +0.0 elt    0 Ltcy   0 TarTheta  +0.00 AccLmt 0.00 VelLmt 0.00 OmgLmt  0.0 mode 3 vel r +0.00 th  +0.00 dri +0.00 stlt 0.00 
cam   +0   +0  0 fps(rx) 0 /   0 / ck : 222 / POS[StopEmergency] fbXY  +0.00  -0.00 / STOP check 128 vision 0 time     0 VisionX  +0.00 Y  +0.00 theta   +0.0 elt    0 Ltcy   0 TarTheta  +0.00 AccLmt 0.00 VelLmt 0.00 OmgLmt  0.0 mode 3 vel r +0.00 th  +0.00 dri +0.00 stlt 0.00 
cam   +0   +0  0 fps(rx) 0 /   0 / ck : 121 / POS[StopEmergency] fbXY  +0.00  -0.00 / STOP check  20 vision 0 time     0 VisionX  +0.00 Y  +0.00 theta   +0.0 elt    0 Ltcy   0 TarTheta  +0.00 AccLmt 0.00 VelLmt 0.00 OmgLmt  0.0 mode 3 vel r +0.00 th  +0.00 dri +0.00 stlt 0.00 
cam   +0   +0  0 fps(rx) 0 /   0 / ck : 219 / POS[StopEmergency] fbXY  -0.00  -0.00 / STOP check 112 vision 0 time     0 VisionX  +0.00 Y  +0.00 theta   +0.0 elt    0 Ltcy   0 TarTheta  +0.00 AccLmt 0.00 VelLmt 0.00 OmgLmt  0.0 mode 3 vel r +0.00 th  +0.00 dri +0.00 stlt 0.00 
cam   +0   +0  0 fps(rx) 0 /   0 / ck : 230 / POS[StopEmergency] fbXY  -0.00  -0.00 / STOP check 122 vision 0 time     0 VisionX  +0.00 Y  +0.00 theta   +0.0 elt    0 Ltcy   0 TarTheta  +0.00 AccLmt 0.00 VelLmt 0.00 OmgLmt  0.0 mode 3 vel r +0.00 th  +0.00 dri +0.00 stlt 0.00 
cam   +0   +0  0 fps(rx) 0 /   0 / ck : 117 / POS[StopEmergency] fbXY  +0.00  +0.00 / STOP check   4 vision 0 time     0 VisionX  +0.00 Y  +0.00 theta   +0.0 elt    0 Ltcy   0 TarTheta  +0.00 AccLmt 0.00 VelLmt 0.00 OmgLmt  0.0 mode 3 vel r +0.00 th  +0.00 dri +0.00 stlt 0.00 
cam   +0   +0  0 fps(rx) 0 /   0 / ck : 213 / POS[StopEmergency] fbXY  -0.00  -0.00 / STOP check  96 vision 0 time     0 VisionX  +0.00 Y  +0.00 theta   +0.0 elt    0 Ltcy   0 TarTheta  +0.00 AccLmt 0.00 VelLmt 0.00 OmgLmt  0.0 mode 3 vel r +0.00 th  +0.00 dri +0.00 stlt 0.00 
cam   +0   +0  0 fps(rx) 0 /   0 / ck :  53 / POS[StopEmergency] fbXY  +0.00  +0.00 / STOP check 189 vision 0 time     0 VisionX  +0.00 Y  +0.00 theta   +0.0 elt    0 Ltcy   0 TarTheta  +0.00 AccLmt 0.00 VelLmt 0.00 OmgLmt  0.0 mode 3 vel r +0.00 th  +0.00 dri +0.00 stlt 0.00 
cam   +0   +0  0 fps(rx) 0 /   0 / ck :  70 / POS[StopEmergency] fbXY  +0.00  -0.00 / STOP check 198 vision 0 time     0 VisionX  +0.00 Y  +0.00 theta   +0.0 elt    0 Ltcy   0 TarTheta  +0.00 AccLmt 0.00 VelLmt 0.00 OmgLmt  0.0 mode 3 vel r +0.00 th  +0.00 dri +0.00 stlt 0.00 
cam   +0   +0  0 fps(rx) 0 /   0 / ck : 209 / POS[StopEmergency] fbXY  +0.00  -0.00 / STOP check  80 vision 0 time     0 VisionX  +0.00 Y  +0.00 theta   +0.0 elt    0 Ltcy   0 TarTheta  +0.00 AccLmt 0.00 VelLmt 0.00 OmgLmt  0.0 mode 3 vel r +0.00 th  +0.00 dri +0.00 stlt 0.00 
cam   +0   +0  0 fps(rx) 0 /   0 / ck : 224 / POS[StopEmergency] fbXY  -0.00  -0.00 / STOP check  89 vision 0 time     0 VisionX  +0.00 Y  +0.00 theta   +0.0 elt    0 Ltcy   0 TarTheta  +0.00 AccLmt 0.00 VelLmt 0.00 OmgLmt  0.0 mode 3 vel r +0.00 th  +0.00 dri +0.00 stlt 0.00 
cam   +0   +0  0 fps(rx) 0 /   0 / ck :  67 / POS[StopEmergency] fbXY  +0.00  +0.00 / STOP check 181 vision 0 time     0 VisionX  +0.00 Y  +0.00 theta   +0.0 elt    0 Ltcy   0 TarTheta  +0.00 AccLmt 0.00 VelLmt 0.00 OmgLmt  0.0 mode 3 vel r +0.00 th  +0.00 dri +0.00 stlt 0.00 
cam   +0   +0  0 fps(rx) 0 /   0 / ck : 221 / POS[StopEmergency] fbXY  -0.00  -0.00 / STOP check  73 vision 0 time     0 VisionX  +0.00 Y  +0.00 theta   +0.0 elt    0 Ltcy   0 TarTheta  +0.00 AccLmt 0.00 VelLmt 0.00 OmgLmt  0.0 mode 3 vel r +0.00 th  +0.00 dri +0.00 stlt 0.00 
cam   +0   +0  0 fps(rx) 0 /   0 / ck : 231 / POS[StopEmergency] fbXY  +0.00  +0.00 / STOP check  82 vision 0 time     0 VisionX  +0.00 Y  +0.00 theta   +0.0 elt    0 Ltcy   0 TarTheta  +0.00 AccLmt 0.00 VelLmt 0.00 OmgLmt  0.0 mode 3 vel r +0.00 th  +0.00 dri +0.00 stlt 0.00 
cam   +0   +0  0 fps(rx) 0 /   0 / ck :  64 / POS[StopEmergency] fbXY  +0.00  -0.00 / STOP check 166 vision 0 time     0 VisionX  +0.00 Y  +0.00 theta   +0.0 elt    0 Ltcy   0 TarTheta  +0.00 AccLmt 0.00 VelLmt 0.00 OmgLmt  0.0 mode 3 vel r +0.00 th  +0.00 dri +0.00 stlt 0.00 
cam   +0   +0  0 fps(rx) 0 /   0 / ck :  74 / POS[StopEmergency] fbXY  -0.00  -0.00 / STOP check 175 vision 0 time     0 VisionX  +0.00 Y  +0.00 theta   +0.0 elt    0 Ltcy   0 TarTheta  +0.00 AccLmt 0.00 VelLmt 0.00 OmgLmt  0.0 mode 3 vel r +0.00 th  +0.00 dri +0.00 stlt 0.00 
cam   +0   +0  0 fps(rx) 0 /   0 / ck : 216 / POS[StopEmergency] fbXY  +0.00  -0.00 / STOP check  58 vision 0 time     0 VisionX  +0.00 Y  +0.00 theta   +0.0 elt    0 Ltcy   0 TarTheta  +0.00 AccLmt 0.00 VelLmt 0.00 OmgLmt  0.0 mode 3 vel r +0.00 th  +0.00 dri +0.00 stlt 0.00 
cam   +0   +0  0 fps(rx) 0 /   0 / ck : 229 / POS[StopEmergency] fbXY  +0.00  +0.00 / STOP check  67 vision 0 time     0 VisionX  +0.00 Y  +0.00 theta   +0.0 elt    0 Ltcy   0 TarTheta  +0.00 AccLmt 0.00 VelLmt 0.00 OmgLmt  0.0 mode 3 vel r +0.00 th  +0.00 dri +0.00 stlt 0.00 
cam   +0   +0  0 fps(rx) 0 /   0 / ck :  58 / POS[StopEmergency] fbXY  -0.00  -0.00 / STOP check 150 vision 0 time     0 VisionX  +0.00 Y  +0.00 theta   +0.0 elt    0 Ltcy   0 TarTheta  +0.00 AccLmt 0.00 VelLmt 0.00 OmgLmt  0.0 mode 3 vel r +0.00 th  +0.00 dri +0.00 stlt 0.00 
cam   +0   +0  0 fps(rx) 0 /   0 / ck :  72 / POS[StopEmergency] fbXY  +0.00  -0.00 / STOP check 159 vision 0 time     0 VisionX  +0.00 Y  +0.00 theta   +0.0 elt    0 Ltcy   0 TarTheta  +0.00 AccLmt 0.00 VelLmt 0.00 OmgLmt  0.0 mode 3 vel r +0.00 th  +0.00 dri +0.00 stlt 0.00 
cam   +0   +0  0 fps(rx) 0 /   0 / ck : 213 / POS[StopEmergency] fbXY  +0.00  -0.00 / STOP check  42 vision 0 time     0 VisionX  +0.00 Y  +0.00 theta   +0.0 elt    0 Ltcy   0 TarTheta  +0.00 AccLmt 0.00 VelLmt 0.00 OmgLmt  0.0 mode 3 vel r +0.00 th  +0.00 dri +0.00 stlt 0.00 
cam   +0   +0  0 fps(rx) 0 /   0 / ck : 227 / POS[StopEmergency] fbXY  +0.00  +0.00 / STOP check  51 vision 0 time     0 VisionX  +0.00 Y  +0.00 theta   +0.0 elt    0 Ltcy   0 TarTheta  +0.00 AccLmt 0.00 VelLmt 0.00 OmgLmt  0.0 mode 3 vel r +0.00 th  +0.00 dri +0.00 stlt 0.00 
cam   +0   +0  0 fps(rx) 0 /   0 / ck :  56 / POS[StopEmergency] fbXY  -0.00  -0.00 / STOP check 135 vision 0 time     0 VisionX  +0.00 Y  +0.00 theta   +0.0 elt    0 Ltcy   0 TarTheta  +0.00 AccLmt 0.00 VelLmt 0.00 OmgLmt  0.0 mode 3 vel r +0.00 th  +0.00 dri +0.00 stlt 0.00 
cam   +0   +0  0 fps(rx) 0 /   0 / ck :  71 / POS[StopEmergency] fbXY  +0.00  -0.00 / STOP check 144 vision 0 time     0 VisionX  +0.00 Y  +0.00 theta   +0.0 elt    0 Ltcy   0 TarTheta  +0.00 AccLmt 0.00 VelLmt 0.00 OmgLmt  0.0 mode 3 vel r +0.00 th  +0.00 dri +0.00 stlt 0.00 
cam   +0   +0  0 fps(rx) 0 /   0 / ck : 212 / POS[StopEmergency] fbXY  +0.00  +0.00 / STOP check  28 vision 0 time     0 VisionX  +0.00 Y  +0.00 theta   +0.0 elt    0 Ltcy   0 TarTheta  +0.00 AccLmt 0.00 VelLmt 0.00 OmgLmt  0.0 mode 3 vel r +0.00 th  +0.00 dri +0.00 stlt 0.00 
cam   +0   +0  0 fps(rx) 0 /   0 / ck : 226 / POS[StopEmergency] fbXY  -0.00  -0.00 / STOP check  37 vision 0 time     0 VisionX  +0.00 Y  +0.00 theta   +0.0 elt    0 Ltcy   0 TarTheta  +0.00 AccLmt 0.00 VelLmt 0.00 OmgLmt  0.0 mode 3 vel r +0.00 th  +0.00 dri +0.00 stlt 0.00 
cam   +0   +0  0 fps(rx) 0 /   0 / ck :  69 / POS[StopEmergency] fbXY  -0.00  -0.00 / STOP check 129 vision 0 time     0 VisionX  +0.00 Y  +0.00 theta   +0.0 elt    0 Ltcy   0 TarTheta  +0.00 AccLmt 0.00 VelLmt 0.00 OmgLmt  0.0 mode 3 vel r +0.00 th  +0.00 dri +0.00 stlt 0.00 
cam   +0   +0  0 fps(rx) 0 /   0 / ck : 218 / POS[StopEmergency] fbXY  -0.00  -0.00 / STOP check  20 vision 0 time     0 VisionX  +0.00 Y  +0.00 theta   +0.0 elt    0 Ltcy   0 TarTheta  +0.00 AccLmt 0.00 VelLmt 0.00 OmgLmt  0.0 mode 3 vel r +0.00 th  +0.00 dri +0.00 stlt 0.00 
timing trace: 1758 records, 0 records omitted
