# ST-Link HOTPLUG post-capture SRAM; build=1789867492; state=3
TPRB_BEGIN,version=1,clock_hz=170000000,duration_cycles=1700000000
TPRB_RX,0,34304663,1,1
TPRB_RX,1,35953649,3,10
TPRB_RX,2,37771989,3,20
TPRB_RX,3,39402867,3,29
TPRB_RX,4,41033489,3,38
TPRB_RX,5,42846457,3,48
TPRB_RX,6,44478734,3,57
TPRB_RX,7,46130922,3,66
TPRB_RX,8,47945798,3,76
TPRB_RX,9,49578298,3,85
TPRB_RX,10,51391294,3,95
TPRB_RX,11,53028352,9,104
TPRB_RX,12,54667168,9,113
TPRB_RX,13,56479119,9,123
TPRB_RX,14,58109731,9,132
TPRB_RX,15,59740155,9,141
TPRB_RX,16,61553047,9,151
TPRB_RX,17,63186980,9,160
TPRB_RX,18,64999307,9,170
TPRB_RX,19,66810455,9,180
TPRB_RX,20,68440990,9,189
TPRB_RX,21,70259574,16,199
TPRB_RX,22,71899309,17,7
TPRB_RX,23,73534500,17,16
TPRB_RX,24,75345686,17,26
TPRB_RX,25,76976710,17,35
TPRB_RX,26,78608134,17,44
TPRB_RX,27,80422788,17,54
TPRB_RX,28,82053810,17,63
TPRB_RX,29,83865582,17,73
TPRB_RX,30,85677800,17,83
TPRB_RX,31,87312622,22,92
TPRB_RX,32,89133524,24,102
TPRB_RX,33,90768995,24,111
TPRB_RX,34,92399522,24,120
TPRB_RX,35,94212392,24,130
TPRB_RX,36,95843173,24,139
TPRB_RX,37,97477619,24,148
TPRB_RX,38,99289833,24,158
TPRB_RX,39,100920431,24,167
TPRB_RX,40,102732810,24,177
TPRB_RX,41,104366862,24,186
TPRB_RX,42,105997577,24,195
TPRB_RX,43,107808959,24,4
TPRB_RX,44,109439352,24,13
TPRB_RX,45,111069655,24,22
TPRB_RX,46,112882988,24,32
TPRB_RX,47,114516532,24,41
TPRB_RX,48,116328469,24,51
TPRB_RX,49,117958947,24,60
TPRB_RX,50,119590341,24,69
TPRB_RX,51,121403794,25,79
TPRB_RX,52,123047864,34,88
TPRB_RX,53,124685848,37,97
TPRB_RX,54,126501595,37,107
TPRB_RX,55,128133214,37,116
TPRB_RX,56,129945174,37,126
TPRB_RX,57,131760884,37,136
TPRB_RX,58,133391680,37,145
TPRB_RX,59,135203217,37,155
TPRB_RX,60,136834985,37,164
TPRB_RX,61,138465635,37,173
TPRB_RX,62,140283393,44,183
TPRB_RX,63,141921683,44,192
TPRB_RX,64,143552057,44,0
TPRB_RX,65,145364537,44,10
TPRB_RX,66,146995610,44,19
TPRB_RX,67,148809932,44,29
TPRB_RX,68,150621808,44,39
TPRB_RX,69,152252689,44,48
TPRB_RX,70,154065293,44,58
TPRB_RX,71,155696315,44,67
TPRB_RX,72,157333149,51,76
TPRB_RX,73,159155431,51,86
TPRB_RX,74,160788965,51,95
TPRB_RX,75,162420835,51,104
TPRB_RX,76,164232766,51,114
TPRB_RX,77,165866261,51,123
TPRB_RX,78,167678456,51,133
TPRB_RX,79,169309011,51,142
TPRB_RX,80,170944170,51,151
TPRB_RX,81,172756111,51,161
TPRB_RX,82,174393264,56,170
TPRB_RX,83,176032681,58,179
TPRB_RX,84,177851979,58,189
TPRB_RX,85,179483522,58,198
TPRB_RX,86,181114853,58,6
TPRB_RX,87,182929019,58,16
TPRB_RX,88,184565343,58,25
TPRB_RX,89,186378532,58,35
TPRB_RX,90,188011481,58,44
TPRB_RX,91,189642172,58,53
TPRB_RX,92,191457071,61,63
TPRB_RX,93,193099823,65,72
TPRB_RX,94,194736827,65,81
TPRB_RX,95,196549271,65,91
TPRB_RX,96,198180060,65,100
TPRB_RX,97,199813538,65,109
TPRB_RX,98,201625676,65,119
TPRB_RX,99,203256292,65,128
TPRB_RX,100,205069321,65,138
TPRB_RX,101,206700450,65,147
TPRB_RX,102,208332553,66,156
TPRB_RX,103,210157092,71,166
TPRB_RX,104,211792630,71,175
TPRB_RX,105,213424283,71,184
TPRB_RX,106,215236491,71,194
TPRB_RX,107,216869956,71,2
TPRB_RX,108,218681764,71,12
TPRB_RX,109,220312613,71,21
TPRB_RX,110,221949547,71,30
TPRB_RX,111,223762369,71,40
TPRB_RX,112,225393215,71,49
TPRB_RX,113,227029656,78,58
TPRB_RX,114,228848985,78,68
TPRB_RX,115,230481537,78,77
TPRB_RX,116,232293122,78,87
TPRB_RX,117,234107117,78,97
TPRB_RX,118,235743161,78,106
TPRB_RX,119,237556331,78,116
TPRB_RX,120,239368191,78,126
TPRB_RX,121,240998831,78,135
TPRB_RX,122,242811000,78,145
TPRB_RX,123,244447675,85,154
TPRB_RX,124,246085937,85,163
TPRB_RX,125,247898653,85,173
TPRB_RX,126,249529941,85,182
TPRB_RX,127,251163581,85,191
TPRB_RX,128,252975277,85,0
TPRB_RX,129,254605903,85,9
TPRB_RX,130,256418850,85,19
TPRB_RX,131,258049840,85,28
TPRB_RX,132,259680746,85,37
TPRB_RX,133,261496766,90,47
TPRB_RX,134,263137370,92,56
TPRB_RX,135,264774117,92,65
TPRB_RX,136,266585902,92,75
TPRB_RX,137,268219723,92,84
TPRB_RX,138,270031704,92,94
TPRB_RX,139,271844003,92,104
TPRB_RX,140,273474632,92,113
TPRB_RX,141,275286374,92,123
TPRB_RX,142,276917464,92,132
TPRB_RX,143,278552064,96,141
TPRB_RX,144,280374602,99,151
TPRB_RX,145,282011277,99,160
TPRB_RX,146,283642822,99,169
TPRB_RX,147,285457240,99,179
TPRB_RX,148,287088157,99,188
TPRB_RX,149,288900658,99,198
TPRB_RX,150,290713226,99,7
TPRB_RX,151,292344057,99,16
TPRB_RX,152,294155536,99,26
TPRB_RX,153,295788885,102,35
TPRB_RX,154,297429874,105,44
TPRB_RX,155,299253463,105,54
TPRB_RX,156,300886568,105,63
TPRB_RX,157,302518377,105,72
TPRB_RX,158,304330026,105,82
TPRB_RX,159,305961431,105,91
TPRB_RX,160,307773047,105,101
TPRB_RX,161,309585990,105,111
TPRB_RX,162,311216959,105,120
TPRB_RX,163,313030721,107,130
TPRB_RX,164,314673942,112,139
TPRB_RX,165,316313381,112,148
TPRB_RX,166,318142082,112,158
TPRB_RX,167,319959467,112,168
TPRB_RX,168,321592410,112,177
TPRB_RX,169,323409290,112,187
TPRB_RX,170,325044572,112,196
TPRB_RX,171,326676986,112,4
TPRB_RX,172,328491012,112,14
TPRB_RX,173,330121057,112,23
TPRB_RX,174,331765744,119,32
TPRB_RX,175,333587667,119,42
TPRB_RX,176,335215110,119,51
TPRB_RX,177,336848099,119,60
TPRB_RX,178,338664702,119,70
TPRB_RX,179,340314325,119,79
TPRB_RX,180,341947419,119,88
TPRB_RX,181,343773904,119,98
TPRB_RX,182,345401458,119,107
TPRB_RX,183,347217653,119,117
TPRB_RX,184,349042587,126,127
TPRB_RX,185,350684486,126,136
TPRB_RX,186,352319609,126,145
TPRB_RX,187,354136067,126,155
TPRB_RX,188,355773192,126,164
TPRB_RX,189,357590917,126,174
TPRB_RX,190,359408876,126,184
TPRB_RX,191,361041801,126,193
TPRB_RX,192,362856137,126,2
TPRB_RX,193,364670540,126,12
TPRB_RX,194,366339809,133,21
TPRB_RX,195,367982343,133,30
TPRB_RX,196,369791637,133,40
TPRB_RX,197,371428460,133,49
TPRB_RX,198,373064582,133,58
TPRB_RX,199,374892189,133,68
TPRB_RX,200,376520258,133,77
TPRB_RX,201,378156754,133,86
TPRB_RX,202,379966662,133,96
TPRB_RX,203,381601389,133,105
TPRB_RX,204,383426305,139,115
TPRB_RX,205,385070417,140,124
TPRB_RX,206,386703862,140,133
TPRB_RX,207,388517507,140,143
TPRB_RX,208,390147116,140,152
TPRB_RX,209,391783899,140,161
TPRB_RX,210,393593687,140,171
TPRB_RX,211,395236460,140,180
TPRB_RX,212,396869015,140,189
TPRB_RX,213,398686028,140,199
TPRB_RX,214,400325580,143,7
TPRB_RX,215,401970437,146,16
TPRB_RX,216,403794633,146,26
TPRB_RX,217,405423496,146,35
TPRB_RX,218,407234243,146,45
TPRB_RX,219,409049525,146,55
TPRB_RX,220,410677817,146,64
TPRB_RX,221,412494299,146,74
TPRB_RX,222,414126011,146,83
TPRB_RX,223,415771923,146,92
TPRB_RX,224,417440196,148,101
TPRB_RX,225,419276246,153,111
TPRB_RX,226,420915067,153,120
TPRB_RX,227,422547149,153,129
TPRB_RX,228,424362189,153,139
TPRB_RX,229,425997811,153,148
TPRB_RX,230,427632393,153,157
TPRB_RX,231,429442723,153,167
TPRB_RX,232,431076055,153,176
TPRB_RX,233,432889558,153,186
TPRB_RX,234,434522544,153,195
TPRB_RX,235,436156311,156,3
TPRB_RX,236,437983273,156,13
TPRB_RX,237,439616288,156,22
TPRB_RX,238,441250912,156,31
TPRB_RX,239,443064973,156,41
TPRB_RX,240,444699214,156,50
TPRB_RX,241,446332883,156,59
TPRB_RX,242,448152914,156,69
TPRB_RX,243,449788666,156,78
TPRB_RX,244,451602396,156,88
TPRB_RX,245,453429862,165,98
TPRB_RX,246,455072021,167,107
TPRB_RX,247,456711125,167,116
TPRB_RX,248,458527087,167,126
TPRB_RX,249,460160557,167,135
TPRB_RX,250,461976514,167,145
TPRB_RX,251,463791141,167,155
TPRB_RX,252,465423222,167,164
TPRB_RX,253,467240300,167,174
TPRB_RX,254,469054712,167,184
TPRB_RX,255,470714590,174,193
TPRB_RX,256,472356354,174,1
TPRB_RX,257,474173377,174,11
TPRB_RX,258,475815614,174,20
TPRB_RX,259,477449118,174,29
TPRB_RX,260,479271071,174,39
TPRB_RX,261,480905887,174,48
TPRB_RX,262,482719819,174,58
TPRB_RX,263,484538405,174,68
TPRB_RX,264,486168664,174,77
TPRB_RX,265,487826173,180,86
TPRB_RX,266,489661770,181,96
TPRB_RX,267,491304493,181,105
TPRB_RX,268,492939411,181,114
TPRB_RX,269,494754492,181,124
TPRB_RX,270,496387578,181,133
TPRB_RX,271,498021561,181,142
TPRB_RX,272,499837109,181,152
TPRB_RX,273,501472764,181,161
TPRB_RX,274,503289544,181,171
TPRB_RX,275,505107013,186,181
TPRB_RX,276,506754495,187,190
TPRB_RX,277,508395090,187,199
TPRB_RX,278,510211077,187,8
TPRB_RX,279,511843702,187,17
TPRB_RX,280,513660364,187,27
TPRB_RX,281,515473859,187,37
TPRB_RX,282,517109706,187,46
TPRB_RX,283,518924427,187,56
TPRB_RX,284,520737486,187,66
TPRB_RX,285,522382449,191,75
TPRB_RX,286,524067775,194,84
TPRB_RX,287,525787314,194,93
TPRB_RX,288,527488386,194,102
TPRB_RX,289,529147405,194,111
TPRB_RX,290,530989245,194,121
TPRB_RX,291,532647236,194,130
TPRB_RX,292,534312153,194,139
TPRB_RX,293,535968123,194,148
TPRB_RX,294,537804435,194,158
TPRB_RX,295,539650196,197,168
TPRB_RX,296,541329744,201,177
TPRB_RX,297,542998525,201,186
TPRB_RX,298,544658509,201,195
TPRB_RX,299,546316748,201,3
TPRB_RX,300,548159717,201,13
TPRB_RX,301,549819301,201,22
TPRB_RX,302,551478271,201,31
TPRB_RX,303,553137212,201,40
TPRB_RX,304,554979876,201,50
TPRB_RX,305,556835732,203,60
TPRB_RX,306,558515340,208,69
TPRB_RX,307,560184898,208,78
TPRB_RX,308,561849508,208,87
TPRB_RX,309,563507649,208,96
TPRB_RX,310,565349489,208,106
TPRB_RX,311,567193483,208,116
TPRB_RX,312,568851967,208,125
TPRB_RX,313,570509679,208,134
TPRB_RX,314,572174840,208,143
TPRB_RX,315,573843801,208,152
TPRB_RX,316,575700326,215,162
TPRB_RX,317,577371806,215,171
TPRB_RX,318,579030366,215,180
TPRB_RX,319,580688909,215,189
TPRB_RX,320,582346932,215,198
TPRB_RX,321,584188115,215,7
TPRB_RX,322,585847474,215,16
TPRB_RX,323,587507120,215,25
TPRB_RX,324,589164820,215,34
TPRB_RX,325,591010777,215,44
TPRB_RX,326,592680920,222,53
TPRB_RX,327,594352859,222,62
TPRB_RX,328,596011365,222,71
TPRB_RX,329,597669272,222,80
TPRB_RX,330,599510728,222,90
TPRB_RX,331,601353460,222,100
TPRB_RX,332,603018119,222,109
TPRB_RX,333,604676300,222,118
TPRB_RX,334,606334140,222,127
TPRB_RX,335,608188054,222,137
TPRB_RX,336,610043275,228,147
TPRB_RX,337,611714384,228,156
TPRB_RX,338,613372139,228,165
TPRB_RX,339,615030437,228,174
TPRB_RX,340,616688555,228,183
TPRB_RX,341,618531311,228,193
TPRB_RX,342,620189916,228,1
TPRB_RX,343,621848504,228,10
TPRB_RX,344,623506192,228,19
TPRB_RX,345,625354187,228,29
TPRB_RX,346,627207967,234,39
TPRB_RX,347,628883377,235,48
TPRB_RX,348,630551060,235,57
TPRB_RX,349,632209120,235,66
TPRB_RX,350,633866748,235,75
TPRB_RX,351,635716190,235,85
TPRB_RX,352,637374975,235,94
TPRB_RX,353,639033167,235,103
TPRB_RX,354,640690496,235,112
TPRB_RX,355,642538317,235,122
TPRB_RX,356,644391620,240,132
TPRB_RX,357,646066103,242,141
TPRB_RX,358,647737139,242,150
TPRB_RX,359,649394815,242,159
TPRB_RX,360,651052612,242,168
TPRB_RX,361,652900693,242,178
TPRB_RX,362,654743698,242,188
TPRB_RX,363,656401631,242,197
TPRB_RX,364,658059698,242,5
TPRB_RX,365,659722329,242,14
TPRB_RX,366,661573710,246,24
TPRB_RX,367,663433372,249,34
TPRB_RX,368,665099668,249,43
TPRB_RX,369,666757934,249,52
TPRB_RX,370,668418505,249,61
TPRB_RX,371,670078026,249,70
TPRB_RX,372,671920165,249,80
TPRB_RX,373,673578483,249,89
TPRB_RX,374,675236890,249,98
TPRB_RX,375,676906104,249,107
TPRB_RX,376,678569696,250,116
TPRB_RX,377,680434230,256,126
TPRB_RX,378,682101562,256,135
TPRB_RX,379,683759303,256,144
TPRB_RX,380,685417757,256,153
TPRB_RX,381,687077215,256,162
TPRB_RX,382,688920026,256,172
TPRB_RX,383,690578015,256,181
TPRB_RX,384,692235741,256,190
TPRB_RX,385,693905914,256,199
TPRB_RX,386,695573365,256,7
TPRB_RX,387,697426294,263,17
TPRB_RX,388,699103128,263,26
TPRB_RX,389,700760954,263,35
TPRB_RX,390,702419062,263,44
TPRB_RX,391,704085864,263,53
TPRB_RX,392,705933534,263,63
TPRB_RX,393,707593927,263,72
TPRB_RX,394,709257507,263,81
TPRB_RX,395,710927315,263,90
TPRB_RX,396,712593765,263,99
TPRB_RX,397,714453025,269,109
TPRB_RX,398,716315619,269,119
TPRB_RX,399,718162970,269,129
TPRB_RX,400,719827553,269,138
TPRB_RX,401,721490773,269,147
TPRB_RX,402,723153517,269,156
TPRB_RX,403,724815555,269,165
TPRB_RX,404,726671414,269,175
TPRB_RX,405,728338306,269,184
TPRB_RX,406,730003903,269,193
TPRB_RX,407,731681751,275,1
TPRB_RX,408,733359645,276,10
TPRB_RX,409,735030331,276,19
TPRB_RX,410,736879577,276,29
TPRB_RX,411,738544631,276,38
TPRB_RX,412,740207020,276,47
TPRB_RX,413,741873620,276,56
TPRB_RX,414,743537449,276,65
TPRB_RX,415,745223684,276,74
TPRB_RX,416,747068519,276,84
TPRB_RX,417,748745868,280,93
TPRB_RX,418,750431250,283,102
TPRB_RX,419,752100457,283,111
TPRB_RX,420,753767389,283,120
TPRB_RX,421,755428026,283,129
TPRB_RX,422,757271305,283,139
TPRB_RX,423,758930398,283,148
TPRB_RX,424,760588615,283,157
TPRB_RX,425,762268257,283,166
TPRB_RX,426,763930399,283,175
TPRB_RX,427,765781705,285,185
TPRB_RX,428,767485486,290,194
TPRB_RX,429,769343693,290,3
TPRB_RX,430,771257775,290,12
TPRB_RX,431,773103002,290,22
TPRB_RX,432,774954878,290,32
TPRB_RX,433,776615505,290,41
TPRB_RX,434,778277754,290,50
TPRB_RX,435,779968605,290,58
TPRB_RX,436,781631120,290,67
TPRB_RX,437,783306163,293,76
TPRB_RX,438,784995843,297,85
TPRB_RX,439,786852108,297,95
TPRB_RX,440,788543332,297,103
TPRB_RX,441,790207193,297,112
TPRB_RX,442,791867708,297,121
TPRB_RX,443,793536179,297,130
TPRB_RX,444,795200643,297,139
TPRB_RX,445,797063574,297,149
TPRB_RX,446,798717016,297,158
TPRB_RX,447,800384982,298,167
TPRB_RX,448,802077702,303,176
TPRB_RX,449,803756137,303,185
TPRB_RX,450,805447861,303,194
TPRB_RX,451,807101177,303,2
TPRB_RX,452,808938702,303,12
TPRB_RX,453,810598200,303,21
TPRB_RX,454,812218321,303,29
TPRB_RX,455,814065423,303,39
TPRB_RX,456,815723951,303,48
TPRB_RX,457,817389512,303,57
TPRB_RX,458,819077693,304,66
TPRB_RX,459,820765147,304,75
TPRB_RX,460,822500779,304,84
TPRB_RX,461,824162157,304,93
TPRB_RX,462,825820238,304,102
TPRB_RX,463,827663213,304,112
TPRB_RX,464,829328476,304,121
TPRB_RX,465,831037256,304,130
TPRB_RX,466,832699357,304,139
TPRB_RX,467,834362761,304,148
TPRB_RX,468,836070752,310,157
TPRB_RX,469,837774118,317,166
TPRB_RX,470,839457107,317,175
TPRB_RX,471,841117486,317,184
TPRB_RX,472,842961487,317,194
TPRB_RX,473,844620404,317,2
TPRB_RX,474,846285197,317,11
TPRB_RX,475,847949171,317,20
TPRB_RX,476,849611549,317,29
TPRB_RX,477,851456559,317,39
TPRB_RX,478,853126647,320,48
TPRB_RX,479,854814495,324,57
TPRB_RX,480,856495603,324,66
TPRB_RX,481,858154465,324,75
TPRB_RX,482,859816690,324,84
TPRB_RX,483,861660125,324,94
TPRB_RX,484,863323816,324,103
TPRB_RX,485,864996043,324,112
TPRB_RX,486,866660637,324,121
TPRB_RX,487,868320170,324,130
TPRB_RX,488,870171119,326,140
TPRB_RX,489,871875114,331,149
TPRB_RX,490,873736136,331,159
TPRB_RX,491,875395750,331,168
TPRB_RX,492,877054152,331,177
TPRB_RX,493,878713182,331,186
TPRB_RX,494,880380544,331,195
TPRB_RX,495,882227743,331,4
TPRB_RX,496,883886569,331,13
TPRB_RX,497,885550529,331,22
TPRB_RX,498,887212435,331,31
TPRB_RX,499,888885645,338,40
TPRB_RX,500,890743368,338,50
TPRB_RX,501,892586173,338,60
TPRB_RX,502,894267405,338,69
TPRB_RX,503,895926637,338,78
TPRB_RX,504,897590460,338,87
TPRB_RX,505,899253307,338,96
TPRB_RX,506,901098240,338,106
TPRB_RX,507,902759967,338,115
TPRB_RX,508,904419146,338,124
TPRB_RX,509,906099585,344,133
TPRB_RX,510,907776777,344,142
TPRB_RX,511,909623866,344,152
TPRB_RX,512,911467443,344,162
TPRB_RX,513,913131253,344,171
TPRB_RX,514,914793439,344,180
TPRB_RX,515,916453960,344,189
TPRB_RX,516,918112789,344,198
TPRB_RX,517,919955053,344,7
TPRB_RX,518,921614934,344,16
TPRB_RX,519,923302397,348,25
TPRB_RX,520,924979447,351,34
TPRB_RX,521,926652896,351,43
TPRB_RX,522,928316738,351,52
TPRB_RX,523,930162491,351,62
TPRB_RX,524,931825675,351,71
TPRB_RX,525,933489547,351,80
TPRB_RX,526,935156613,351,89
TPRB_RX,527,936820388,351,98
TPRB_RX,528,938662294,351,108
TPRB_RX,529,940331955,355,117
TPRB_RX,530,942009397,358,126
TPRB_RX,531,943685453,358,135
TPRB_RX,532,945344553,358,144
TPRB_RX,533,947190665,358,154
TPRB_RX,534,949042924,358,164
TPRB_RX,535,950702412,358,173
TPRB_RX,536,952360964,358,182
TPRB_RX,537,954025933,358,191
TPRB_RX,538,955691873,358,200
TPRB_RX,539,957559807,361,9
TPRB_RX,540,959432343,364,19
TPRB_RX,541,961284273,364,29
TPRB_RX,542,962943763,364,38
TPRB_RX,543,964606890,364,47
TPRB_RX,544,966275555,364,56
TPRB_RX,545,967943029,364,65
TPRB_RX,546,969786308,364,75
TPRB_RX,547,971455906,364,84
TPRB_RX,548,973120162,364,93
TPRB_RX,549,974793445,366,102
TPRB_RX,550,976485324,372,111
TPRB_RX,551,978151346,372,120
TPRB_RX,552,979993836,372,130
TPRB_RX,553,981655803,372,139
TPRB_RX,554,983326126,372,148
TPRB_RX,555,984985790,372,157
TPRB_RX,556,986644793,372,166
TPRB_RX,557,988489776,372,176
TPRB_RX,558,990150884,372,185
TPRB_RX,559,991813490,373,194
TPRB_RX,560,993498519,379,2
TPRB_RX,561,995168684,379,11
TPRB_RX,562,996830913,379,20
TPRB_RX,563,998675343,379,30
TPRB_RX,564,1000335346,379,39
TPRB_RX,565,1001994269,379,48
TPRB_RX,566,1003653703,379,57
TPRB_RX,567,1005497194,379,67
TPRB_RX,568,1007155567,379,76
TPRB_RX,569,1008821231,379,85
TPRB_RX,570,1010495211,384,94
TPRB_RX,571,1012172745,384,103
TPRB_RX,572,1013832310,384,112
TPRB_RX,573,1015674134,384,122
TPRB_RX,574,1017343795,384,131
TPRB_RX,575,1019003856,384,140
TPRB_RX,576,1020662249,384,149
TPRB_RX,577,1022507380,384,159
TPRB_RX,578,1024358878,384,169
TPRB_RX,579,1026021680,384,178
TPRB_RX,580,1027716709,391,187
TPRB_RX,581,1029392776,392,196
TPRB_RX,582,1031067337,392,4
TPRB_RX,583,1032732764,392,13
TPRB_RX,584,1034581514,392,23
TPRB_RX,585,1036426929,392,33
TPRB_RX,586,1038098982,392,42
TPRB_RX,587,1039760477,392,51
TPRB_RX,588,1041421753,392,60
TPRB_RX,589,1043080731,392,69
TPRB_RX,590,1044944921,398,79
TPRB_RX,591,1046804272,399,89
TPRB_RX,592,1048471348,399,98
TPRB_RX,593,1050134508,399,107
TPRB_RX,594,1051794769,399,116
TPRB_RX,595,1053453111,399,125
TPRB_RX,596,1055299533,399,135
TPRB_RX,597,1056961053,399,144
TPRB_RX,598,1058628248,399,153
TPRB_RX,599,1060288443,399,162
TPRB_RX,600,1061969552,403,171
TPRB_RX,601,1063653271,406,180
TPRB_RX,602,1065511206,406,190
TPRB_RX,603,1067180850,406,199
TPRB_RX,604,1068847569,406,7
TPRB_RX,605,1070507268,406,16
TPRB_RX,606,1072167216,406,25
TPRB_RX,607,1074010118,406,35
TPRB_RX,608,1075670870,406,44
TPRB_RX,609,1077330292,406,53
TPRB_RX,610,1079008161,408,62
TPRB_RX,611,1080695486,413,71
TPRB_RX,612,1082371153,413,80
TPRB_RX,613,1084220232,413,90
TPRB_RX,614,1086073332,413,100
TPRB_RX,615,1087736061,413,109
TPRB_RX,616,1089399030,413,118
TPRB_RX,617,1091058496,413,127
TPRB_RX,618,1092723678,413,136
TPRB_RX,619,1094566980,413,146
TPRB_RX,620,1096230449,414,155
TPRB_RX,621,1097915733,420,164
TPRB_RX,622,1099588640,420,173
TPRB_RX,623,1101252219,420,182
TPRB_RX,624,1102916349,420,191
TPRB_RX,625,1104769338,420,0
TPRB_RX,626,1106434287,420,9
TPRB_RX,627,1108093126,420,18
TPRB_RX,628,1109755641,420,27
TPRB_RX,629,1111419725,420,36
TPRB_RX,630,1113268138,420,46
TPRB_RX,631,1114956100,426,55
TPRB_RX,632,1116627444,426,64
TPRB_RX,633,1118293326,426,73
TPRB_RX,634,1119960112,426,82
TPRB_RX,635,1121621958,426,91
TPRB_RX,636,1123464597,426,101
TPRB_RX,637,1125126432,426,110
TPRB_RX,638,1126789142,426,119
TPRB_RX,639,1128453290,426,128
TPRB_RX,640,1130297535,426,138
TPRB_RX,641,1131990968,431,147
TPRB_RX,642,1133857993,433,157
TPRB_RX,643,1135719287,433,167
TPRB_RX,644,1137385663,433,176
TPRB_RX,645,1139044668,433,185
TPRB_RX,646,1140708291,433,194
TPRB_RX,647,1142370976,433,2
TPRB_RX,648,1144213935,433,12
TPRB_RX,649,1145876225,433,21
TPRB_RX,650,1147544172,433,30
TPRB_RX,651,1149213487,438,39
TPRB_RX,652,1150884406,438,48
TPRB_RX,653,1152733595,438,58
TPRB_RX,654,1154583532,438,68
TPRB_RX,655,1156247651,438,77
TPRB_RX,656,1157910081,438,86
TPRB_RX,657,1159571534,438,95
TPRB_RX,658,1161233021,438,104
TPRB_RX,659,1163076710,438,114
TPRB_RX,660,1164735433,438,123
TPRB_RX,661,1166430089,441,132
TPRB_RX,662,1168131086,447,141
TPRB_RX,663,1169806811,447,150
TPRB_RX,664,1171469814,447,159
TPRB_RX,665,1173313466,447,169
TPRB_RX,666,1175156171,447,179
TPRB_RX,667,1176816593,447,188
TPRB_RX,668,1178476119,447,197
TPRB_RX,669,1180140156,447,5
TPRB_RX,670,1181800285,447,14
TPRB_RX,671,1183655216,449,24
TPRB_RX,672,1185350683,453,33
TPRB_RX,673,1187022321,453,42
TPRB_RX,674,1188686649,453,51
TPRB_RX,675,1190346649,453,60
TPRB_RX,676,1192005418,453,69
TPRB_RX,677,1193850593,453,79
TPRB_RX,678,1195509273,453,88
TPRB_RX,679,1197168376,453,97
TPRB_RX,680,1198829904,453,106
TPRB_RX,681,1200681108,453,116
TPRB_RX,682,1202374910,460,125
TPRB_RX,683,1204244732,460,135
TPRB_RX,684,1206093009,460,145
TPRB_RX,685,1207753300,460,154
TPRB_RX,686,1209414922,460,163
TPRB_RX,687,1211079361,460,172
TPRB_RX,688,1212924042,460,182
TPRB_RX,689,1214767947,460,192
TPRB_RX,690,1216427169,460,0
TPRB_RX,691,1218097388,460,9
TPRB_RX,692,1219782050,467,18
TPRB_RX,693,1221457984,467,27
TPRB_RX,694,1223117658,467,36
TPRB_RX,695,1224959833,467,46
TPRB_RX,696,1226628439,467,55
TPRB_RX,697,1228294955,467,64
TPRB_RX,698,1229957783,467,73
TPRB_RX,699,1231616276,467,82
TPRB_RX,700,1233458525,467,92
TPRB_RX,701,1235123882,467,101
TPRB_RX,702,1236826507,473,110
TPRB_RX,703,1238509443,474,119
TPRB_RX,704,1240184854,474,128
TPRB_RX,705,1241850968,474,137
TPRB_RX,706,1243691236,474,147
TPRB_RX,707,1245536466,474,157
TPRB_RX,708,1247200469,474,166
TPRB_RX,709,1248861219,474,175
TPRB_RX,710,1250519888,474,184
TPRB_RX,711,1252362370,474,194
TPRB_RX,712,1254083801,481,2
TPRB_RX,713,1255778392,481,11
TPRB_RX,714,1257621394,481,21
TPRB_RX,715,1259280280,481,30
TPRB_RX,716,1260940603,481,39
TPRB_RX,717,1262605752,481,48
TPRB_RX,718,1264265533,481,57
TPRB_RX,719,1266113016,481,67
TPRB_RX,720,1267776140,481,76
TPRB_RX,721,1269439187,481,85
TPRB_RX,722,1271109363,486,94
TPRB_RX,723,1272788371,488,103
TPRB_RX,724,1274461790,488,112
TPRB_RX,725,1276306647,488,122
TPRB_RX,726,1277967123,488,131
TPRB_RX,727,1279626300,488,140
TPRB_RX,728,1281285468,488,149
TPRB_RX,729,1283128896,488,159
TPRB_RX,730,1284976467,488,169
TPRB_RX,731,1286638324,488,178
TPRB_RX,732,1288314503,491,187
TPRB_RX,733,1290006109,495,196
TPRB_RX,734,1291679065,495,4
TPRB_RX,735,1293337725,495,13
TPRB_RX,736,1295182928,495,23
TPRB_RX,737,1296848194,495,32
TPRB_RX,738,1298507737,495,41
TPRB_RX,739,1300169591,495,50
TPRB_RX,740,1301834017,495,59
TPRB_RX,741,1303683237,495,69
TPRB_RX,742,1305364006,497,78
TPRB_RX,743,1307065738,501,87
TPRB_RX,744,1308742877,501,96
TPRB_RX,745,1310405430,501,105
TPRB_RX,746,1312073793,501,114
TPRB_RX,747,1313732224,501,123
TPRB_RX,748,1315581196,501,133
TPRB_RX,749,1317239748,501,142
TPRB_RX,750,1318898780,501,151
TPRB_RX,751,1320558713,501,160
TPRB_RX,752,1322412022,501,170
TPRB_RX,753,1324101271,507,179
TPRB_RX,754,1325970574,507,189
TPRB_RX,755,1327632478,507,198
TPRB_RX,756,1329295112,507,6
TPRB_RX,757,1330955446,507,15
TPRB_RX,758,1332618729,507,24
TPRB_RX,759,1334461104,507,34
TPRB_RX,760,1336120054,507,43
TPRB_RX,761,1337783914,507,52
TPRB_RX,762,1339443805,507,61
TPRB_RX,763,1341126742,514,70
TPRB_RX,764,1342983479,515,80
TPRB_RX,765,1344842399,515,90
TPRB_RX,766,1346686698,515,100
TPRB_RX,767,1348347428,515,109
TPRB_RX,768,1350007246,515,118
TPRB_RX,769,1351665987,515,127
TPRB_RX,770,1353508170,515,137
TPRB_RX,771,1355167733,515,146
TPRB_RX,772,1356828174,515,155
TPRB_RX,773,1358518207,521,164
TPRB_RX,774,1360199253,522,173
TPRB_RX,775,1361865688,522,182
TPRB_RX,776,1363715947,522,192
TPRB_RX,777,1365559130,522,1
TPRB_RX,778,1367218303,522,10
TPRB_RX,779,1368877317,522,19
TPRB_RX,780,1370541883,522,28
TPRB_RX,781,1372396396,522,38
TPRB_RX,782,1374245422,522,48
TPRB_RX,783,1375931146,529,57
TPRB_RX,784,1377611462,529,66
TPRB_RX,785,1379277693,529,75
TPRB_RX,786,1380937570,529,84
TPRB_RX,787,1382596671,529,93
TPRB_RX,788,1384456450,529,103
TPRB_RX,789,1386329541,529,113
TPRB_RX,790,1388175431,529,123
TPRB_RX,791,1389839155,529,132
TPRB_RX,792,1391502231,529,141
TPRB_RX,793,1393181272,535,150
TPRB_RX,794,1394857050,536,159
TPRB_RX,795,1396539115,536,168
TPRB_RX,796,1398384599,536,178
TPRB_RX,797,1400045721,536,187
TPRB_RX,798,1401705300,536,196
TPRB_RX,799,1403365381,536,4
TPRB_RX,800,1405041359,536,13
TPRB_RX,801,1406889900,536,23
TPRB_RX,802,1408555884,536,32
TPRB_RX,803,1410228632,540,41
TPRB_RX,804,1411911371,542,50
TPRB_RX,805,1413581860,542,59
TPRB_RX,806,1415245319,542,68
TPRB_RX,807,1417090680,542,78
TPRB_RX,808,1418752537,542,87
TPRB_RX,809,1420411968,542,96
TPRB_RX,810,1422073222,542,105
TPRB_RX,811,1423737726,542,114
TPRB_RX,812,1425581251,542,124
TPRB_RX,813,1427253685,544,133
TPRB_RX,814,1428962174,549,142
TPRB_RX,815,1430637581,549,151
TPRB_RX,816,1432297416,549,160
TPRB_RX,817,1433959945,549,169
TPRB_RX,818,1435806842,549,179
TPRB_RX,819,1437659400,549,189
TPRB_RX,820,1439320002,549,198
TPRB_RX,821,1440979623,549,6
TPRB_RX,822,1442646525,549,15
TPRB_RX,823,1444315384,549,24
TPRB_RX,824,1446181283,556,34
TPRB_RX,825,1448041328,556,44
TPRB_RX,826,1449889079,556,54
TPRB_RX,827,1451549150,556,63
TPRB_RX,828,1453208679,556,72
TPRB_RX,829,1454867847,556,81
TPRB_RX,830,1456720713,556,91
TPRB_RX,831,1458567342,556,101
TPRB_RX,832,1460234831,556,110
TPRB_RX,833,1461898249,557,119
TPRB_RX,834,1463598333,563,128
TPRB_RX,835,1465272335,563,137
TPRB_RX,836,1466939502,563,146
TPRB_RX,837,1468787975,563,156
TPRB_RX,838,1470635957,563,166
TPRB_RX,839,1472300654,563,175
TPRB_RX,840,1473970529,563,184
TPRB_RX,841,1475634107,563,193
TPRB_RX,842,1477296408,563,1
TPRB_RX,843,1479138730,563,11
TPRB_RX,844,1480839305,570,20
TPRB_RX,845,1482514708,570,29
TPRB_RX,846,1484180410,570,38
TPRB_RX,847,1485844148,570,47
TPRB_RX,848,1487503958,570,56
TPRB_RX,849,1489349580,570,66
TPRB_RX,850,1491011139,570,75
TPRB_RX,851,1492670435,570,84
TPRB_RX,852,1494334617,570,93
TPRB_RX,853,1495994338,570,102
TPRB_RX,854,1497858909,576,112
TPRB_RX,855,1499717891,577,122
TPRB_RX,856,1501393408,577,131
TPRB_RX,857,1503061558,577,140
TPRB_RX,858,1504722521,577,149
TPRB_RX,859,1506382985,577,158
TPRB_RX,860,1508226337,577,168
TPRB_RX,861,1510070741,577,178
TPRB_RX,862,1511730854,577,187
TPRB_RX,863,1513390688,577,196
TPRB_RX,864,1515067306,582,4
TPRB_RX,865,1516742965,582,13
TPRB_RX,866,1518587454,582,23
TPRB_RX,867,1520248100,582,32
TPRB_RX,868,1521907479,582,41
TPRB_RX,869,1523569444,582,50
TPRB_RX,870,1525230151,582,59
TPRB_RX,871,1527073242,582,69
TPRB_RX,872,1528749853,582,78
TPRB_RX,873,1530413759,582,87
TPRB_RX,874,1532087244,586,96
TPRB_RX,875,1533760922,586,105
TPRB_RX,876,1535606074,586,115
TPRB_RX,877,1537461482,586,125
TPRB_RX,878,1539120830,586,134
TPRB_RX,879,1540781550,586,143
TPRB_RX,880,1542440516,586,152
TPRB_RX,881,1544098918,586,161
TPRB_RX,882,1545957369,586,171
TPRB_RX,883,1547620193,586,180
TPRB_RX,884,1549287850,589,189
TPRB_RX,885,1551017207,597,198
TPRB_RX,886,1552687552,597,6
TPRB_RX,887,1554353326,597,15
TPRB_RX,888,1556013234,597,24
TPRB_RX,889,1557860887,597,34
TPRB_RX,890,1559519888,597,43
TPRB_RX,891,1561178892,597,52
TPRB_RX,892,1562840228,597,61
TPRB_RX,893,1564500309,597,70
TPRB_RX,894,1566352511,598,80
TPRB_RX,895,1568050780,604,89
TPRB_RX,896,1569719202,604,98
TPRB_RX,897,1571385372,604,107
TPRB_RX,898,1573048761,604,116
TPRB_RX,899,1574721090,604,125
TPRB_RX,900,1576564019,604,135
TPRB_RX,901,1578228798,604,144
TPRB_RX,902,1579892950,604,153
TPRB_RX,903,1581552065,604,162
TPRB_RX,904,1583213060,604,171
TPRB_RX,905,1585085696,611,181
TPRB_RX,906,1586948447,611,191
TPRB_RX,907,1588791233,611,0
TPRB_RX,908,1590449902,611,9
TPRB_RX,909,1592115171,611,18
TPRB_RX,910,1593781465,611,27
TPRB_RX,911,1595441801,611,36
TPRB_RX,912,1597289053,611,46
TPRB_RX,913,1598948442,611,55
TPRB_RX,914,1600609186,611,64
TPRB_RX,915,1602308383,617,73
TPRB_RX,916,1603981891,618,82
TPRB_RX,917,1605654107,618,91
TPRB_RX,918,1607501562,618,101
TPRB_RX,919,1609160867,618,110
TPRB_RX,920,1610829916,618,119
TPRB_RX,921,1612498074,618,128
TPRB_RX,922,1614165763,618,137
TPRB_RX,923,1616010326,618,147
TPRB_RX,924,1617861393,618,157
TPRB_RX,925,1619541044,623,166
TPRB_RX,926,1621217244,624,175
TPRB_RX,927,1622884304,624,184
TPRB_RX,928,1624542997,624,193
TPRB_RX,929,1626391865,624,2
TPRB_RX,930,1628241975,624,12
TPRB_RX,931,1629901222,624,21
TPRB_RX,932,1631565311,624,30
TPRB_RX,933,1633226488,624,39
TPRB_RX,934,1634886442,624,48
TPRB_RX,935,1636739027,627,58
TPRB_RX,936,1638452096,631,67
TPRB_RX,937,1640304280,631,77
TPRB_RX,938,1641964913,631,86
TPRB_RX,939,1643625165,631,95
TPRB_RX,940,1645291542,631,104
TPRB_RX,941,1646958923,631,113
TPRB_RX,942,1648807202,631,123
TPRB_RX,943,1650468719,631,132
TPRB_RX,944,1652136547,631,141
TPRB_RX,945,1653815329,633,150
TPRB_RX,946,1655494504,638,159
TPRB_RX,947,1657162097,638,168
TPRB_RX,948,1659010607,638,178
TPRB_RX,949,1660671773,638,187
TPRB_RX,950,1662330523,638,196
TPRB_RX,951,1663988894,638,4
TPRB_RX,952,1665827847,638,14
TPRB_RX,953,1667673356,638,24
TPRB_RX,954,1669332656,638,33
TPRB_RX,955,1670996112,640,42
TPRB_RX,956,1672678433,645,51
TPRB_RX,957,1674358440,645,60
TPRB_RX,958,1676203031,645,70
TPRB_RX,959,1678046472,645,80
TPRB_RX,960,1679716687,645,89
TPRB_RX,961,1681380551,645,98
TPRB_RX,962,1683044372,645,107
TPRB_RX,963,1684704901,645,116
TPRB_RX,964,1686548226,645,126
TPRB_RX,965,1688212764,646,135
TPRB_RX,966,1689893014,652,144
TPRB_RX,967,1691565166,652,153
TPRB_RX,968,1693226943,652,162
TPRB_RX,969,1695071110,652,172
TPRB_RX,970,1696913166,652,182
TPRB_RX,971,1698574990,652,191
TPRB_APPLY,0,34496695,1,1
TPRB_APPLY,1,36207550,3,10
TPRB_APPLY,2,37918405,3,20
TPRB_APPLY,3,39629260,3,29
TPRB_APPLY,4,41340115,3,38
TPRB_APPLY,5,43050970,3,48
TPRB_APPLY,6,44761825,3,57
TPRB_APPLY,7,46472680,3,66
TPRB_APPLY,8,48183535,3,76
TPRB_APPLY,9,49894390,3,85
TPRB_APPLY,10,51605245,3,95
TPRB_APPLY,11,53316127,9,104
TPRB_APPLY,12,54684784,9,113
TPRB_APPLY,13,56737810,9,123
TPRB_APPLY,14,58448665,9,132
TPRB_APPLY,15,59817349,9,141
TPRB_APPLY,16,61870375,9,151
TPRB_APPLY,17,63239059,9,160
TPRB_APPLY,18,65292085,9,170
TPRB_APPLY,19,67002940,9,180
TPRB_APPLY,20,68713795,9,189
TPRB_APPLY,21,70424650,16,199
TPRB_APPLY,22,72135506,17,7
TPRB_APPLY,23,73846360,17,16
TPRB_APPLY,24,75557215,17,26
TPRB_APPLY,25,77268070,17,35
TPRB_APPLY,26,78636754,17,44
TPRB_APPLY,27,80689780,17,54
TPRB_APPLY,28,82058464,17,63
TPRB_APPLY,29,84111490,17,73
TPRB_APPLY,30,85822345,17,83
TPRB_APPLY,31,87533200,22,92
TPRB_APPLY,32,89244055,24,102
TPRB_APPLY,33,90954910,24,111
TPRB_APPLY,34,92665765,24,120
TPRB_APPLY,35,94376620,24,130
TPRB_APPLY,36,96087475,24,139
TPRB_APPLY,37,97798330,24,148
TPRB_APPLY,38,99509185,24,158
TPRB_APPLY,39,101220040,24,167
TPRB_APPLY,40,102930895,24,177
TPRB_APPLY,41,104641753,24,186
TPRB_APPLY,42,106010434,24,195
TPRB_APPLY,43,108063460,24,4
TPRB_APPLY,44,109774315,24,13
TPRB_APPLY,45,111142999,24,22
TPRB_APPLY,46,113196025,24,32
TPRB_APPLY,47,114564709,24,41
TPRB_APPLY,48,116617735,24,51
TPRB_APPLY,49,117986419,24,60
TPRB_APPLY,50,119697651,24,69
TPRB_APPLY,51,121408129,25,79
TPRB_APPLY,52,123118984,34,88
TPRB_APPLY,53,124829839,37,97
TPRB_APPLY,54,126540694,37,107
TPRB_APPLY,55,128251549,37,116
TPRB_APPLY,56,129962404,37,126
TPRB_APPLY,57,132015430,37,136
TPRB_APPLY,58,133726285,37,145
TPRB_APPLY,59,135437140,37,155
TPRB_APPLY,60,137147995,37,164
TPRB_APPLY,61,138516679,37,173
TPRB_APPLY,62,140569705,44,183
TPRB_APPLY,63,141938389,44,192
TPRB_APPLY,64,143649244,44,0
TPRB_APPLY,65,145702270,44,10
TPRB_APPLY,66,147070954,44,19
TPRB_APPLY,67,149123980,44,29
TPRB_APPLY,68,150834835,44,39
TPRB_APPLY,69,152545690,44,48
TPRB_APPLY,70,154256545,44,58
TPRB_APPLY,71,155967400,44,67
TPRB_APPLY,72,157336084,51,76
TPRB_APPLY,73,159389110,51,86
TPRB_APPLY,74,161099965,51,95
TPRB_APPLY,75,162468649,51,104
TPRB_APPLY,76,164521675,51,114
TPRB_APPLY,77,165890359,51,123
TPRB_APPLY,78,167943385,51,133
TPRB_APPLY,79,169312069,51,142
TPRB_APPLY,80,171022924,51,151
TPRB_APPLY,81,173075950,51,161
TPRB_APPLY,82,174444634,56,170
TPRB_APPLY,83,176155489,58,179
TPRB_APPLY,84,177866344,58,189
TPRB_APPLY,85,179577199,58,198
TPRB_APPLY,86,181288054,58,6
TPRB_APPLY,87,182998909,58,16
TPRB_APPLY,88,184709764,58,25
TPRB_APPLY,89,186421130,58,35
TPRB_APPLY,90,188131474,58,44
TPRB_APPLY,91,189842329,58,53
TPRB_APPLY,92,191553184,61,63
TPRB_APPLY,93,193264039,65,72
TPRB_APPLY,94,194974894,65,81
TPRB_APPLY,95,196685749,65,91
TPRB_APPLY,96,198396604,65,100
TPRB_APPLY,97,200107459,65,109
TPRB_APPLY,98,201818314,65,119
TPRB_APPLY,99,203529169,65,128
TPRB_APPLY,100,205240024,65,138
TPRB_APPLY,101,206950879,65,147
TPRB_APPLY,102,208661734,66,156
TPRB_APPLY,103,210372589,71,166
TPRB_APPLY,104,212083444,71,175
TPRB_APPLY,105,213452128,71,184
TPRB_APPLY,106,215505917,71,194
TPRB_APPLY,107,216873838,71,2
TPRB_APPLY,108,218927886,71,12
TPRB_APPLY,109,220637719,71,21
TPRB_APPLY,110,222006403,71,30
TPRB_APPLY,111,224059429,71,40
TPRB_APPLY,112,225428113,71,49
TPRB_APPLY,113,227138968,78,58
TPRB_APPLY,114,228851113,78,68
TPRB_APPLY,115,230560678,78,77
TPRB_APPLY,116,232613704,78,87
TPRB_APPLY,117,234324559,78,97
TPRB_APPLY,118,236035414,78,106
TPRB_APPLY,119,237746269,78,116
TPRB_APPLY,120,239457124,78,126
TPRB_APPLY,121,241167979,78,135
TPRB_APPLY,122,242878834,78,145
TPRB_APPLY,123,244589689,85,154
TPRB_APPLY,124,246300544,85,163
TPRB_APPLY,125,248011399,85,173
TPRB_APPLY,126,249722254,85,182
TPRB_APPLY,127,251433109,85,191
TPRB_APPLY,128,253143964,85,0
TPRB_APPLY,129,254854819,85,9
TPRB_APPLY,130,256565674,85,19
TPRB_APPLY,131,258276529,85,28
TPRB_APPLY,132,259987384,85,37
TPRB_APPLY,133,261698239,90,47
TPRB_APPLY,134,263409094,92,56
TPRB_APPLY,135,264777778,92,65
TPRB_APPLY,136,266830804,92,75
TPRB_APPLY,137,268541659,92,84
TPRB_APPLY,138,270252514,92,94
TPRB_APPLY,139,271963369,92,104
TPRB_APPLY,140,273674224,92,113
TPRB_APPLY,141,275385079,92,123
TPRB_APPLY,142,277095934,92,132
TPRB_APPLY,143,278807541,96,141
TPRB_APPLY,144,280517644,99,151
TPRB_APPLY,145,282228499,99,160
TPRB_APPLY,146,283939354,99,169
TPRB_APPLY,147,285650209,99,179
TPRB_APPLY,148,287361064,99,188
TPRB_APPLY,149,289071919,99,198
TPRB_APPLY,150,290782774,99,7
TPRB_APPLY,151,292493629,99,16
TPRB_APPLY,152,294204484,99,26
TPRB_APPLY,153,295915339,102,35
TPRB_APPLY,154,297626194,105,44
TPRB_APPLY,155,299337049,105,54
TPRB_APPLY,156,301047904,105,63
TPRB_APPLY,157,302758759,105,72
TPRB_APPLY,158,304469614,105,82
TPRB_APPLY,159,306180469,105,91
TPRB_APPLY,160,307891324,105,101
TPRB_APPLY,161,309602179,105,111
TPRB_APPLY,162,311313034,105,120
TPRB_APPLY,163,313366060,107,130
TPRB_APPLY,164,314734744,112,139
TPRB_APPLY,165,316445599,112,148
TPRB_APPLY,166,318156454,112,158
TPRB_APPLY,167,320209480,112,168
TPRB_APPLY,168,321920335,112,177
TPRB_APPLY,169,323631190,112,187
TPRB_APPLY,170,325342045,112,196
TPRB_APPLY,171,326710729,112,4
TPRB_APPLY,172,328763755,112,14
TPRB_APPLY,173,330132439,112,23
TPRB_APPLY,174,331843294,119,32
TPRB_APPLY,175,333896320,119,42
TPRB_APPLY,176,335265004,119,51
TPRB_APPLY,177,336975859,119,60
TPRB_APPLY,178,338687189,119,70
TPRB_APPLY,179,340398411,119,79
TPRB_APPLY,180,342109141,119,88
TPRB_APPLY,181,343819279,119,98
TPRB_APPLY,182,345530134,119,107
TPRB_APPLY,183,347240989,119,117
TPRB_APPLY,184,349294015,126,127
TPRB_APPLY,185,351004870,126,136
TPRB_APPLY,186,352373554,126,145
TPRB_APPLY,187,354426580,126,155
TPRB_APPLY,188,355795264,126,164
TPRB_APPLY,189,357848290,126,174
TPRB_APPLY,190,359559145,126,184
TPRB_APPLY,191,361270000,126,193
TPRB_APPLY,192,362980855,126,2
TPRB_APPLY,193,364691710,126,12
TPRB_APPLY,194,366402565,133,21
TPRB_APPLY,195,368113420,133,30
TPRB_APPLY,196,369824275,133,40
TPRB_APPLY,197,371535130,133,49
TPRB_APPLY,198,373245985,133,58
TPRB_APPLY,199,374956840,133,68
TPRB_APPLY,200,376667695,133,77
TPRB_APPLY,201,378378551,133,86
TPRB_APPLY,202,380089591,133,96
TPRB_APPLY,203,381800260,133,105
TPRB_APPLY,204,383511115,139,115
TPRB_APPLY,205,385221970,140,124
TPRB_APPLY,206,386932825,140,133
TPRB_APPLY,207,388643680,140,143
TPRB_APPLY,208,390354535,140,152
TPRB_APPLY,209,392065390,140,161
TPRB_APPLY,210,393776245,140,171
TPRB_APPLY,211,395487392,140,180
TPRB_APPLY,212,397197955,140,189
TPRB_APPLY,213,398908810,140,199
TPRB_APPLY,214,400619665,143,7
TPRB_APPLY,215,401988349,146,16
TPRB_APPLY,216,404041375,146,26
TPRB_APPLY,217,405752230,146,35
TPRB_APPLY,218,407463280,146,45
TPRB_APPLY,219,409173940,146,55
TPRB_APPLY,220,410884795,146,64
TPRB_APPLY,221,412595650,146,74
TPRB_APPLY,222,414306505,146,83
TPRB_APPLY,223,416017360,146,92
TPRB_APPLY,224,417728215,148,101
TPRB_APPLY,225,419439070,153,111
TPRB_APPLY,226,421149925,153,120
TPRB_APPLY,227,422860780,153,129
TPRB_APPLY,228,424571635,153,139
TPRB_APPLY,229,426282490,153,148
TPRB_APPLY,230,427651174,153,157
TPRB_APPLY,231,429704200,153,167
TPRB_APPLY,232,431415055,153,176
TPRB_APPLY,233,433125910,153,186
TPRB_APPLY,234,434836765,153,195
TPRB_APPLY,235,436205661,156,3
TPRB_APPLY,236,438258475,156,13
TPRB_APPLY,237,439627159,156,22
TPRB_APPLY,238,441338014,156,31
TPRB_APPLY,239,443391040,156,41
TPRB_APPLY,240,444759724,156,50
TPRB_APPLY,241,446471607,156,59
TPRB_APPLY,242,448181434,156,69
TPRB_APPLY,243,449892289,156,78
TPRB_APPLY,244,451604524,156,88
TPRB_APPLY,245,453656329,165,98
TPRB_APPLY,246,455367025,167,107
TPRB_APPLY,247,456735709,167,116
TPRB_APPLY,248,458788735,167,126
TPRB_APPLY,249,460499590,167,135
TPRB_APPLY,250,462210445,167,145
TPRB_APPLY,251,463921300,167,155
TPRB_APPLY,252,465633160,167,164
TPRB_APPLY,253,467343010,167,174
TPRB_APPLY,254,469396036,167,184
TPRB_APPLY,255,470764720,174,193
TPRB_APPLY,256,472475575,174,1
TPRB_APPLY,257,474186430,174,11
TPRB_APPLY,258,475897285,174,20
TPRB_APPLY,259,477608140,174,29
TPRB_APPLY,260,479318995,174,39
TPRB_APPLY,261,481029850,174,48
TPRB_APPLY,262,482740705,174,58
TPRB_APPLY,263,484793731,174,68
TPRB_APPLY,264,486504586,174,77
TPRB_APPLY,265,487873270,180,86
TPRB_APPLY,266,489926296,181,96
TPRB_APPLY,267,491637151,181,105
TPRB_APPLY,268,493005835,181,114
TPRB_APPLY,269,495058861,181,124
TPRB_APPLY,270,496427545,181,133
TPRB_APPLY,271,498138400,181,142
TPRB_APPLY,272,499849255,181,152
TPRB_APPLY,273,501560110,181,161
TPRB_APPLY,274,503613136,181,171
TPRB_APPLY,275,505323991,186,181
TPRB_APPLY,276,507034846,187,190
TPRB_APPLY,277,508403530,187,199
TPRB_APPLY,278,510456556,187,8
TPRB_APPLY,279,512167411,187,17
TPRB_APPLY,280,513878266,187,27
TPRB_APPLY,281,515589121,187,37
TPRB_APPLY,282,517299976,187,46
TPRB_APPLY,283,519010831,187,56
TPRB_APPLY,284,521063857,187,66
TPRB_APPLY,285,522432541,191,75
TPRB_APPLY,286,524144106,194,84
TPRB_APPLY,287,525854251,194,93
TPRB_APPLY,288,527565106,194,102
TPRB_APPLY,289,529275961,194,111
TPRB_APPLY,290,531328987,194,121
TPRB_APPLY,291,532697671,194,130
TPRB_APPLY,292,534408526,194,139
TPRB_APPLY,293,536119381,194,148
TPRB_APPLY,294,537830236,194,158
TPRB_APPLY,295,539883262,197,168
TPRB_APPLY,296,541594117,201,177
TPRB_APPLY,297,543304972,201,186
TPRB_APPLY,298,544673656,201,195
TPRB_APPLY,299,546384511,201,3
TPRB_APPLY,300,548438065,201,13
TPRB_APPLY,301,550148392,201,22
TPRB_APPLY,302,551517076,201,31
TPRB_APPLY,303,553227931,201,40
TPRB_APPLY,304,555280957,201,50
TPRB_APPLY,305,556991812,203,60
TPRB_APPLY,306,558702667,208,69
TPRB_APPLY,307,560413521,208,78
TPRB_APPLY,308,562124376,208,87
TPRB_APPLY,309,563835231,208,96
TPRB_APPLY,310,565546086,208,106
TPRB_APPLY,311,567256941,208,116
TPRB_APPLY,312,568967796,208,125
TPRB_APPLY,313,570678651,208,134
TPRB_APPLY,314,572389506,208,143
TPRB_APPLY,315,574100361,208,152
TPRB_APPLY,316,575811216,215,162
TPRB_APPLY,317,577522071,215,171
TPRB_APPLY,318,579232926,215,180
TPRB_APPLY,319,580943781,215,189
TPRB_APPLY,320,582654636,215,198
TPRB_APPLY,321,584365491,215,7
TPRB_APPLY,322,586076346,215,16
TPRB_APPLY,323,587787262,215,25
TPRB_APPLY,324,589498056,215,34
TPRB_APPLY,325,591208911,215,44
TPRB_APPLY,326,592919766,222,53
TPRB_APPLY,327,594630621,222,62
TPRB_APPLY,328,596341476,222,71
TPRB_APPLY,329,597710160,222,80
TPRB_APPLY,330,599763186,222,90
TPRB_APPLY,331,601474041,222,100
TPRB_APPLY,332,603184896,222,109
TPRB_APPLY,333,604895751,222,118
TPRB_APPLY,334,606606606,222,127
TPRB_APPLY,335,608317461,222,137
TPRB_APPLY,336,610370487,228,147
TPRB_APPLY,337,611739171,228,156
TPRB_APPLY,338,613450026,228,165
TPRB_APPLY,339,615160881,228,174
TPRB_APPLY,340,616871736,228,183
TPRB_APPLY,341,618582591,228,193
TPRB_APPLY,342,620293446,228,1
TPRB_APPLY,343,622004301,228,10
TPRB_APPLY,344,623715549,228,19
TPRB_APPLY,345,625426011,228,29
TPRB_APPLY,346,627479037,234,39
TPRB_APPLY,347,629189892,235,48
TPRB_APPLY,348,630558814,235,57
TPRB_APPLY,349,632269431,235,66
TPRB_APPLY,350,633980286,235,75
TPRB_APPLY,351,636033312,235,85
TPRB_APPLY,352,637401996,235,94
TPRB_APPLY,353,639112851,235,103
TPRB_APPLY,354,640823706,235,112
TPRB_APPLY,355,642876732,235,122
TPRB_APPLY,356,644587587,240,132
TPRB_APPLY,357,646298442,242,141
TPRB_APPLY,358,648009297,242,150
TPRB_APPLY,359,649720152,242,159
TPRB_APPLY,360,651088836,242,168
TPRB_APPLY,361,653141862,242,178
TPRB_APPLY,362,654852717,242,188
TPRB_APPLY,363,656564487,242,197
TPRB_APPLY,364,658274427,242,5
TPRB_APPLY,365,659985282,242,14
TPRB_APPLY,366,661696137,246,24
TPRB_APPLY,367,663749163,249,34
TPRB_APPLY,368,665117847,249,43
TPRB_APPLY,369,666828702,249,52
TPRB_APPLY,370,668539557,249,61
TPRB_APPLY,371,670251384,249,70
TPRB_APPLY,372,671961267,249,80
TPRB_APPLY,373,673672122,249,89
TPRB_APPLY,374,675382977,249,98
TPRB_APPLY,375,677093832,249,107
TPRB_APPLY,376,678804687,250,116
TPRB_APPLY,377,680515542,256,126
TPRB_APPLY,378,682226397,256,135
TPRB_APPLY,379,683937252,256,144
TPRB_APPLY,380,685648107,256,153
TPRB_APPLY,381,687358962,256,162
TPRB_APPLY,382,689069817,256,172
TPRB_APPLY,383,690780672,256,181
TPRB_APPLY,384,692492212,256,190
TPRB_APPLY,385,694202382,256,199
TPRB_APPLY,386,695913237,256,7
TPRB_APPLY,387,697624092,263,17
TPRB_APPLY,388,699334947,263,26
TPRB_APPLY,389,701045802,263,35
TPRB_APPLY,390,702756657,263,44
TPRB_APPLY,391,704125341,263,53
TPRB_APPLY,392,706178367,263,63
TPRB_APPLY,393,707889222,263,72
TPRB_APPLY,394,709259635,263,81
TPRB_APPLY,395,710968761,263,90
TPRB_APPLY,396,712679616,263,99
TPRB_APPLY,397,714732642,269,109
TPRB_APPLY,398,716443497,269,119
TPRB_APPLY,399,718496523,269,129
TPRB_APPLY,400,719865207,269,138
TPRB_APPLY,401,721576062,269,147
TPRB_APPLY,402,723286917,269,156
TPRB_APPLY,403,724997772,269,165
TPRB_APPLY,404,726708627,269,175
TPRB_APPLY,405,728419482,269,184
TPRB_APPLY,406,730130337,269,193
TPRB_APPLY,407,731841192,275,1
TPRB_APPLY,408,733552047,276,10
TPRB_APPLY,409,735262902,276,19
TPRB_APPLY,410,736973757,276,29
TPRB_APPLY,411,738684612,276,38
TPRB_APPLY,412,740395467,276,47
TPRB_APPLY,413,742106322,276,56
TPRB_APPLY,414,743817177,276,65
TPRB_APPLY,415,745528032,276,74
TPRB_APPLY,416,747238887,276,84
TPRB_APPLY,417,748949742,280,93
TPRB_APPLY,418,750660596,283,102
TPRB_APPLY,419,752371451,283,111
TPRB_APPLY,420,754082306,283,120
TPRB_APPLY,421,755450991,283,129
TPRB_APPLY,422,757504757,283,139
TPRB_APPLY,423,759214871,283,148
TPRB_APPLY,424,760925726,283,157
TPRB_APPLY,425,762294410,283,166
TPRB_APPLY,426,764005265,283,175
TPRB_APPLY,427,766058291,285,185
TPRB_APPLY,428,767769146,290,194
TPRB_APPLY,429,769480001,290,3
TPRB_APPLY,430,771533027,290,12
TPRB_APPLY,431,773243882,290,22
TPRB_APPLY,432,775296908,290,32
TPRB_APPLY,433,776665593,290,41
TPRB_APPLY,434,778376447,290,50
TPRB_APPLY,435,780087302,290,58
TPRB_APPLY,436,781798157,290,67
TPRB_APPLY,437,783509013,293,76
TPRB_APPLY,438,785219867,297,85
TPRB_APPLY,439,786930722,297,95
TPRB_APPLY,440,788641577,297,103
TPRB_APPLY,441,790352432,297,112
TPRB_APPLY,442,792063287,297,121
TPRB_APPLY,443,793774142,297,130
TPRB_APPLY,444,795484997,297,139
TPRB_APPLY,445,797195852,297,149
TPRB_APPLY,446,798906707,297,158
TPRB_APPLY,447,800617562,298,167
TPRB_APPLY,448,802328417,303,176
TPRB_APPLY,449,804039272,303,185
TPRB_APPLY,450,805750127,303,194
TPRB_APPLY,451,807118811,303,2
TPRB_APPLY,452,809171837,303,12
TPRB_APPLY,453,810882692,303,21
TPRB_APPLY,454,812251377,303,29
TPRB_APPLY,455,814304402,303,39
TPRB_APPLY,456,816015257,303,48
TPRB_APPLY,457,817726114,303,57
TPRB_APPLY,458,819094796,304,66
TPRB_APPLY,459,820805651,304,75
TPRB_APPLY,460,822516506,304,84
TPRB_APPLY,461,824227361,304,93
TPRB_APPLY,462,825938217,304,102
TPRB_APPLY,463,827991242,304,112
TPRB_APPLY,464,829359926,304,121
TPRB_APPLY,465,831070781,304,130
TPRB_APPLY,466,832781636,304,139
TPRB_APPLY,467,834492491,304,148
TPRB_APPLY,468,836203346,310,157
TPRB_APPLY,469,837914201,317,166
TPRB_APPLY,470,839625056,317,175
TPRB_APPLY,471,841335911,317,184
TPRB_APPLY,472,843046766,317,194
TPRB_APPLY,473,844757621,317,2
TPRB_APPLY,474,846468476,317,11
TPRB_APPLY,475,848179331,317,20
TPRB_APPLY,476,849890186,317,29
TPRB_APPLY,477,851601041,317,39
TPRB_APPLY,478,853311896,320,48
TPRB_APPLY,479,855022751,324,57
TPRB_APPLY,480,856733606,324,66
TPRB_APPLY,481,858445378,324,75
TPRB_APPLY,482,860155316,324,84
TPRB_APPLY,483,861866171,324,94
TPRB_APPLY,484,863577945,324,103
TPRB_APPLY,485,865287881,324,112
TPRB_APPLY,486,866999477,324,121
TPRB_APPLY,487,868367420,324,130
TPRB_APPLY,488,870420446,326,140
TPRB_APPLY,489,872131301,331,149
TPRB_APPLY,490,873842156,331,159
TPRB_APPLY,491,875553011,331,168
TPRB_APPLY,492,877263866,331,177
TPRB_APPLY,493,878974721,331,186
TPRB_APPLY,494,880685576,331,195
TPRB_APPLY,495,882396431,331,4
TPRB_APPLY,496,884107286,331,13
TPRB_APPLY,497,885818141,331,22
TPRB_APPLY,498,887528996,331,31
TPRB_APPLY,499,888897680,338,40
TPRB_APPLY,500,890950706,338,50
TPRB_APPLY,501,892661561,338,60
TPRB_APPLY,502,894372416,338,69
TPRB_APPLY,503,896083271,338,78
TPRB_APPLY,504,897794126,338,87
TPRB_APPLY,505,899505423,338,96
TPRB_APPLY,506,901215836,338,106
TPRB_APPLY,507,902926691,338,115
TPRB_APPLY,508,904637546,338,124
TPRB_APPLY,509,906348401,344,133
TPRB_APPLY,510,908059256,344,142
TPRB_APPLY,511,909770111,344,152
TPRB_APPLY,512,911480966,344,162
TPRB_APPLY,513,913191821,344,171
TPRB_APPLY,514,914902676,344,180
TPRB_APPLY,515,916613531,344,189
TPRB_APPLY,516,918324386,344,198
TPRB_APPLY,517,920035241,344,7
TPRB_APPLY,518,921746096,344,16
TPRB_APPLY,519,923456951,348,25
TPRB_APPLY,520,925167806,351,34
TPRB_APPLY,521,926878661,351,43
TPRB_APPLY,522,928589516,351,52
TPRB_APPLY,523,930300371,351,62
TPRB_APPLY,524,932011226,351,71
TPRB_APPLY,525,933722081,351,80
TPRB_APPLY,526,935432936,351,89
TPRB_APPLY,527,937143791,351,98
TPRB_APPLY,528,938854646,351,108
TPRB_APPLY,529,940565501,355,117
TPRB_APPLY,530,942278192,358,126
TPRB_APPLY,531,943987211,358,135
TPRB_APPLY,532,945355895,358,144
TPRB_APPLY,533,947408921,358,154
TPRB_APPLY,534,949119776,358,164
TPRB_APPLY,535,950830631,358,173
TPRB_APPLY,536,952541486,358,182
TPRB_APPLY,537,954252341,358,191
TPRB_APPLY,538,955963196,358,200
TPRB_APPLY,539,957674051,361,9
TPRB_APPLY,540,959727077,364,19
TPRB_APPLY,541,961437932,364,29
TPRB_APPLY,542,963148787,364,38
TPRB_APPLY,543,964859642,364,47
TPRB_APPLY,544,966570497,364,56
TPRB_APPLY,545,968281353,364,65
TPRB_APPLY,546,969992207,364,75
TPRB_APPLY,547,971703062,364,84
TPRB_APPLY,548,973413917,364,93
TPRB_APPLY,549,975124773,366,102
TPRB_APPLY,550,976493457,372,111
TPRB_APPLY,551,978204311,372,120
TPRB_APPLY,552,980258366,372,130
TPRB_APPLY,553,981968192,372,139
TPRB_APPLY,554,983336876,372,148
TPRB_APPLY,555,985047731,372,157
TPRB_APPLY,556,986758586,372,166
TPRB_APPLY,557,988811612,372,176
TPRB_APPLY,558,990180296,372,185
TPRB_APPLY,559,991891151,373,194
TPRB_APPLY,560,993602006,379,2
TPRB_APPLY,561,995312861,379,11
TPRB_APPLY,562,997023716,379,20
TPRB_APPLY,563,998734571,379,30
TPRB_APPLY,564,1000445425,379,39
TPRB_APPLY,565,1002156280,379,48
TPRB_APPLY,566,1003867135,379,57
TPRB_APPLY,567,1005578641,379,67
TPRB_APPLY,568,1007288845,379,76
TPRB_APPLY,569,1008999700,379,85
TPRB_APPLY,570,1010710555,384,94
TPRB_APPLY,571,1012421410,384,103
TPRB_APPLY,572,1014132265,384,112
TPRB_APPLY,573,1015843120,384,122
TPRB_APPLY,574,1017553975,384,131
TPRB_APPLY,575,1019264830,384,140
TPRB_APPLY,576,1020975685,384,149
TPRB_APPLY,577,1022686540,384,159
TPRB_APPLY,578,1024397395,384,169
TPRB_APPLY,579,1026109279,384,178
TPRB_APPLY,580,1027819105,391,187
TPRB_APPLY,581,1029529960,392,196
TPRB_APPLY,582,1031240815,392,4
TPRB_APPLY,583,1032951670,392,13
TPRB_APPLY,584,1034663319,392,23
TPRB_APPLY,585,1036716564,392,33
TPRB_APPLY,586,1038426406,392,42
TPRB_APPLY,587,1039795090,392,51
TPRB_APPLY,588,1041505945,392,60
TPRB_APPLY,589,1043216800,392,69
TPRB_APPLY,590,1045269826,398,79
TPRB_APPLY,591,1046980681,399,89
TPRB_APPLY,592,1048691536,399,98
TPRB_APPLY,593,1050402391,399,107
TPRB_APPLY,594,1052113246,399,116
TPRB_APPLY,595,1053481930,399,125
TPRB_APPLY,596,1055534956,399,135
TPRB_APPLY,597,1057245811,399,144
TPRB_APPLY,598,1058956666,399,153
TPRB_APPLY,599,1060325350,399,162
TPRB_APPLY,600,1062036205,403,171
TPRB_APPLY,601,1063747060,406,180
TPRB_APPLY,602,1065800086,406,190
TPRB_APPLY,603,1067510941,406,199
TPRB_APPLY,604,1068879625,406,7
TPRB_APPLY,605,1070590803,406,16
TPRB_APPLY,606,1072301335,406,25
TPRB_APPLY,607,1074012246,406,35
TPRB_APPLY,608,1075723045,406,44
TPRB_APPLY,609,1077433900,406,53
TPRB_APPLY,610,1079144755,408,62
TPRB_APPLY,611,1080855610,413,71
TPRB_APPLY,612,1082566465,413,80
TPRB_APPLY,613,1084277320,413,90
TPRB_APPLY,614,1086330346,413,100
TPRB_APPLY,615,1088041201,413,109
TPRB_APPLY,616,1089410010,413,118
TPRB_APPLY,617,1091120740,413,127
TPRB_APPLY,618,1092831595,413,136
TPRB_APPLY,619,1094884621,413,146
TPRB_APPLY,620,1096253305,414,155
TPRB_APPLY,621,1097964160,420,164
TPRB_APPLY,622,1099675015,420,173
TPRB_APPLY,623,1101385870,420,182
TPRB_APPLY,624,1103096725,420,191
TPRB_APPLY,625,1104807580,420,0
TPRB_APPLY,626,1106519396,420,9
TPRB_APPLY,627,1108229290,420,18
TPRB_APPLY,628,1109940145,420,27
TPRB_APPLY,629,1111651000,420,36
TPRB_APPLY,630,1113361855,420,46
TPRB_APPLY,631,1115072710,426,55
TPRB_APPLY,632,1116783565,426,64
TPRB_APPLY,633,1118494420,426,73
TPRB_APPLY,634,1120205275,426,82
TPRB_APPLY,635,1121916130,426,91
TPRB_APPLY,636,1123626985,426,101
TPRB_APPLY,637,1125337840,426,110
TPRB_APPLY,638,1127048695,426,119
TPRB_APPLY,639,1128759550,426,128
TPRB_APPLY,640,1130470405,426,138
TPRB_APPLY,641,1132181260,431,147
TPRB_APPLY,642,1133892115,433,157
TPRB_APPLY,643,1135945141,433,167
TPRB_APPLY,644,1137655996,433,176
TPRB_APPLY,645,1139366851,433,185
TPRB_APPLY,646,1140735535,433,194
TPRB_APPLY,647,1142446390,433,2
TPRB_APPLY,648,1144499416,433,12
TPRB_APPLY,649,1146210271,433,21
TPRB_APPLY,650,1147578955,433,30
TPRB_APPLY,651,1149289810,438,39
TPRB_APPLY,652,1151000665,438,48
TPRB_APPLY,653,1153053691,438,58
TPRB_APPLY,654,1154764546,438,68
TPRB_APPLY,655,1156475401,438,77
TPRB_APPLY,656,1158186256,438,86
TPRB_APPLY,657,1159897111,438,95
TPRB_APPLY,658,1161265795,438,104
TPRB_APPLY,659,1163318821,438,114
TPRB_APPLY,660,1165029676,438,123
TPRB_APPLY,661,1166740531,441,132
TPRB_APPLY,662,1168451386,447,141
TPRB_APPLY,663,1169820070,447,150
TPRB_APPLY,664,1171530925,447,159
TPRB_APPLY,665,1173583951,447,169
TPRB_APPLY,666,1175294806,447,179
TPRB_APPLY,667,1177006026,447,188
TPRB_APPLY,668,1178716516,447,197
TPRB_APPLY,669,1180427371,447,5
TPRB_APPLY,670,1182138226,447,14
TPRB_APPLY,671,1183849081,449,24
TPRB_APPLY,672,1185559936,453,33
TPRB_APPLY,673,1187270794,453,42
TPRB_APPLY,674,1188982676,453,51
TPRB_APPLY,675,1190350330,453,60
TPRB_APPLY,676,1192061185,453,69
TPRB_APPLY,677,1194114211,453,79
TPRB_APPLY,678,1195825066,453,88
TPRB_APPLY,679,1197193750,453,97
TPRB_APPLY,680,1198904605,453,106
TPRB_APPLY,681,1200957631,453,116
TPRB_APPLY,682,1202668486,460,125
TPRB_APPLY,683,1204379341,460,135
TPRB_APPLY,684,1206432367,460,145
TPRB_APPLY,685,1207801051,460,154
TPRB_APPLY,686,1209511906,460,163
TPRB_APPLY,687,1211222761,460,172
TPRB_APPLY,688,1212933616,460,182
TPRB_APPLY,689,1214986642,460,192
TPRB_APPLY,690,1216697497,460,0
TPRB_APPLY,691,1218408352,460,9
TPRB_APPLY,692,1220119207,467,18
TPRB_APPLY,693,1221487891,467,27
TPRB_APPLY,694,1223198746,467,36
TPRB_APPLY,695,1225251772,467,46
TPRB_APPLY,696,1226962627,467,55
TPRB_APPLY,697,1228331311,467,64
TPRB_APPLY,698,1230042166,467,73
TPRB_APPLY,699,1231753021,467,82
TPRB_APPLY,700,1233463876,467,92
TPRB_APPLY,701,1235174731,467,101
TPRB_APPLY,702,1236885586,473,110
TPRB_APPLY,703,1238596441,474,119
TPRB_APPLY,704,1240307296,474,128
TPRB_APPLY,705,1242018151,474,137
TPRB_APPLY,706,1243729006,474,147
TPRB_APPLY,707,1245782032,474,157
TPRB_APPLY,708,1247492887,474,166
TPRB_APPLY,709,1248863347,474,175
TPRB_APPLY,710,1250572780,474,184
TPRB_APPLY,711,1252625452,474,194
TPRB_APPLY,712,1254336307,481,2
TPRB_APPLY,713,1256047162,481,11
TPRB_APPLY,714,1257758017,481,21
TPRB_APPLY,715,1259468872,481,30
TPRB_APPLY,716,1261179727,481,39
TPRB_APPLY,717,1262890582,481,48
TPRB_APPLY,718,1264601437,481,57
TPRB_APPLY,719,1266312292,481,67
TPRB_APPLY,720,1268023147,481,76
TPRB_APPLY,721,1269734002,481,85
TPRB_APPLY,722,1271445879,486,94
TPRB_APPLY,723,1272813541,488,103
TPRB_APPLY,724,1274524396,488,112
TPRB_APPLY,725,1276577422,488,122
TPRB_APPLY,726,1278288277,488,131
TPRB_APPLY,727,1279656961,488,140
TPRB_APPLY,728,1281367816,488,149
TPRB_APPLY,729,1283420842,488,159
TPRB_APPLY,730,1285131697,488,169
TPRB_APPLY,731,1286842552,488,178
TPRB_APPLY,732,1288553407,491,187
TPRB_APPLY,733,1290264262,495,196
TPRB_APPLY,734,1291975117,495,4
TPRB_APPLY,735,1293343801,495,13
TPRB_APPLY,736,1295396827,495,23
TPRB_APPLY,737,1297107682,495,32
TPRB_APPLY,738,1298818537,495,41
TPRB_APPLY,739,1300187221,495,50
TPRB_APPLY,740,1301898076,495,59
TPRB_APPLY,741,1303951268,495,69
TPRB_APPLY,742,1305661957,497,78
TPRB_APPLY,743,1307372812,501,87
TPRB_APPLY,744,1309083667,501,96
TPRB_APPLY,745,1310452351,501,105
TPRB_APPLY,746,1312163206,501,114
TPRB_APPLY,747,1313874061,501,123
TPRB_APPLY,748,1315584916,501,133
TPRB_APPLY,749,1317295771,501,142
TPRB_APPLY,750,1319006626,501,151
TPRB_APPLY,751,1320717481,501,160
TPRB_APPLY,752,1322428336,501,170
TPRB_APPLY,753,1324139191,507,179
TPRB_APPLY,754,1326192217,507,189
TPRB_APPLY,755,1327903072,507,198
TPRB_APPLY,756,1329613927,507,6
TPRB_APPLY,757,1330982611,507,15
TPRB_APPLY,758,1332693466,507,24
TPRB_APPLY,759,1334746492,507,34
TPRB_APPLY,760,1336457347,507,43
TPRB_APPLY,761,1337826031,507,52
TPRB_APPLY,762,1339536886,507,61
TPRB_APPLY,763,1341249140,514,70
TPRB_APPLY,764,1343300767,515,80
TPRB_APPLY,765,1345011622,515,90
TPRB_APPLY,766,1346722477,515,100
TPRB_APPLY,767,1348433332,515,109
TPRB_APPLY,768,1350144187,515,118
TPRB_APPLY,769,1351855042,515,127
TPRB_APPLY,770,1353565897,515,137
TPRB_APPLY,771,1355276752,515,146
TPRB_APPLY,772,1356987607,515,155
TPRB_APPLY,773,1358698462,521,164
TPRB_APPLY,774,1360409317,522,173
TPRB_APPLY,775,1362120172,522,182
TPRB_APPLY,776,1363831027,522,192
TPRB_APPLY,777,1365884053,522,1
TPRB_APPLY,778,1367252737,522,10
TPRB_APPLY,779,1368963592,522,19
TPRB_APPLY,780,1370674447,522,28
TPRB_APPLY,781,1372727473,522,38
TPRB_APPLY,782,1374438328,522,48
TPRB_APPLY,783,1376149183,529,57
TPRB_APPLY,784,1377860038,529,66
TPRB_APPLY,785,1379570893,529,75
TPRB_APPLY,786,1380939698,529,84
TPRB_APPLY,787,1382650432,529,93
TPRB_APPLY,788,1384703458,529,103
TPRB_APPLY,789,1386415196,529,113
TPRB_APPLY,790,1388467339,529,123
TPRB_APPLY,791,1390178194,529,132
TPRB_APPLY,792,1391546878,529,141
TPRB_APPLY,793,1393257733,535,150
TPRB_APPLY,794,1394968588,536,159
TPRB_APPLY,795,1396679443,536,168
TPRB_APPLY,796,1398390298,536,178
TPRB_APPLY,797,1400101153,536,187
TPRB_APPLY,798,1401812008,536,196
TPRB_APPLY,799,1403522864,536,4
TPRB_APPLY,800,1405233718,536,13
TPRB_APPLY,801,1406944573,536,23
TPRB_APPLY,802,1408655428,536,32
TPRB_APPLY,803,1410366283,540,41
TPRB_APPLY,804,1412077138,542,50
TPRB_APPLY,805,1413787993,542,59
TPRB_APPLY,806,1415498848,542,68
TPRB_APPLY,807,1417209703,542,78
TPRB_APPLY,808,1418920558,542,87
TPRB_APPLY,809,1420631413,542,96
TPRB_APPLY,810,1422342268,542,105
TPRB_APPLY,811,1424053123,542,114
TPRB_APPLY,812,1425763978,542,124
TPRB_APPLY,813,1427474833,544,133
TPRB_APPLY,814,1429185688,549,142
TPRB_APPLY,815,1430896543,549,151
TPRB_APPLY,816,1432607398,549,160
TPRB_APPLY,817,1433976082,549,169
TPRB_APPLY,818,1436029108,549,179
TPRB_APPLY,819,1437739963,549,189
TPRB_APPLY,820,1439450818,549,198
TPRB_APPLY,821,1441161673,549,6
TPRB_APPLY,822,1442872528,549,15
TPRB_APPLY,823,1444583383,549,24
TPRB_APPLY,824,1446294238,556,34
TPRB_APPLY,825,1448347264,556,44
TPRB_APPLY,826,1450058119,556,54
TPRB_APPLY,827,1451768974,556,63
TPRB_APPLY,828,1453479829,556,72
TPRB_APPLY,829,1455190806,556,81
TPRB_APPLY,830,1456901539,556,91
TPRB_APPLY,831,1458612394,556,101
TPRB_APPLY,832,1460323249,556,110
TPRB_APPLY,833,1462034104,557,119
TPRB_APPLY,834,1463744959,563,128
TPRB_APPLY,835,1465455814,563,137
TPRB_APPLY,836,1467166669,563,146
TPRB_APPLY,837,1468877576,563,156
TPRB_APPLY,838,1470930550,563,166
TPRB_APPLY,839,1472641405,563,175
TPRB_APPLY,840,1474010089,563,184
TPRB_APPLY,841,1475721522,563,193
TPRB_APPLY,842,1477431799,563,1
TPRB_APPLY,843,1479142654,563,11
TPRB_APPLY,844,1480854392,570,20
TPRB_APPLY,845,1482564364,570,29
TPRB_APPLY,846,1484275219,570,38
TPRB_APPLY,847,1485986074,570,47
TPRB_APPLY,848,1487696929,570,56
TPRB_APPLY,849,1489407784,570,66
TPRB_APPLY,850,1491118639,570,75
TPRB_APPLY,851,1492829494,570,84
TPRB_APPLY,852,1494540349,570,93
TPRB_APPLY,853,1496251204,570,102
TPRB_APPLY,854,1497962059,576,112
TPRB_APPLY,855,1500015085,577,122
TPRB_APPLY,856,1501725940,577,131
TPRB_APPLY,857,1503094624,577,140
TPRB_APPLY,858,1504805479,577,149
TPRB_APPLY,859,1506516334,577,158
TPRB_APPLY,860,1508228465,577,168
TPRB_APPLY,861,1510280215,577,178
TPRB_APPLY,862,1511991070,577,187
TPRB_APPLY,863,1513701938,577,196
TPRB_APPLY,864,1515070609,582,4
TPRB_APPLY,865,1516781464,582,13
TPRB_APPLY,866,1518834490,582,23
TPRB_APPLY,867,1520545415,582,32
TPRB_APPLY,868,1521914029,582,41
TPRB_APPLY,869,1523624884,582,50
TPRB_APPLY,870,1525336018,582,59
TPRB_APPLY,871,1527388765,582,69
TPRB_APPLY,872,1528757449,582,78
TPRB_APPLY,873,1530468304,582,87
TPRB_APPLY,874,1532179159,586,96
TPRB_APPLY,875,1533890014,586,105
TPRB_APPLY,876,1535943040,586,115
TPRB_APPLY,877,1537653895,586,125
TPRB_APPLY,878,1539364750,586,134
TPRB_APPLY,879,1541075605,586,143
TPRB_APPLY,880,1542444289,586,152
TPRB_APPLY,881,1544155144,586,161
TPRB_APPLY,882,1546208170,586,171
TPRB_APPLY,883,1547919025,586,180
TPRB_APPLY,884,1549629880,589,189
TPRB_APPLY,885,1551340735,597,198
TPRB_APPLY,886,1552709419,597,6
TPRB_APPLY,887,1554420274,597,15
TPRB_APPLY,888,1556131129,597,24
TPRB_APPLY,889,1558184155,597,34
TPRB_APPLY,890,1559552839,597,43
TPRB_APPLY,891,1561263694,597,52
TPRB_APPLY,892,1562974549,597,61
TPRB_APPLY,893,1564685404,597,70
TPRB_APPLY,894,1566396259,598,80
TPRB_APPLY,895,1568107114,604,89
TPRB_APPLY,896,1569817969,604,98
TPRB_APPLY,897,1571528824,604,107
TPRB_APPLY,898,1573239679,604,116
TPRB_APPLY,899,1574950534,604,125
TPRB_APPLY,900,1576661389,604,135
TPRB_APPLY,901,1578372244,604,144
TPRB_APPLY,902,1580083099,604,153
TPRB_APPLY,903,1581793954,604,162
TPRB_APPLY,904,1583504809,604,171
TPRB_APPLY,905,1585215664,611,181
TPRB_APPLY,906,1587268690,611,191
TPRB_APPLY,907,1588979545,611,0
TPRB_APPLY,908,1590690400,611,9
TPRB_APPLY,909,1592401255,611,18
TPRB_APPLY,910,1594112110,611,27
TPRB_APPLY,911,1595480794,611,36
TPRB_APPLY,912,1597533820,611,46
TPRB_APPLY,913,1599244675,611,55
TPRB_APPLY,914,1600613359,611,64
TPRB_APPLY,915,1602324214,617,73
TPRB_APPLY,916,1604035069,618,82
TPRB_APPLY,917,1605745924,618,91
TPRB_APPLY,918,1607798950,618,101
TPRB_APPLY,919,1609167634,618,110
TPRB_APPLY,920,1610878489,618,119
TPRB_APPLY,921,1612589344,618,128
TPRB_APPLY,922,1614300201,618,137
TPRB_APPLY,923,1616012454,618,147
TPRB_APPLY,924,1618064080,618,157
TPRB_APPLY,925,1619774935,623,166
TPRB_APPLY,926,1621485790,624,175
TPRB_APPLY,927,1623196645,624,184
TPRB_APPLY,928,1624565329,624,193
TPRB_APPLY,929,1626618355,624,2
TPRB_APPLY,930,1628329210,624,12
TPRB_APPLY,931,1630040065,624,21
TPRB_APPLY,932,1631750920,624,30
TPRB_APPLY,933,1633461775,624,39
TPRB_APPLY,934,1635172630,624,48
TPRB_APPLY,935,1636883485,627,58
TPRB_APPLY,936,1638594340,631,67
TPRB_APPLY,937,1640306408,631,77
TPRB_APPLY,938,1642016050,631,86
TPRB_APPLY,939,1643726905,631,95
TPRB_APPLY,940,1645437760,631,104
TPRB_APPLY,941,1647148615,631,113
TPRB_APPLY,942,1648859470,631,123
TPRB_APPLY,943,1650570325,631,132
TPRB_APPLY,944,1652281180,631,141
TPRB_APPLY,945,1653992035,633,150
TPRB_APPLY,946,1655703887,638,159
TPRB_APPLY,947,1657413745,638,168
TPRB_APPLY,948,1659124601,638,178
TPRB_APPLY,949,1660835454,638,187
TPRB_APPLY,950,1662546309,638,196
TPRB_APPLY,951,1664257164,638,4
TPRB_APPLY,952,1665968019,638,14
TPRB_APPLY,953,1667678874,638,24
TPRB_APPLY,954,1669389729,638,33
TPRB_APPLY,955,1671100584,640,42
TPRB_APPLY,956,1672811441,645,51
TPRB_APPLY,957,1674522294,645,60
TPRB_APPLY,958,1676233149,645,70
TPRB_APPLY,959,1678286769,645,80
TPRB_APPLY,960,1679997030,645,89
TPRB_APPLY,961,1681707885,645,98
TPRB_APPLY,962,1683076569,645,107
TPRB_APPLY,963,1684787424,645,116
TPRB_APPLY,964,1686840450,645,126
TPRB_APPLY,965,1688551305,646,135
TPRB_APPLY,966,1689919989,652,144
TPRB_APPLY,967,1691631302,652,153
TPRB_APPLY,968,1693341699,652,162
TPRB_APPLY,969,1695394725,652,172
TPRB_APPLY,970,1697105580,652,182
TPRB_APPLY,971,1698816435,652,191
TPRB_END,rx=972,apply=972,filtered=0,rx_overflow=0,apply_overflow=0,apply_race=0
TPRB_STATS,frame=972,valid=972,checksum_error=0,irq=71216,rxirq=69984,byte=69984
TPRB_STATS_ERR,pe=0,fe=0,ne=0,ore=0
