# ST-Link HOTPLUG post-capture SRAM; build=1789867492; state=4
TPRB_BEGIN,version=1,clock_hz=170000000,duration_cycles=1700000000
TPRB_RX,0,88557742,1,1
TPRB_RX,1,91112624,2,2
TPRB_RX,2,93656080,3,3
TPRB_RX,3,96202131,4,4
TPRB_RX,4,98746752,5,5
TPRB_RX,5,101289941,6,6
TPRB_RX,6,103831069,7,7
TPRB_RX,7,106376714,8,8
TPRB_RX,8,108921782,9,9
TPRB_RX,9,111467233,10,10
TPRB_RX,10,114028612,11,11
TPRB_RX,11,116573112,12,12
TPRB_RX,12,119116532,13,13
TPRB_RX,13,121660861,14,14
TPRB_RX,14,124204714,15,15
TPRB_RX,15,126745144,16,16
TPRB_RX,16,129292937,17,17
TPRB_RX,17,131841393,18,18
TPRB_RX,18,134385062,19,19
TPRB_RX,19,136928966,20,20
TPRB_RX,20,139473768,21,21
TPRB_RX,21,142017283,22,22
TPRB_RX,22,144557213,23,23
TPRB_RX,23,147097503,24,24
TPRB_RX,24,149646981,25,25
TPRB_RX,25,152192114,26,26
TPRB_RX,26,154733319,27,27
TPRB_RX,27,157279549,28,28
TPRB_RX,28,159822480,29,29
TPRB_RX,29,162545386,30,30
TPRB_RX,30,165092535,31,31
TPRB_RX,31,167638962,32,32
TPRB_RX,32,170185713,33,33
TPRB_RX,33,172731395,34,34
TPRB_RX,34,175283290,35,35
TPRB_RX,35,177826150,36,36
TPRB_RX,36,180369405,37,37
TPRB_RX,37,182919130,38,38
TPRB_RX,38,185467271,39,39
TPRB_RX,39,188010296,40,40
TPRB_RX,40,190556513,41,41
TPRB_RX,41,193102805,42,42
TPRB_RX,42,195650651,43,43
TPRB_RX,43,198200550,44,44
TPRB_RX,44,200746717,45,45
TPRB_RX,45,203289396,46,46
TPRB_RX,46,205835311,47,47
TPRB_RX,47,208383115,48,48
TPRB_RX,48,210926066,49,49
TPRB_RX,49,213467582,50,50
TPRB_RX,50,216012491,51,51
TPRB_RX,51,218559006,52,52
TPRB_RX,52,221099475,53,53
TPRB_RX,53,223642963,54,54
TPRB_RX,54,226189001,55,55
TPRB_RX,55,228731584,56,56
TPRB_RX,56,231272447,57,57
TPRB_RX,57,233820709,58,58
TPRB_RX,58,236363490,59,59
TPRB_RX,59,238905382,60,60
TPRB_RX,60,241448809,61,61
TPRB_RX,61,243994587,62,62
TPRB_RX,62,246534716,63,63
TPRB_RX,63,249082984,64,64
TPRB_RX,64,251636586,65,65
TPRB_RX,65,254177779,66,66
TPRB_RX,66,256898897,67,67
TPRB_RX,67,259445142,68,68
TPRB_RX,68,261993401,69,69
TPRB_RX,69,264533923,70,70
TPRB_RX,70,267084135,71,71
TPRB_RX,71,269629460,72,72
TPRB_RX,72,272174383,73,73
TPRB_RX,73,274714449,74,74
TPRB_RX,74,277258986,75,75
TPRB_RX,75,279802646,76,76
TPRB_RX,76,282346535,77,77
TPRB_RX,77,284895161,78,78
TPRB_RX,78,287442197,79,79
TPRB_RX,79,289983856,80,80
TPRB_RX,80,292528012,81,81
TPRB_RX,81,295076343,82,82
TPRB_RX,82,297617207,83,83
TPRB_RX,83,300163307,84,84
TPRB_RX,84,302708802,85,85
TPRB_RX,85,305259161,86,86
TPRB_RX,86,307801737,87,87
TPRB_RX,87,310345894,88,88
TPRB_RX,88,312887777,89,89
TPRB_RX,89,315428391,90,90
TPRB_RX,90,317977010,91,91
TPRB_RX,91,320521946,92,92
TPRB_RX,92,323068316,93,93
TPRB_RX,93,325611108,94,94
TPRB_RX,94,328157886,95,95
TPRB_RX,95,330698953,96,96
TPRB_RX,96,333245912,97,97
TPRB_RX,97,335796096,98,98
TPRB_RX,98,338340597,99,99
TPRB_RX,99,340882836,100,100
TPRB_RX,100,343610518,101,101
TPRB_RX,101,345979720,102,102
TPRB_RX,102,348707589,103,103
TPRB_RX,103,351254441,104,104
TPRB_RX,104,353807830,105,105
TPRB_RX,105,356356067,106,106
TPRB_RX,106,358901140,107,107
TPRB_RX,107,361447122,108,108
TPRB_RX,108,363988685,109,109
TPRB_RX,109,366532991,110,110
TPRB_RX,110,369108999,111,111
TPRB_RX,111,371654664,112,112
TPRB_RX,112,374197036,113,113
TPRB_RX,113,376740195,114,114
TPRB_RX,114,379284341,115,115
TPRB_RX,115,381826405,116,116
TPRB_RX,116,384371678,117,117
TPRB_RX,117,386918236,118,118
TPRB_RX,118,389461402,119,119
TPRB_RX,119,392005781,120,120
TPRB_RX,120,394554240,121,121
TPRB_RX,121,397098152,122,122
TPRB_RX,122,399642331,123,123
TPRB_RX,123,402187741,124,124
TPRB_RX,124,404732476,125,125
TPRB_RX,125,407273801,126,126
TPRB_RX,126,409816910,127,127
TPRB_RX,127,412361317,128,128
TPRB_RX,128,414905509,129,129
TPRB_RX,129,417446240,130,130
TPRB_RX,130,419996229,131,131
TPRB_RX,131,422539908,132,132
TPRB_RX,132,425082527,133,133
TPRB_RX,133,427625181,134,134
TPRB_RX,134,430170788,135,135
TPRB_RX,135,432712539,136,136
TPRB_RX,136,435302968,137,137
TPRB_RX,137,437854679,138,138
TPRB_RX,138,440397826,139,139
TPRB_RX,139,442939293,140,140
TPRB_RX,140,445598677,141,141
TPRB_RX,141,448143789,142,142
TPRB_RX,142,450685928,143,143
TPRB_RX,143,453270538,144,144
TPRB_RX,144,455815858,145,145
TPRB_RX,145,458358945,146,146
TPRB_RX,146,460743659,147,147
TPRB_RX,147,463287231,148,148
TPRB_RX,148,466010380,149,149
TPRB_RX,149,468553173,150,150
TPRB_RX,150,471055042,151,151
TPRB_RX,151,473592541,152,152
TPRB_RX,152,476134557,153,153
TPRB_RX,153,478710698,154,154
TPRB_RX,154,481255329,155,155
TPRB_RX,155,483798244,156,156
TPRB_RX,156,486384517,157,157
TPRB_RX,157,488930077,158,158
TPRB_RX,158,491472842,159,159
TPRB_RX,159,494045813,160,160
TPRB_RX,160,496590555,161,161
TPRB_RX,161,499131153,162,162
TPRB_RX,162,501673206,163,163
TPRB_RX,163,504099993,164,164
TPRB_RX,164,506647024,165,165
TPRB_RX,165,509190298,166,166
TPRB_RX,166,511858450,167,167
TPRB_RX,167,514394148,168,168
TPRB_RX,168,516935457,169,169
TPRB_RX,169,519476055,170,170
TPRB_RX,170,522060899,171,171
TPRB_RX,171,524612690,172,172
TPRB_RX,172,527159092,173,173
TPRB_RX,173,529740032,174,174
TPRB_RX,174,532282728,175,175
TPRB_RX,175,534827107,176,176
TPRB_RX,176,537392471,177,177
TPRB_RX,177,539949049,178,178
TPRB_RX,178,542494161,179,179
TPRB_RX,179,545056727,180,180
TPRB_RX,180,547599294,181,181
TPRB_RX,181,550142818,182,182
TPRB_RX,182,552733590,183,183
TPRB_RX,183,555273320,184,184
TPRB_RX,184,557821445,185,185
TPRB_RX,185,560368344,186,186
TPRB_RX,186,562862499,187,187
TPRB_RX,187,565398379,188,188
TPRB_RX,188,567943386,189,189
TPRB_RX,189,570512923,190,190
TPRB_RX,190,573060979,191,191
TPRB_RX,191,575600573,192,192
TPRB_RX,192,578186408,193,193
TPRB_RX,193,580734287,194,194
TPRB_RX,194,583326633,195,195
TPRB_RX,195,585743319,196,196
TPRB_RX,196,588373010,197,197
TPRB_RX,197,590808631,198,198
TPRB_RX,198,593403377,199,199
TPRB_RX,199,596039449,200,200
TPRB_RX,200,598636925,201,0
TPRB_RX,201,601043497,202,1
TPRB_RX,202,603713889,203,2
TPRB_RX,203,606117901,204,3
TPRB_RX,204,608720996,205,4
TPRB_RX,205,611311263,206,5
TPRB_RX,206,613809637,207,6
TPRB_RX,207,616427119,208,7
TPRB_RX,208,618866839,209,8
TPRB_RX,209,621471749,210,9
TPRB_RX,210,624083771,211,10
TPRB_RX,211,626520568,212,11
TPRB_RX,212,629124926,213,12
TPRB_RX,213,631741418,214,13
TPRB_RX,214,634338016,215,14
TPRB_RX,215,636771400,216,15
TPRB_RX,216,639400069,217,16
TPRB_RX,217,641814796,218,17
TPRB_RX,218,644422187,219,18
TPRB_RX,219,647017140,220,19
TPRB_RX,220,649610746,221,20
TPRB_RX,221,652026509,222,21
TPRB_RX,222,654632181,223,22
TPRB_RX,223,657229008,224,23
TPRB_RX,224,659671136,225,24
TPRB_RX,225,662288714,226,25
TPRB_RX,226,664884122,227,26
TPRB_RX,227,667479656,228,27
TPRB_RX,228,669893264,229,28
TPRB_RX,229,672490474,230,29
TPRB_RX,230,675097038,231,30
TPRB_RX,231,677535249,232,31
TPRB_RX,232,680142915,233,32
TPRB_RX,233,682752214,234,33
TPRB_RX,234,685164582,235,34
TPRB_RX,235,687769084,236,35
TPRB_RX,236,690365546,237,36
TPRB_RX,237,692968994,238,37
TPRB_RX,238,695393636,239,38
TPRB_RX,239,697994892,240,39
TPRB_RX,240,700612317,241,40
TPRB_RX,241,703022730,242,41
TPRB_RX,242,705643542,243,42
TPRB_RX,243,708244347,244,43
TPRB_RX,244,710677158,245,44
TPRB_RX,245,713263622,246,45
TPRB_RX,246,715863029,247,46
TPRB_RX,247,718464147,248,47
TPRB_RX,248,720872973,249,48
TPRB_RX,249,723466154,250,49
TPRB_RX,250,726062453,251,50
TPRB_RX,251,728667983,252,51
TPRB_RX,252,731097283,253,52
TPRB_RX,253,733688965,254,53
TPRB_RX,254,736303025,255,54
TPRB_RX,255,738891112,256,55
TPRB_RX,256,741304761,257,56
TPRB_RX,257,743908599,258,57
TPRB_RX,258,746510619,259,58
TPRB_RX,259,748923578,260,59
TPRB_RX,260,751541062,261,60
TPRB_RX,261,754127991,262,61
TPRB_RX,262,756745800,263,62
TPRB_RX,263,759163115,264,63
TPRB_RX,264,761780127,265,64
TPRB_RX,265,764396490,266,65
TPRB_RX,266,766825529,267,66
TPRB_RX,267,769433653,268,67
TPRB_RX,268,772034335,269,68
TPRB_RX,269,774452845,270,69
TPRB_RX,270,777062204,271,70
TPRB_RX,271,779666958,272,71
TPRB_RX,272,782113774,273,72
TPRB_RX,273,784719290,274,73
TPRB_RX,274,787331055,275,74
TPRB_RX,275,789772594,276,75
TPRB_RX,276,792371504,277,76
TPRB_RX,277,794971722,278,77
TPRB_RX,278,797399982,279,78
TPRB_RX,279,800023814,280,79
TPRB_RX,280,802646096,281,80
TPRB_RX,281,805067465,282,81
TPRB_RX,282,807673495,283,82
TPRB_RX,283,810294088,284,83
TPRB_RX,284,812708574,285,84
TPRB_RX,285,815331512,286,85
TPRB_RX,286,817937601,287,86
TPRB_RX,287,820363008,288,87
TPRB_RX,288,822980912,289,88
TPRB_RX,289,825587789,290,89
TPRB_RX,290,828014551,291,90
TPRB_RX,291,830614360,292,91
TPRB_RX,292,833217876,293,92
TPRB_RX,293,835654008,294,93
TPRB_RX,294,838257479,295,94
TPRB_RX,295,840871638,296,95
TPRB_RX,296,843301747,297,96
TPRB_RX,297,845903668,298,97
TPRB_RX,298,848506308,299,98
TPRB_RX,299,850930420,300,99
TPRB_RX,300,853540371,301,100
TPRB_RX,301,856143048,302,101
TPRB_RX,302,858578150,303,102
TPRB_RX,303,861187120,304,103
TPRB_RX,304,863717888,305,104
TPRB_RX,305,866345674,306,105
TPRB_RX,306,868944180,307,106
TPRB_RX,307,871352428,308,107
TPRB_RX,308,873945194,309,108
TPRB_RX,309,876546364,310,109
TPRB_RX,310,879140553,311,110
TPRB_RX,311,881558231,312,111
TPRB_RX,312,884152833,313,112
TPRB_RX,313,886747588,314,113
TPRB_RX,314,889337664,315,114
TPRB_RX,315,891749146,316,115
TPRB_RX,316,894343658,317,116
TPRB_RX,317,896938088,318,117
TPRB_RX,318,899532695,319,118
TPRB_RX,319,901957508,320,119
TPRB_RX,320,904553991,321,120
TPRB_RX,321,907144423,322,121
TPRB_RX,322,909744244,323,122
TPRB_RX,323,912153108,324,123
TPRB_RX,324,914744843,325,124
TPRB_RX,325,917340333,326,125
TPRB_RX,326,919943412,327,126
TPRB_RX,327,922349847,328,127
TPRB_RX,328,924943262,329,128
TPRB_RX,329,927540298,330,129
TPRB_RX,330,930131279,331,130
TPRB_RX,331,932557500,332,131
TPRB_RX,332,935157850,333,132
TPRB_RX,333,937753718,334,133
TPRB_RX,334,940344157,335,134
TPRB_RX,335,942764113,336,135
TPRB_RX,336,945357499,337,136
TPRB_RX,337,947949573,338,137
TPRB_RX,338,950542202,339,138
TPRB_RX,339,952960027,340,139
TPRB_RX,340,955552996,341,140
TPRB_RX,341,958143255,342,141
TPRB_RX,342,960742701,343,142
TPRB_RX,343,963156894,344,143
TPRB_RX,344,965749064,345,144
TPRB_RX,345,968352646,346,145
TPRB_RX,346,970946931,347,146
TPRB_RX,347,973355099,348,147
TPRB_RX,348,975948512,349,148
TPRB_RX,349,978540828,350,149
TPRB_RX,350,981129794,351,150
TPRB_RX,351,983561563,352,151
TPRB_RX,352,986164314,353,152
TPRB_RX,353,988759608,354,153
TPRB_RX,354,991349218,355,154
TPRB_RX,355,993767957,356,155
TPRB_RX,356,996361053,357,156
TPRB_RX,357,998952128,358,157
TPRB_RX,358,1001549357,359,158
TPRB_RX,359,1003966598,360,159
TPRB_RX,360,1006563477,361,160
TPRB_RX,361,1009153523,362,161
TPRB_RX,362,1011747905,363,162
TPRB_RX,363,1014158909,364,163
TPRB_RX,364,1016750664,365,164
TPRB_RX,365,1019344356,366,165
TPRB_RX,366,1021943231,367,166
TPRB_RX,367,1024358936,368,167
TPRB_RX,368,1026952527,369,168
TPRB_RX,369,1029545973,370,169
TPRB_RX,370,1032136251,371,170
TPRB_RX,371,1034574114,372,171
TPRB_RX,372,1037177701,373,172
TPRB_RX,373,1039773108,374,173
TPRB_RX,374,1042210066,375,174
TPRB_RX,375,1044807106,376,175
TPRB_RX,376,1047406740,377,176
TPRB_RX,377,1050002559,378,177
TPRB_RX,378,1052431556,379,178
TPRB_RX,379,1055033882,380,179
TPRB_RX,380,1057625264,381,180
TPRB_RX,381,1060077356,382,181
TPRB_RX,382,1062671217,383,182
TPRB_RX,383,1065261155,384,183
TPRB_RX,384,1067860229,385,184
TPRB_RX,385,1070270547,386,185
TPRB_RX,386,1072869504,387,186
TPRB_RX,387,1075459962,388,187
TPRB_RX,388,1078052847,389,188
TPRB_RX,389,1080466296,390,189
TPRB_RX,390,1083057470,391,190
TPRB_RX,391,1085648717,392,191
TPRB_RX,392,1088248627,393,192
TPRB_RX,393,1090665449,394,193
TPRB_RX,394,1093255654,395,194
TPRB_RX,395,1095853714,396,195
TPRB_RX,396,1098446231,397,196
TPRB_RX,397,1100864089,398,197
TPRB_RX,398,1103460192,399,198
TPRB_RX,399,1106059959,400,199
TPRB_RX,400,1108656698,401,200
TPRB_RX,401,1111072502,402,0
TPRB_RX,402,1113667952,403,1
TPRB_RX,403,1116259654,404,2
TPRB_RX,404,1118851239,405,3
TPRB_RX,405,1121272943,406,4
TPRB_RX,406,1123872282,407,5
TPRB_RX,407,1126462724,408,6
TPRB_RX,408,1129055943,409,7
TPRB_RX,409,1131470606,410,8
TPRB_RX,410,1134060436,411,9
TPRB_RX,411,1136652087,412,10
TPRB_RX,412,1139261788,413,11
TPRB_RX,413,1141672621,414,12
TPRB_RX,414,1144264271,415,13
TPRB_RX,415,1146859863,416,14
TPRB_RX,416,1149463204,417,15
TPRB_RX,417,1151870739,418,16
TPRB_RX,418,1154466704,419,17
TPRB_RX,419,1157065716,420,18
TPRB_RX,420,1159664209,421,19
TPRB_RX,421,1162084588,422,20
TPRB_RX,422,1164685823,423,21
TPRB_RX,423,1167276760,424,22
TPRB_RX,424,1169722726,425,23
TPRB_RX,425,1172317235,426,24
TPRB_RX,426,1174913299,427,25
TPRB_RX,427,1177504464,428,26
TPRB_RX,428,1179932280,429,27
TPRB_RX,429,1182531115,430,28
TPRB_RX,430,1185123069,431,29
TPRB_RX,431,1187717652,432,30
TPRB_RX,432,1190131450,433,31
TPRB_RX,433,1192729242,434,32
TPRB_RX,434,1195319663,435,33
TPRB_RX,435,1197767404,436,34
TPRB_RX,436,1200361646,437,35
TPRB_RX,437,1202956849,438,36
TPRB_RX,438,1205560778,439,37
TPRB_RX,439,1207978285,440,38
TPRB_RX,440,1210569798,441,39
TPRB_RX,441,1213169469,442,40
TPRB_RX,442,1215634458,443,41
TPRB_RX,443,1218230768,444,42
TPRB_RX,444,1220828245,445,43
TPRB_RX,445,1223292820,446,44
TPRB_RX,446,1225895882,447,45
TPRB_RX,447,1228486575,448,46
TPRB_RX,448,1230936152,449,47
TPRB_RX,449,1233530582,450,48
TPRB_RX,450,1236124484,451,49
TPRB_RX,451,1238720093,452,50
TPRB_RX,452,1241130327,453,51
TPRB_RX,453,1243725533,454,52
TPRB_RX,454,1246315861,455,53
TPRB_RX,455,1248916220,456,54
TPRB_RX,456,1251324843,457,55
TPRB_RX,457,1253919150,458,56
TPRB_RX,458,1256515039,459,57
TPRB_RX,459,1259113669,460,58
TPRB_RX,460,1261524031,461,59
TPRB_RX,461,1264117579,462,60
TPRB_RX,462,1266712182,463,61
TPRB_RX,463,1269308114,464,62
TPRB_RX,464,1271724047,465,63
TPRB_RX,465,1274320520,466,64
TPRB_RX,466,1276925059,467,65
TPRB_RX,467,1279514360,468,66
TPRB_RX,468,1281938379,469,67
TPRB_RX,469,1284531071,470,68
TPRB_RX,470,1287127606,471,69
TPRB_RX,471,1289581165,472,70
TPRB_RX,472,1292176577,473,71
TPRB_RX,473,1294773914,474,72
TPRB_RX,474,1297372701,475,73
TPRB_RX,475,1299785246,476,74
TPRB_RX,476,1302380541,477,75
TPRB_RX,477,1304971345,478,76
TPRB_RX,478,1307566889,479,77
TPRB_RX,479,1309982621,480,78
TPRB_RX,480,1312579913,481,79
TPRB_RX,481,1315176781,482,80
TPRB_RX,482,1317769691,483,81
TPRB_RX,483,1320180274,484,82
TPRB_RX,484,1322770466,485,83
TPRB_RX,485,1325370236,486,84
TPRB_RX,486,1327970098,487,85
TPRB_RX,487,1330380522,488,86
TPRB_RX,488,1332974292,489,87
TPRB_RX,489,1335566389,490,88
TPRB_RX,490,1338156691,491,89
TPRB_RX,491,1340592929,492,90
TPRB_RX,492,1343190475,493,91
TPRB_RX,493,1345787162,494,92
TPRB_RX,494,1348380734,495,93
TPRB_RX,495,1350791196,496,94
TPRB_RX,496,1353384395,497,95
TPRB_RX,497,1355973955,498,96
TPRB_RX,498,1358574404,499,97
TPRB_RX,499,1360987245,500,98
TPRB_RX,500,1363578034,501,99
TPRB_RX,501,1366172043,502,100
TPRB_RX,502,1368765590,503,101
TPRB_RX,503,1371182634,504,102
TPRB_RX,504,1373779205,505,103
TPRB_RX,505,1376378739,506,104
TPRB_RX,506,1378980228,507,105
TPRB_RX,507,1381391157,508,106
TPRB_RX,508,1383985676,509,107
TPRB_RX,509,1386580443,510,108
TPRB_RX,510,1389173067,511,109
TPRB_RX,511,1391611706,512,110
TPRB_RX,512,1394210444,513,111
TPRB_RX,513,1396946032,514,112
TPRB_RX,514,1399381175,515,113
TPRB_RX,515,1401799296,516,114
TPRB_RX,516,1404395685,517,115
TPRB_RX,517,1406998704,518,116
TPRB_RX,518,1409449609,519,117
TPRB_RX,519,1412042308,520,118
TPRB_RX,520,1414654042,521,119
TPRB_RX,521,1417098664,522,120
TPRB_RX,522,1419692595,523,121
TPRB_RX,523,1422283107,524,122
TPRB_RX,524,1424876627,525,123
TPRB_RX,525,1427295764,526,124
TPRB_RX,526,1429892129,527,125
TPRB_RX,527,1432482237,528,126
TPRB_RX,528,1435074323,529,127
TPRB_RX,529,1437488005,530,128
TPRB_RX,530,1440079974,531,129
TPRB_RX,531,1442672857,532,130
TPRB_RX,532,1445277198,533,131
TPRB_RX,533,1447688022,534,132
TPRB_RX,534,1450281808,535,133
TPRB_RX,535,1452874709,536,134
TPRB_RX,536,1455465956,537,135
TPRB_RX,537,1457896988,538,136
TPRB_RX,538,1460492569,539,137
TPRB_RX,539,1463084890,540,138
TPRB_RX,540,1465675244,541,139
TPRB_RX,541,1468107083,542,140
TPRB_RX,542,1470706202,543,141
TPRB_RX,543,1473298282,544,142
TPRB_RX,544,1475751442,545,143
TPRB_RX,545,1478346501,546,144
TPRB_RX,546,1480940553,547,145
TPRB_RX,547,1483535624,548,146
TPRB_RX,548,1485951434,549,147
TPRB_RX,549,1488547267,550,148
TPRB_RX,550,1491138131,551,149
TPRB_RX,551,1493739598,552,150
TPRB_RX,552,1496151037,553,151
TPRB_RX,553,1498748245,554,152
TPRB_RX,554,1501345006,555,153
TPRB_RX,555,1503791662,556,154
TPRB_RX,556,1506383466,557,155
TPRB_RX,557,1508974532,558,156
TPRB_RX,558,1511568263,559,157
TPRB_RX,559,1513991813,560,158
TPRB_RX,560,1516588300,561,159
TPRB_RX,561,1519184984,562,160
TPRB_RX,562,1521785254,563,161
TPRB_RX,563,1524192656,564,162
TPRB_RX,564,1526786080,565,163
TPRB_RX,565,1529379786,566,164
TPRB_RX,566,1531981068,567,165
TPRB_RX,567,1534404440,568,166
TPRB_RX,568,1536997310,569,167
TPRB_RX,569,1539587137,570,168
TPRB_RX,570,1542177417,571,169
TPRB_RX,571,1544608852,572,170
TPRB_RX,572,1547205495,573,171
TPRB_RX,573,1549804359,574,172
TPRB_RX,574,1552250489,575,173
TPRB_RX,575,1554852676,576,174
TPRB_RX,576,1557448856,577,175
TPRB_RX,577,1560043545,578,176
TPRB_RX,578,1562455367,579,177
TPRB_RX,579,1565050811,580,178
TPRB_RX,580,1567644633,581,179
TPRB_RX,581,1570237445,582,180
TPRB_RX,582,1572646880,583,181
TPRB_RX,583,1575237565,584,182
TPRB_RX,584,1577836765,585,183
TPRB_RX,585,1580432255,586,184
TPRB_RX,586,1582860918,587,185
TPRB_RX,587,1585476760,588,186
TPRB_RX,588,1588079993,589,187
TPRB_RX,589,1590528202,590,188
TPRB_RX,590,1593130545,591,189
TPRB_RX,591,1595739852,592,190
TPRB_RX,592,1598187415,593,191
TPRB_RX,593,1600791294,594,192
TPRB_RX,594,1603250464,595,193
TPRB_RX,595,1605853181,596,194
TPRB_RX,596,1608452183,597,195
TPRB_RX,597,1610914201,598,196
TPRB_RX,598,1613529627,599,197
TPRB_RX,599,1616127504,600,198
TPRB_RX,600,1618580327,601,199
TPRB_RX,601,1621187685,602,200
TPRB_RX,602,1623651788,603,0
TPRB_RX,603,1626252767,604,1
TPRB_RX,604,1628862396,605,2
TPRB_RX,605,1631308940,606,3
TPRB_RX,606,1633908462,607,4
TPRB_RX,607,1636506002,608,5
TPRB_RX,608,1638958813,609,6
TPRB_RX,609,1641560479,610,7
TPRB_RX,610,1644164618,611,8
TPRB_RX,611,1646603412,612,9
TPRB_RX,612,1649204314,613,10
TPRB_RX,613,1651807918,614,11
TPRB_RX,614,1654268078,615,12
TPRB_RX,615,1656885607,616,13
TPRB_RX,616,1659484621,617,14
TPRB_RX,617,1661949949,618,15
TPRB_RX,618,1664555221,619,16
TPRB_RX,619,1667006388,620,17
TPRB_RX,620,1669607452,621,18
TPRB_RX,621,1672206716,622,19
TPRB_RX,622,1674651497,623,20
TPRB_RX,623,1677248568,624,21
TPRB_RX,624,1679853190,625,22
TPRB_RX,625,1682314280,626,23
TPRB_RX,626,1684915971,627,24
TPRB_RX,627,1687524753,628,25
TPRB_RX,628,1689959414,629,26
TPRB_RX,629,1692610064,630,27
TPRB_RX,630,1695069138,631,28
TPRB_RX,631,1697697061,632,29
TPRB_APPLY,0,88891467,1,1
TPRB_APPLY,1,91286664,2,2
TPRB_APPLY,2,93681861,3,3
TPRB_APPLY,3,96419229,4,4
TPRB_APPLY,4,98814426,5,5
TPRB_APPLY,5,101551794,6,6
TPRB_APPLY,6,103946991,7,7
TPRB_APPLY,7,106684359,8,8
TPRB_APPLY,8,109079556,9,9
TPRB_APPLY,9,111474753,10,10
TPRB_APPLY,10,114212121,11,11
TPRB_APPLY,11,116607318,12,12
TPRB_APPLY,12,119344686,13,13
TPRB_APPLY,13,121739883,14,14
TPRB_APPLY,14,124477251,15,15
TPRB_APPLY,15,126872448,16,16
TPRB_APPLY,16,129609816,17,17
TPRB_APPLY,17,132005668,18,18
TPRB_APPLY,18,134400210,19,19
TPRB_APPLY,19,137137578,20,20
TPRB_APPLY,20,139532775,21,21
TPRB_APPLY,21,142270143,22,22
TPRB_APPLY,22,144665340,23,23
TPRB_APPLY,23,147402708,24,24
TPRB_APPLY,24,149797905,25,25
TPRB_APPLY,25,152194242,26,26
TPRB_APPLY,26,154930470,27,27
TPRB_APPLY,27,157325667,28,28
TPRB_APPLY,28,160063035,29,29
TPRB_APPLY,29,162800403,30,30
TPRB_APPLY,30,165196357,31,31
TPRB_APPLY,31,167932968,32,32
TPRB_APPLY,32,170328165,33,33
TPRB_APPLY,33,173066568,34,34
TPRB_APPLY,34,175460730,35,35
TPRB_APPLY,35,177855927,36,36
TPRB_APPLY,36,180593295,37,37
TPRB_APPLY,37,182988492,38,38
TPRB_APPLY,38,185726886,39,39
TPRB_APPLY,39,188121057,40,40
TPRB_APPLY,40,190858425,41,41
TPRB_APPLY,41,193253622,42,42
TPRB_APPLY,42,195990990,43,43
TPRB_APPLY,43,198387070,44,44
TPRB_APPLY,44,200781384,45,45
TPRB_APPLY,45,203518752,46,46
TPRB_APPLY,46,205913949,47,47
TPRB_APPLY,47,208651317,48,48
TPRB_APPLY,48,211046514,49,49
TPRB_APPLY,49,213783882,50,50
TPRB_APPLY,50,216179079,51,51
TPRB_APPLY,51,218574276,52,52
TPRB_APPLY,52,221311644,53,53
TPRB_APPLY,53,223706841,54,54
TPRB_APPLY,54,226444209,55,55
TPRB_APPLY,55,228839406,56,56
TPRB_APPLY,56,231576774,57,57
TPRB_APPLY,57,233971971,58,58
TPRB_APPLY,58,236367168,59,59
TPRB_APPLY,59,239104536,60,60
TPRB_APPLY,60,241499733,61,61
TPRB_APPLY,61,244237101,62,62
TPRB_APPLY,62,246632298,63,63
TPRB_APPLY,63,249369666,64,64
TPRB_APPLY,64,251764863,65,65
TPRB_APPLY,65,254502231,66,66
TPRB_APPLY,66,257239599,67,67
TPRB_APPLY,67,259634796,68,68
TPRB_APPLY,68,262029993,69,69
TPRB_APPLY,69,264768142,70,70
TPRB_APPLY,70,267162558,71,71
TPRB_APPLY,71,269899926,72,72
TPRB_APPLY,72,272295818,73,73
TPRB_APPLY,73,275032491,74,74
TPRB_APPLY,74,277427688,75,75
TPRB_APPLY,75,279822885,76,76
TPRB_APPLY,76,282560253,77,77
TPRB_APPLY,77,284955450,78,78
TPRB_APPLY,78,287692818,79,79
TPRB_APPLY,79,290088015,80,80
TPRB_APPLY,80,292825383,81,81
TPRB_APPLY,81,295220580,82,82
TPRB_APPLY,82,297957948,83,83
TPRB_APPLY,83,300353145,84,84
TPRB_APPLY,84,302748342,85,85
TPRB_APPLY,85,305485710,86,86
TPRB_APPLY,86,307880907,87,87
TPRB_APPLY,87,310618275,88,88
TPRB_APPLY,88,313013472,89,89
TPRB_APPLY,89,315750840,90,90
TPRB_APPLY,90,318146037,91,91
TPRB_APPLY,91,320541234,92,92
TPRB_APPLY,92,323278602,93,93
TPRB_APPLY,93,325673799,94,94
TPRB_APPLY,94,328411167,95,95
TPRB_APPLY,95,330806364,96,96
TPRB_APPLY,96,333543732,97,97
TPRB_APPLY,97,335938932,98,98
TPRB_APPLY,98,338676297,99,99
TPRB_APPLY,99,341071494,100,100
TPRB_APPLY,100,343808862,101,101
TPRB_APPLY,101,346204059,102,102
TPRB_APPLY,102,348941427,103,103
TPRB_APPLY,103,351336624,104,104
TPRB_APPLY,104,354073992,105,105
TPRB_APPLY,105,356469189,106,106
TPRB_APPLY,106,359206559,107,107
TPRB_APPLY,107,361601753,108,108
TPRB_APPLY,108,363996950,109,109
TPRB_APPLY,109,366735087,110,110
TPRB_APPLY,110,369129515,111,111
TPRB_APPLY,111,371866883,112,112
TPRB_APPLY,112,374262080,113,113
TPRB_APPLY,113,376999448,114,114
TPRB_APPLY,114,379394645,115,115
TPRB_APPLY,115,382132013,116,116
TPRB_APPLY,116,384527210,117,117
TPRB_APPLY,117,386922407,118,118
TPRB_APPLY,118,389659775,119,119
TPRB_APPLY,119,392054972,120,120
TPRB_APPLY,120,394792340,121,121
TPRB_APPLY,121,397187537,122,122
TPRB_APPLY,122,399924905,123,123
TPRB_APPLY,123,402320102,124,124
TPRB_APPLY,124,405057470,125,125
TPRB_APPLY,125,407452667,126,126
TPRB_APPLY,126,409848852,127,127
TPRB_APPLY,127,412585232,128,128
TPRB_APPLY,128,414980429,129,129
TPRB_APPLY,129,417717797,130,130
TPRB_APPLY,130,420112994,131,131
TPRB_APPLY,131,422850362,132,132
TPRB_APPLY,132,425245559,133,133
TPRB_APPLY,133,427640756,134,134
TPRB_APPLY,134,430378124,135,135
TPRB_APPLY,135,432773321,136,136
TPRB_APPLY,136,435510689,137,137
TPRB_APPLY,137,437905886,138,138
TPRB_APPLY,138,440643254,139,139
TPRB_APPLY,139,443038451,140,140
TPRB_APPLY,140,445776122,141,141
TPRB_APPLY,141,448171016,142,142
TPRB_APPLY,142,450908384,143,143
TPRB_APPLY,143,453303581,144,144
TPRB_APPLY,144,456040949,145,145
TPRB_APPLY,145,458436146,146,146
TPRB_APPLY,146,460831343,147,147
TPRB_APPLY,147,463569089,148,148
TPRB_APPLY,148,466306079,149,149
TPRB_APPLY,149,468701277,150,150
TPRB_APPLY,150,471096473,151,151
TPRB_APPLY,151,473833841,152,152
TPRB_APPLY,152,476229299,153,153
TPRB_APPLY,153,478966406,154,154
TPRB_APPLY,154,481361603,155,155
TPRB_APPLY,155,484098971,156,156
TPRB_APPLY,156,486494168,157,157
TPRB_APPLY,157,489231536,158,158
TPRB_APPLY,158,491626733,159,159
TPRB_APPLY,159,494364101,160,160
TPRB_APPLY,160,496759298,161,161
TPRB_APPLY,161,499154495,162,162
TPRB_APPLY,162,501891863,163,163
TPRB_APPLY,163,504287060,164,164
TPRB_APPLY,164,506682257,165,165
TPRB_APPLY,165,509419625,166,166
TPRB_APPLY,166,512157054,167,167
TPRB_APPLY,167,514552190,168,168
TPRB_APPLY,168,516947387,169,169
TPRB_APPLY,169,519684755,170,170
TPRB_APPLY,170,522079952,171,171
TPRB_APPLY,171,524817320,172,172
TPRB_APPLY,172,527212517,173,173
TPRB_APPLY,173,529949885,174,174
TPRB_APPLY,174,532345681,175,175
TPRB_APPLY,175,535082450,176,176
TPRB_APPLY,176,537477647,177,177
TPRB_APPLY,177,540215015,178,178
TPRB_APPLY,178,542610212,179,179
TPRB_APPLY,179,545347580,180,180
TPRB_APPLY,180,547742777,181,181
TPRB_APPLY,181,550480145,182,182
TPRB_APPLY,182,552875342,183,183
TPRB_APPLY,183,555612710,184,184
TPRB_APPLY,184,558007907,185,185
TPRB_APPLY,185,560403104,186,186
TPRB_APPLY,186,563140472,187,187
TPRB_APPLY,187,565535669,188,188
TPRB_APPLY,188,568273037,189,189
TPRB_APPLY,189,570668233,190,190
TPRB_APPLY,190,573063430,191,191
TPRB_APPLY,191,575800798,192,192
TPRB_APPLY,192,578195995,193,193
TPRB_APPLY,193,580934340,194,194
TPRB_APPLY,194,583328761,195,195
TPRB_APPLY,195,586065928,196,196
TPRB_APPLY,196,588461125,197,197
TPRB_APPLY,197,590856322,198,198
TPRB_APPLY,198,593593690,199,199
TPRB_APPLY,199,596331058,200,200
TPRB_APPLY,200,598726255,201,0
TPRB_APPLY,201,601121452,202,1
TPRB_APPLY,202,603858820,203,2
TPRB_APPLY,203,606254017,204,3
TPRB_APPLY,204,608991385,205,4
TPRB_APPLY,205,611386582,206,5
TPRB_APPLY,206,614123950,207,6
TPRB_APPLY,207,616519147,208,7
TPRB_APPLY,208,618914344,209,8
TPRB_APPLY,209,621651712,210,9
TPRB_APPLY,210,624389080,211,10
TPRB_APPLY,211,626784277,212,11
TPRB_APPLY,212,629179474,213,12
TPRB_APPLY,213,631916842,214,13
TPRB_APPLY,214,634654210,215,14
TPRB_APPLY,215,637049407,216,15
TPRB_APPLY,216,639444604,217,16
TPRB_APPLY,217,641839801,218,17
TPRB_APPLY,218,644577221,219,18
TPRB_APPLY,219,647314536,220,19
TPRB_APPLY,220,649709733,221,20
TPRB_APPLY,221,652104930,222,21
TPRB_APPLY,222,654842298,223,22
TPRB_APPLY,223,657237495,224,23
TPRB_APPLY,224,659974863,225,24
TPRB_APPLY,225,662370060,226,25
TPRB_APPLY,226,665107428,227,26
TPRB_APPLY,227,667502625,228,27
TPRB_APPLY,228,669897822,229,28
TPRB_APPLY,229,672635190,230,29
TPRB_APPLY,230,675372558,231,30
TPRB_APPLY,231,677767755,232,31
TPRB_APPLY,232,680162952,233,32
TPRB_APPLY,233,682900320,234,33
TPRB_APPLY,234,685295517,235,34
TPRB_APPLY,235,688032885,236,35
TPRB_APPLY,236,690428082,237,36
TPRB_APPLY,237,693165450,238,37
TPRB_APPLY,238,695560647,239,38
TPRB_APPLY,239,698298015,240,39
TPRB_APPLY,240,700693212,241,40
TPRB_APPLY,241,703088409,242,41
TPRB_APPLY,242,705825777,243,42
TPRB_APPLY,243,708563145,244,43
TPRB_APPLY,244,710958342,245,44
TPRB_APPLY,245,713353539,246,45
TPRB_APPLY,246,716090907,247,46
TPRB_APPLY,247,718486104,248,47
TPRB_APPLY,248,720881301,249,48
TPRB_APPLY,249,723618669,250,49
TPRB_APPLY,250,726356037,251,50
TPRB_APPLY,251,728751234,252,51
TPRB_APPLY,252,731146431,253,52
TPRB_APPLY,253,733884580,254,53
TPRB_APPLY,254,736621168,255,54
TPRB_APPLY,255,739016363,256,55
TPRB_APPLY,256,741411560,257,56
TPRB_APPLY,257,744148928,258,57
TPRB_APPLY,258,746544125,259,58
TPRB_APPLY,259,748939322,260,59
TPRB_APPLY,260,751676690,261,60
TPRB_APPLY,261,754414058,262,61
TPRB_APPLY,262,756809255,263,62
TPRB_APPLY,263,759204452,264,63
TPRB_APPLY,264,761941820,265,64
TPRB_APPLY,265,764679188,266,65
TPRB_APPLY,266,767074385,267,66
TPRB_APPLY,267,769469582,268,67
TPRB_APPLY,268,772206950,269,68
TPRB_APPLY,269,774602147,270,69
TPRB_APPLY,270,777339515,271,70
TPRB_APPLY,271,779734712,272,71
TPRB_APPLY,272,782129909,273,72
TPRB_APPLY,273,784867277,274,73
TPRB_APPLY,274,787604645,275,74
TPRB_APPLY,275,789999842,276,75
TPRB_APPLY,276,792395039,277,76
TPRB_APPLY,277,795132407,278,77
TPRB_APPLY,278,797527604,279,78
TPRB_APPLY,279,800264972,280,79
TPRB_APPLY,280,802660169,281,80
TPRB_APPLY,281,805397537,282,81
TPRB_APPLY,282,807792734,283,82
TPRB_APPLY,283,810530102,284,83
TPRB_APPLY,284,812925299,285,84
TPRB_APPLY,285,815662667,286,85
TPRB_APPLY,286,818057864,287,86
TPRB_APPLY,287,820453061,288,87
TPRB_APPLY,288,823190429,289,88
TPRB_APPLY,289,825927797,290,89
TPRB_APPLY,290,828322994,291,90
TPRB_APPLY,291,830719084,292,91
TPRB_APPLY,292,833455559,293,92
TPRB_APPLY,293,835850756,294,93
TPRB_APPLY,294,838588124,295,94
TPRB_APPLY,295,840983321,296,95
TPRB_APPLY,296,843378518,297,96
TPRB_APPLY,297,846115886,298,97
TPRB_APPLY,298,848511083,299,98
TPRB_APPLY,299,851248451,300,99
TPRB_APPLY,300,853643648,301,100
TPRB_APPLY,301,856381016,302,101
TPRB_APPLY,302,858776213,303,102
TPRB_APPLY,303,861513581,304,103
TPRB_APPLY,304,863908779,305,104
TPRB_APPLY,305,866646146,306,105
TPRB_APPLY,306,869041343,307,106
TPRB_APPLY,307,871436540,308,107
TPRB_APPLY,308,874173908,309,108
TPRB_APPLY,309,876569105,310,109
TPRB_APPLY,310,879306473,311,110
TPRB_APPLY,311,881701670,312,111
TPRB_APPLY,312,884439038,313,112
TPRB_APPLY,313,886834235,314,113
TPRB_APPLY,314,889571603,315,114
TPRB_APPLY,315,891966800,316,115
TPRB_APPLY,316,894361997,317,116
TPRB_APPLY,317,897099365,318,117
TPRB_APPLY,318,899836733,319,118
TPRB_APPLY,319,902231930,320,119
TPRB_APPLY,320,904627127,321,120
TPRB_APPLY,321,907364495,322,121
TPRB_APPLY,322,909759692,323,122
TPRB_APPLY,323,912155236,324,123
TPRB_APPLY,324,914892257,325,124
TPRB_APPLY,325,917629625,326,125
TPRB_APPLY,326,920024822,327,126
TPRB_APPLY,327,922420019,328,127
TPRB_APPLY,328,925158184,329,128
TPRB_APPLY,329,927552584,330,129
TPRB_APPLY,330,930290185,331,130
TPRB_APPLY,331,932685149,332,131
TPRB_APPLY,332,935422517,333,132
TPRB_APPLY,333,937818439,334,133
TPRB_APPLY,334,940555082,335,134
TPRB_APPLY,335,942950278,336,135
TPRB_APPLY,336,945688670,337,136
TPRB_APPLY,337,948082843,338,137
TPRB_APPLY,338,950820211,339,138
TPRB_APPLY,339,953215408,340,139
TPRB_APPLY,340,955610605,341,140
TPRB_APPLY,341,958347973,342,141
TPRB_APPLY,342,960744829,343,142
TPRB_APPLY,343,963480538,344,143
TPRB_APPLY,344,965875735,345,144
TPRB_APPLY,345,968613103,346,145
TPRB_APPLY,346,971008300,347,146
TPRB_APPLY,347,973403497,348,147
TPRB_APPLY,348,976140865,349,148
TPRB_APPLY,349,978878233,350,149
TPRB_APPLY,350,981273430,351,150
TPRB_APPLY,351,983668627,352,151
TPRB_APPLY,352,986405995,353,152
TPRB_APPLY,353,988801192,354,153
TPRB_APPLY,354,991538560,355,154
TPRB_APPLY,355,993933757,356,155
TPRB_APPLY,356,996671125,357,156
TPRB_APPLY,357,999066322,358,157
TPRB_APPLY,358,1001803690,359,158
TPRB_APPLY,359,1004198887,360,159
TPRB_APPLY,360,1006594084,361,160
TPRB_APPLY,361,1009331452,362,161
TPRB_APPLY,362,1012068820,363,162
TPRB_APPLY,363,1014464017,364,163
TPRB_APPLY,364,1016859214,365,164
TPRB_APPLY,365,1019596582,366,165
TPRB_APPLY,366,1021991779,367,166
TPRB_APPLY,367,1024386976,368,167
TPRB_APPLY,368,1027124344,369,168
TPRB_APPLY,369,1029861712,370,169
TPRB_APPLY,370,1032256909,371,170
TPRB_APPLY,371,1034652106,372,171
TPRB_APPLY,372,1037389474,373,172
TPRB_APPLY,373,1039784671,374,173
TPRB_APPLY,374,1042522039,375,174
TPRB_APPLY,375,1044917236,376,175
TPRB_APPLY,376,1047654604,377,176
TPRB_APPLY,377,1050049801,378,177
TPRB_APPLY,378,1052444998,379,178
TPRB_APPLY,379,1055182366,380,179
TPRB_APPLY,380,1057919734,381,180
TPRB_APPLY,381,1060314931,382,181
TPRB_APPLY,382,1062710128,383,182
TPRB_APPLY,383,1065448333,384,183
TPRB_APPLY,384,1068184864,385,184
TPRB_APPLY,385,1070580061,386,185
TPRB_APPLY,386,1072975258,387,186
TPRB_APPLY,387,1075712626,388,187
TPRB_APPLY,388,1078107843,389,188
TPRB_APPLY,389,1080503020,390,189
TPRB_APPLY,390,1083241299,391,190
TPRB_APPLY,391,1085977756,392,191
TPRB_APPLY,392,1088372953,393,192
TPRB_APPLY,393,1090768150,394,193
TPRB_APPLY,394,1093505518,395,194
TPRB_APPLY,395,1095900715,396,195
TPRB_APPLY,396,1098638083,397,196
TPRB_APPLY,397,1101033280,398,197
TPRB_APPLY,398,1103770648,399,198
TPRB_APPLY,399,1106165845,400,199
TPRB_APPLY,400,1108903213,401,200
TPRB_APPLY,401,1111298410,402,0
TPRB_APPLY,402,1113693607,403,1
TPRB_APPLY,403,1116430975,404,2
TPRB_APPLY,404,1119168343,405,3
TPRB_APPLY,405,1121563540,406,4
TPRB_APPLY,406,1123958737,407,5
TPRB_APPLY,407,1126696105,408,6
TPRB_APPLY,408,1129091302,409,7
TPRB_APPLY,409,1131486499,410,8
TPRB_APPLY,410,1134223867,411,9
TPRB_APPLY,411,1136961234,412,10
TPRB_APPLY,412,1139356431,413,11
TPRB_APPLY,413,1141751628,414,12
TPRB_APPLY,414,1144488996,415,13
TPRB_APPLY,415,1146884193,416,14
TPRB_APPLY,416,1149621561,417,15
TPRB_APPLY,417,1152016758,418,16
TPRB_APPLY,418,1154754126,419,17
TPRB_APPLY,419,1157149323,420,18
TPRB_APPLY,420,1159887492,421,19
TPRB_APPLY,421,1162281888,422,20
TPRB_APPLY,422,1165019777,423,21
TPRB_APPLY,423,1167414453,424,22
TPRB_APPLY,424,1169809650,425,23
TPRB_APPLY,425,1172547020,426,24
TPRB_APPLY,426,1174942977,427,25
TPRB_APPLY,427,1177679583,428,26
TPRB_APPLY,428,1180074780,429,27
TPRB_APPLY,429,1182812149,430,28
TPRB_APPLY,430,1185207345,431,29
TPRB_APPLY,431,1187944713,432,30
TPRB_APPLY,432,1190339910,433,31
TPRB_APPLY,433,1192735107,434,32
TPRB_APPLY,434,1195472475,435,33
TPRB_APPLY,435,1197867672,436,34
TPRB_APPLY,436,1200605041,437,35
TPRB_APPLY,437,1203000237,438,36
TPRB_APPLY,438,1205737605,439,37
TPRB_APPLY,439,1208132802,440,38
TPRB_APPLY,440,1210870794,441,39
TPRB_APPLY,441,1213265367,442,40
TPRB_APPLY,442,1215660564,443,41
TPRB_APPLY,443,1218397932,444,42
TPRB_APPLY,444,1221135300,445,43
TPRB_APPLY,445,1223530994,446,44
TPRB_APPLY,446,1225925694,447,45
TPRB_APPLY,447,1228663062,448,46
TPRB_APPLY,448,1231058259,449,47
TPRB_APPLY,449,1233795627,450,48
TPRB_APPLY,450,1236191028,451,49
TPRB_APPLY,451,1238928192,452,50
TPRB_APPLY,452,1241323389,453,51
TPRB_APPLY,453,1244060757,454,52
TPRB_APPLY,454,1246455954,455,53
TPRB_APPLY,455,1249193322,456,54
TPRB_APPLY,456,1251588519,457,55
TPRB_APPLY,457,1253983716,458,56
TPRB_APPLY,458,1256721084,459,57
TPRB_APPLY,459,1259116281,460,58
TPRB_APPLY,460,1261853649,461,59
TPRB_APPLY,461,1264248846,462,60
TPRB_APPLY,462,1266986214,463,61
TPRB_APPLY,463,1269381411,464,62
TPRB_APPLY,464,1271776608,465,63
TPRB_APPLY,465,1274513976,466,64
TPRB_APPLY,466,1277251344,467,65
TPRB_APPLY,467,1279646541,468,66
TPRB_APPLY,468,1282041738,469,67
TPRB_APPLY,469,1284779106,470,68
TPRB_APPLY,470,1287174303,471,69
TPRB_APPLY,471,1289911671,472,70
TPRB_APPLY,472,1292306868,473,71
TPRB_APPLY,473,1295044236,474,72
TPRB_APPLY,474,1297439433,475,73
TPRB_APPLY,475,1299834630,476,74
TPRB_APPLY,476,1302571998,477,75
TPRB_APPLY,477,1305309366,478,76
TPRB_APPLY,478,1307704563,479,77
TPRB_APPLY,479,1310099760,480,78
TPRB_APPLY,480,1312837128,481,79
TPRB_APPLY,481,1315232325,482,80
TPRB_APPLY,482,1317969693,483,81
TPRB_APPLY,483,1320364890,484,82
TPRB_APPLY,484,1323102258,485,83
TPRB_APPLY,485,1325497455,486,84
TPRB_APPLY,486,1328234823,487,85
TPRB_APPLY,487,1330630020,488,86
TPRB_APPLY,488,1333025217,489,87
TPRB_APPLY,489,1335762585,490,88
TPRB_APPLY,490,1338158819,491,89
TPRB_APPLY,491,1340895150,492,90
TPRB_APPLY,492,1343290347,493,91
TPRB_APPLY,493,1346027715,494,92
TPRB_APPLY,494,1348422912,495,93
TPRB_APPLY,495,1350818109,496,94
TPRB_APPLY,496,1353555478,497,95
TPRB_APPLY,497,1356292845,498,96
TPRB_APPLY,498,1358688042,499,97
TPRB_APPLY,499,1361083239,500,98
TPRB_APPLY,500,1363820607,501,99
TPRB_APPLY,501,1366215805,502,100
TPRB_APPLY,502,1368953173,503,101
TPRB_APPLY,503,1371348369,504,102
TPRB_APPLY,504,1374085737,505,103
TPRB_APPLY,505,1376480934,506,104
TPRB_APPLY,506,1379218302,507,105
TPRB_APPLY,507,1381613499,508,106
TPRB_APPLY,508,1384008696,509,107
TPRB_APPLY,509,1386746064,510,108
TPRB_APPLY,510,1389483432,511,109
TPRB_APPLY,511,1391878629,512,110
TPRB_APPLY,512,1394273826,513,111
TPRB_APPLY,513,1397011194,514,112
TPRB_APPLY,514,1399406391,515,113
TPRB_APPLY,515,1401801588,516,114
TPRB_APPLY,516,1404538956,517,115
TPRB_APPLY,517,1407276324,518,116
TPRB_APPLY,518,1409671521,519,117
TPRB_APPLY,519,1412066718,520,118
TPRB_APPLY,520,1414804086,521,119
TPRB_APPLY,521,1417199283,522,120
TPRB_APPLY,522,1419936651,523,121
TPRB_APPLY,523,1422331848,524,122
TPRB_APPLY,524,1425069216,525,123
TPRB_APPLY,525,1427464413,526,124
TPRB_APPLY,526,1430201781,527,125
TPRB_APPLY,527,1432596978,528,126
TPRB_APPLY,528,1435334346,529,127
TPRB_APPLY,529,1437729543,530,128
TPRB_APPLY,530,1440124740,531,129
TPRB_APPLY,531,1442862108,532,130
TPRB_APPLY,532,1445599476,533,131
TPRB_APPLY,533,1447994673,534,132
TPRB_APPLY,534,1450389870,535,133
TPRB_APPLY,535,1453127238,536,134
TPRB_APPLY,536,1455522435,537,135
TPRB_APPLY,537,1457917632,538,136
TPRB_APPLY,538,1460655000,539,137
TPRB_APPLY,539,1463392368,540,138
TPRB_APPLY,540,1465787565,541,139
TPRB_APPLY,541,1468182762,542,140
TPRB_APPLY,542,1470920130,543,141
TPRB_APPLY,543,1473315327,544,142
TPRB_APPLY,544,1476052695,545,143
TPRB_APPLY,545,1478447892,546,144
TPRB_APPLY,546,1481185260,547,145
TPRB_APPLY,547,1483580457,548,146
TPRB_APPLY,548,1485975654,549,147
TPRB_APPLY,549,1488713022,550,148
TPRB_APPLY,550,1491450390,551,149
TPRB_APPLY,551,1493845587,552,150
TPRB_APPLY,552,1496240784,553,151
TPRB_APPLY,553,1498978837,554,152
TPRB_APPLY,554,1501373349,555,153
TPRB_APPLY,555,1504110717,556,154
TPRB_APPLY,556,1506505914,557,155
TPRB_APPLY,557,1509243282,558,156
TPRB_APPLY,558,1511638479,559,157
TPRB_APPLY,559,1514033676,560,158
TPRB_APPLY,560,1516771044,561,159
TPRB_APPLY,561,1519508412,562,160
TPRB_APPLY,562,1521903609,563,161
TPRB_APPLY,563,1524298806,564,162
TPRB_APPLY,564,1527036174,565,163
TPRB_APPLY,565,1529431371,566,164
TPRB_APPLY,566,1532168739,567,165
TPRB_APPLY,567,1534563936,568,166
TPRB_APPLY,568,1537301304,569,167
TPRB_APPLY,569,1539697314,570,168
TPRB_APPLY,570,1542433869,571,169
TPRB_APPLY,571,1544829066,572,170
TPRB_APPLY,572,1547224263,573,171
TPRB_APPLY,573,1549961631,574,172
TPRB_APPLY,574,1552356828,575,173
TPRB_APPLY,575,1555094196,576,174
TPRB_APPLY,576,1557489393,577,175
TPRB_APPLY,577,1560226761,578,176
TPRB_APPLY,578,1562621958,579,177
TPRB_APPLY,579,1565359326,580,178
TPRB_APPLY,580,1567754523,581,179
TPRB_APPLY,581,1570491891,582,180
TPRB_APPLY,582,1572887088,583,181
TPRB_APPLY,583,1575282285,584,182
TPRB_APPLY,584,1578019653,585,183
TPRB_APPLY,585,1580757021,586,184
TPRB_APPLY,586,1583152218,587,185
TPRB_APPLY,587,1585547415,588,186
TPRB_APPLY,588,1588284783,589,187
TPRB_APPLY,589,1590679980,590,188
TPRB_APPLY,590,1593417348,591,189
TPRB_APPLY,591,1595812545,592,190
TPRB_APPLY,592,1598207742,593,191
TPRB_APPLY,593,1600945110,594,192
TPRB_APPLY,594,1603341116,595,193
TPRB_APPLY,595,1606077675,596,194
TPRB_APPLY,596,1608472872,597,195
TPRB_APPLY,597,1611210240,598,196
TPRB_APPLY,598,1613605437,599,197
TPRB_APPLY,599,1616342805,600,198
TPRB_APPLY,600,1618738002,601,199
TPRB_APPLY,601,1621475370,602,200
TPRB_APPLY,602,1623871442,603,0
TPRB_APPLY,603,1626265764,604,1
TPRB_APPLY,604,1629003132,605,2
TPRB_APPLY,605,1631398329,606,3
TPRB_APPLY,606,1634135697,607,4
TPRB_APPLY,607,1636530894,608,5
TPRB_APPLY,608,1639268262,609,6
TPRB_APPLY,609,1641663459,610,7
TPRB_APPLY,610,1644400827,611,8
TPRB_APPLY,611,1646796024,612,9
TPRB_APPLY,612,1649533392,613,10
TPRB_APPLY,613,1651928693,614,11
TPRB_APPLY,614,1654323786,615,12
TPRB_APPLY,615,1657061154,616,13
TPRB_APPLY,616,1659799505,617,14
TPRB_APPLY,617,1662193719,618,15
TPRB_APPLY,618,1664588916,619,16
TPRB_APPLY,619,1667326284,620,17
TPRB_APPLY,620,1669721481,621,18
TPRB_APPLY,621,1672458849,622,19
TPRB_APPLY,622,1674854046,623,20
TPRB_APPLY,623,1677250696,624,21
TPRB_APPLY,624,1679986611,625,22
TPRB_APPLY,625,1682381808,626,23
TPRB_APPLY,626,1685119176,627,24
TPRB_APPLY,627,1687856544,628,25
TPRB_APPLY,628,1690251741,629,26
TPRB_APPLY,629,1692646938,630,27
TPRB_APPLY,630,1695384306,631,28
TPRB_APPLY,631,1697779503,632,29
TPRB_END,rx=632,apply=632,filtered=0,rx_overflow=0,apply_overflow=0,apply_race=0
TPRB_STATS,frame=632,valid=632,checksum_error=0,irq=46741,rxirq=45504,byte=45504
TPRB_STATS_ERR,pe=0,fe=0,ne=0,ore=0
