start!! foward ai cmd V2 (multi cast packet), arg : 9
debug mode : 0
UART /dev/serial0 1000000 bps
ID 8 (--robot-id 指定)
AI cmd UDP 12345 / local cam UDP 8890 / feedback UDP 127.0.0.1:50108 / config UDP 12350
passthrough 0 / tx rate 100 Hz (10 ms)
control kp 2.00 decel 3.00 tol 0.010 cmd-timeout 100 ms fb-timeout 100 ms
timing trace /tmp/orion-bridge-actual-mode4-broadcast-paced/trace.csv / 13 seconds / max 100000 records
cam   +0   +0  0 fps(rx) 0 /   0 / ck :  43 / POS[StopEmergency] fbXY  +0.00  +0.00 / STOP check   1 vision 0 time     0 VisionX  +0.00 Y  +0.00 theta   +0.0 elt    0 Ltcy   0 TarTheta  +0.00 AccLmt 0.00 VelLmt 0.00 OmgLmt  0.0 mode 3 vel r +0.00 th  +0.00 dri +0.00 stlt 0.00 
cam   +0   +0  0 fps(rx) 0 /   0 / ck :  57 / POS[StopEmergency] fbXY  +0.00  +0.00 / STOP check  11 vision 0 time     0 VisionX  +0.00 Y  +0.00 theta   +0.0 elt    0 Ltcy   0 TarTheta  +0.00 AccLmt 0.00 VelLmt 0.00 OmgLmt  0.0 mode 3 vel r +0.00 th  +0.00 dri +0.00 stlt 0.00 
cam   +0   +0  0 fps(rx) 0 /   0 / ck : 144 / POS[StopEmergency] fbXY  -0.00  -0.00 / STOP check  97 vision 0 time     0 VisionX  +0.00 Y  +0.00 theta   +0.0 elt    0 Ltcy   0 TarTheta  +0.00 AccLmt 0.00 VelLmt 0.00 OmgLmt  0.0 mode 3 vel r +0.00 th  +0.00 dri +0.00 stlt 0.00 
cam   +0   +0  0 fps(rx) 0 /   0 / ck : 159 / POS[StopEmergency] fbXY  +0.00  -0.00 / STOP check 106 vision 0 time     0 VisionX  +0.00 Y  +0.00 theta   +0.0 elt    0 Ltcy   0 TarTheta  +0.00 AccLmt 0.00 VelLmt 0.00 OmgLmt  0.0 mode 3 vel r +0.00 th  +0.00 dri +0.00 stlt 0.00 
cam   +0   +0  0 fps(rx) 0 /   0 / ck :   4 / POS[StopEmergency] fbXY  +0.00  +0.00 / STOP check 200 vision 0 time     0 VisionX  +0.00 Y  +0.00 theta   +0.0 elt    0 Ltcy   0 TarTheta  +0.00 AccLmt 0.00 VelLmt 0.00 OmgLmt  0.0 mode 3 vel r +0.00 th  +0.00 dri +0.00 stlt 0.00 
cam   +0   +0  0 fps(rx) 0 /   0 / ck : 158 / POS[StopEmergency] fbXY  -0.00  -0.00 / STOP check  92 vision 0 time     0 VisionX  +0.00 Y  +0.00 theta   +0.0 elt    0 Ltcy   0 TarTheta  +0.00 AccLmt 0.00 VelLmt 0.00 OmgLmt  0.0 mode 3 vel r +0.00 th  +0.00 dri +0.00 stlt 0.00 
cam   +0   +0  0 fps(rx) 0 /   0 / ck : 169 / POS[StopEmergency] fbXY  +0.00  -0.00 / STOP check 102 vision 0 time     0 VisionX  +0.00 Y  +0.00 theta   +0.0 elt    0 Ltcy   0 TarTheta  +0.00 AccLmt 0.00 VelLmt 0.00 OmgLmt  0.0 mode 3 vel r +0.00 th  +0.00 dri +0.00 stlt 0.00 
cam   +0   +0  0 fps(rx) 0 /   0 / ck :   4 / POS[StopEmergency] fbXY  +0.00  -0.00 / STOP check 188 vision 0 time     0 VisionX  +0.00 Y  +0.00 theta   +0.0 elt    0 Ltcy   0 TarTheta  +0.00 AccLmt 0.00 VelLmt 0.00 OmgLmt  0.0 mode 3 vel r +0.00 th  +0.00 dri +0.00 stlt 0.00 
cam   +0   +0  0 fps(rx) 0 /   0 / ck :  15 / POS[StopEmergency] fbXY  +0.00  -0.00 / STOP check 197 vision 0 time     0 VisionX  +0.00 Y  +0.00 theta   +0.0 elt    0 Ltcy   0 TarTheta  +0.00 AccLmt 0.00 VelLmt 0.00 OmgLmt  0.0 mode 3 vel r +0.00 th  +0.00 dri +0.00 stlt 0.00 
cam   +0   +0  0 fps(rx) 0 /   0 / ck : 157 / POS[StopEmergency] fbXY  -0.00  -0.00 / STOP check  80 vision 0 time     0 VisionX  +0.00 Y  +0.00 theta   +0.0 elt    0 Ltcy   0 TarTheta  +0.00 AccLmt 0.00 VelLmt 0.00 OmgLmt  0.0 mode 3 vel r +0.00 th  +0.00 dri +0.00 stlt 0.00 
cam   +0   +0  0 fps(rx) 0 /   0 / ck : 170 / POS[StopEmergency] fbXY  +0.00  -0.00 / STOP check  90 vision 0 time     0 VisionX  +0.00 Y  +0.00 theta   +0.0 elt    0 Ltcy   0 TarTheta  +0.00 AccLmt 0.00 VelLmt 0.00 OmgLmt  0.0 mode 3 vel r +0.00 th  +0.00 dri +0.00 stlt 0.00 
cam   +0   +0  0 fps(rx) 0 /   0 / ck : 255 / POS[StopEmergency] fbXY  +0.00  +0.00 / STOP check 174 vision 0 time     0 VisionX  +0.00 Y  +0.00 theta   +0.0 elt    0 Ltcy   0 TarTheta  +0.00 AccLmt 0.00 VelLmt 0.00 OmgLmt  0.0 mode 3 vel r +0.00 th  +0.00 dri +0.00 stlt 0.00 
cam   +0   +0  0 fps(rx) 0 /   0 / ck :  14 / POS[StopEmergency] fbXY  +0.00  -0.00 / STOP check 183 vision 0 time     0 VisionX  +0.00 Y  +0.00 theta   +0.0 elt    0 Ltcy   0 TarTheta  +0.00 AccLmt 0.00 VelLmt 0.00 OmgLmt  0.0 mode 3 vel r +0.00 th  +0.00 dri +0.00 stlt 0.00 
cam   +0   +0  0 fps(rx) 0 /   0 / ck : 155 / POS[StopEmergency] fbXY  -0.00  -0.00 / STOP check  67 vision 0 time     0 VisionX  +0.00 Y  +0.00 theta   +0.0 elt    0 Ltcy   0 TarTheta  +0.00 AccLmt 0.00 VelLmt 0.00 OmgLmt  0.0 mode 3 vel r +0.00 th  +0.00 dri +0.00 stlt 0.00 
cam   +0   +0  0 fps(rx) 0 /   0 / ck : 171 / POS[StopEmergency] fbXY  +0.00  +0.00 / STOP check  77 vision 0 time     0 VisionX  +0.00 Y  +0.00 theta   +0.0 elt    0 Ltcy   0 TarTheta  +0.00 AccLmt 0.00 VelLmt 0.00 OmgLmt  0.0 mode 3 vel r +0.00 th  +0.00 dri +0.00 stlt 0.00 
cam   +0   +0  0 fps(rx) 0 /   0 / ck :  16 / POS[StopEmergency] fbXY  -0.00  -0.00 / STOP check 171 vision 0 time     0 VisionX  +0.00 Y  +0.00 theta   +0.0 elt    0 Ltcy   0 TarTheta  +0.00 AccLmt 0.00 VelLmt 0.00 OmgLmt  0.0 mode 3 vel r +0.00 th  +0.00 dri +0.00 stlt 0.00 
cam   +0   +0  0 fps(rx) 0 /   0 / ck : 172 / POS[StopEmergency] fbXY  +0.00  +0.00 / STOP check  65 vision 0 time     0 VisionX  +0.00 Y  +0.00 theta   +0.0 elt    0 Ltcy   0 TarTheta  +0.00 AccLmt 0.00 VelLmt 0.00 OmgLmt  0.0 mode 3 vel r +0.00 th  +0.00 dri +0.00 stlt 0.00 
cam   +0   +0  0 fps(rx) 0 /   0 / ck : 182 / POS[StopEmergency] fbXY  -0.00  -0.00 / STOP check  74 vision 0 time     0 VisionX  +0.00 Y  +0.00 theta   +0.0 elt    0 Ltcy   0 TarTheta  +0.00 AccLmt 0.00 VelLmt 0.00 OmgLmt  0.0 mode 3 vel r +0.00 th  +0.00 dri +0.00 stlt 0.00 
cam   +0   +0  0 fps(rx) 0 /   0 / ck :  13 / POS[StopEmergency] fbXY  -0.00  -0.00 / STOP check 160 vision 0 time     0 VisionX  +0.00 Y  +0.00 theta   +0.0 elt    0 Ltcy   0 TarTheta  +0.00 AccLmt 0.00 VelLmt 0.00 OmgLmt  0.0 mode 3 vel r +0.00 th  +0.00 dri +0.00 stlt 0.00 
cam   +0   +0  0 fps(rx) 0 /   0 / ck : 169 / POS[StopEmergency] fbXY  -0.00  -0.00 / STOP check  54 vision 0 time     0 VisionX  +0.00 Y  +0.00 theta   +0.0 elt    0 Ltcy   0 TarTheta  +0.00 AccLmt 0.00 VelLmt 0.00 OmgLmt  0.0 mode 3 vel r +0.00 th  +0.00 dri +0.00 stlt 0.00 
cam   +0   +0  0 fps(rx) 0 /   0 / ck : 184 / POS[StopEmergency] fbXY  -0.00  -0.00 / STOP check  63 vision 0 time     0 VisionX  +0.00 Y  +0.00 theta   +0.0 elt    0 Ltcy   0 TarTheta  +0.00 AccLmt 0.00 VelLmt 0.00 OmgLmt  0.0 mode 3 vel r +0.00 th  +0.00 dri +0.00 stlt 0.00 
cam   +0   +0  0 fps(rx) 0 /   0 / ck :  15 / POS[StopEmergency] fbXY  -0.00  -0.00 / STOP check 146 vision 0 time     0 VisionX  +0.00 Y  +0.00 theta   +0.0 elt    0 Ltcy   0 TarTheta  +0.00 AccLmt 0.00 VelLmt 0.00 OmgLmt  0.0 mode 3 vel r +0.00 th  +0.00 dri +0.00 stlt 0.00 
cam   +0   +0  0 fps(rx) 0 /   0 / ck :  27 / POS[StopEmergency] fbXY  +0.00  +0.00 / STOP check 155 vision 0 time     0 VisionX  +0.00 Y  +0.00 theta   +0.0 elt    0 Ltcy   0 TarTheta  +0.00 AccLmt 0.00 VelLmt 0.00 OmgLmt  0.0 mode 3 vel r +0.00 th  +0.00 dri +0.00 stlt 0.00 
cam   +0   +0  0 fps(rx) 0 /   0 / ck : 166 / POS[StopEmergency] fbXY  -0.00  -0.00 / STOP check  37 vision 0 time     0 VisionX  +0.00 Y  +0.00 theta   +0.0 elt    0 Ltcy   0 TarTheta  +0.00 AccLmt 0.00 VelLmt 0.00 OmgLmt  0.0 mode 3 vel r +0.00 th  +0.00 dri +0.00 stlt 0.00 
cam   +0   +0  0 fps(rx) 0 /   0 / ck : 180 / POS[StopEmergency] fbXY  +0.00  -0.00 / STOP check  45 vision 0 time     0 VisionX  +0.00 Y  +0.00 theta   +0.0 elt    0 Ltcy   0 TarTheta  +0.00 AccLmt 0.00 VelLmt 0.00 OmgLmt  0.0 mode 3 vel r +0.00 th  +0.00 dri +0.00 stlt 0.00 
cam   +0   +0  0 fps(rx) 0 /   0 / ck :  24 / POS[StopEmergency] fbXY  +0.00  +0.00 / STOP check 138 vision 0 time     0 VisionX  +0.00 Y  +0.00 theta   +0.0 elt    0 Ltcy   0 TarTheta  +0.00 AccLmt 0.00 VelLmt 0.00 OmgLmt  0.0 mode 3 vel r +0.00 th  +0.00 dri +0.00 stlt 0.00 
cam   +0   +0  0 fps(rx) 0 /   0 / ck : 178 / POS[StopEmergency] fbXY  +0.00  -0.00 / STOP check  29 vision 0 time     0 VisionX  +0.00 Y  +0.00 theta   +0.0 elt    0 Ltcy   0 TarTheta  +0.00 AccLmt 0.00 VelLmt 0.00 OmgLmt  0.0 mode 3 vel r +0.00 th  +0.00 dri +0.00 stlt 0.00 
cam   +0   +0  0 fps(rx) 0 /   0 / ck :  21 / POS[StopEmergency] fbXY  +0.00  +0.00 / STOP check 122 vision 0 time     0 VisionX  +0.00 Y  +0.00 theta   +0.0 elt    0 Ltcy   0 TarTheta  +0.00 AccLmt 0.00 VelLmt 0.00 OmgLmt  0.0 mode 3 vel r +0.00 th  +0.00 dri +0.00 stlt 0.00 
cam   +0   +0  0 fps(rx) 0 /   0 / ck :  31 / POS[StopEmergency] fbXY  +0.00  -0.00 / STOP check 131 vision 0 time     0 VisionX  +0.00 Y  +0.00 theta   +0.0 elt    0 Ltcy   0 TarTheta  +0.00 AccLmt 0.00 VelLmt 0.00 OmgLmt  0.0 mode 3 vel r +0.00 th  +0.00 dri +0.00 stlt 0.00 
cam   +0   +0  0 fps(rx) 0 /   0 / ck : 172 / POS[StopEmergency] fbXY  -0.00  -0.00 / STOP check  12 vision 0 time     0 VisionX  +0.00 Y  +0.00 theta   +0.0 elt    0 Ltcy   0 TarTheta  +0.00 AccLmt 0.00 VelLmt 0.00 OmgLmt  0.0 mode 3 vel r +0.00 th  +0.00 dri +0.00 stlt 0.00 
cam   +0   +0  0 fps(rx) 0 /   0 / ck : 183 / POS[StopEmergency] fbXY  +0.00  +0.00 / STOP check  21 vision 0 time     0 VisionX  +0.00 Y  +0.00 theta   +0.0 elt    0 Ltcy   0 TarTheta  +0.00 AccLmt 0.00 VelLmt 0.00 OmgLmt  0.0 mode 3 vel r +0.00 th  +0.00 dri +0.00 stlt 0.00 
cam   +0   +0  0 fps(rx) 0 /   0 / ck :  13 / POS[StopEmergency] fbXY  +0.00  +0.00 / STOP check 103 vision 0 time     0 VisionX  +0.00 Y  +0.00 theta   +0.0 elt    0 Ltcy   0 TarTheta  +0.00 AccLmt 0.00 VelLmt 0.00 OmgLmt  0.0 mode 3 vel r +0.00 th  +0.00 dri +0.00 stlt 0.00 
cam   +0   +0  0 fps(rx) 0 /   0 / ck :  26 / POS[StopEmergency] fbXY  -0.00  -0.00 / STOP check 113 vision 0 time     0 VisionX  +0.00 Y  +0.00 theta   +0.0 elt    0 Ltcy   0 TarTheta  +0.00 AccLmt 0.00 VelLmt 0.00 OmgLmt  0.0 mode 3 vel r +0.00 th  +0.00 dri +0.00 stlt 0.00 
cam   +0   +0  0 fps(rx) 0 /   0 / ck : 110 / POS[StopEmergency] fbXY  -0.00  -0.00 / STOP check 196 vision 0 time     0 VisionX  +0.00 Y  +0.00 theta   +0.0 elt    0 Ltcy   0 TarTheta  +0.00 AccLmt 0.00 VelLmt 0.00 OmgLmt  0.0 mode 3 vel r +0.00 th  +0.00 dri +0.00 stlt 0.00 
cam   +0   +0  0 fps(rx) 0 /   0 / ck : 179 / POS[StopEmergency] fbXY  +0.00  -0.00 / STOP check   4 vision 0 time     0 VisionX  +0.00 Y  +0.00 theta   +0.0 elt    0 Ltcy   0 TarTheta  +0.00 AccLmt 0.00 VelLmt 0.00 OmgLmt  0.0 mode 3 vel r +0.00 th  +0.00 dri +0.00 stlt 0.00 
cam   +0   +0  0 fps(rx) 0 /   0 / ck :   9 / POS[StopEmergency] fbXY  -0.00  -0.00 / STOP check  88 vision 0 time     0 VisionX  +0.00 Y  +0.00 theta   +0.0 elt    0 Ltcy   0 TarTheta  +0.00 AccLmt 0.00 VelLmt 0.00 OmgLmt  0.0 mode 3 vel r +0.00 th  +0.00 dri +0.00 stlt 0.00 
cam   +0   +0  0 fps(rx) 0 /   0 / ck :  24 / POS[StopEmergency] fbXY  +0.00  -0.00 / STOP check  97 vision 0 time     0 VisionX  +0.00 Y  +0.00 theta   +0.0 elt    0 Ltcy   0 TarTheta  +0.00 AccLmt 0.00 VelLmt 0.00 OmgLmt  0.0 mode 3 vel r +0.00 th  +0.00 dri +0.00 stlt 0.00 
cam   +0   +0  0 fps(rx) 0 /   0 / ck : 124 / POS[StopEmergency] fbXY  +0.00  +0.00 / STOP check 190 vision 0 time     0 VisionX  +0.00 Y  +0.00 theta   +0.0 elt    0 Ltcy   0 TarTheta  +0.00 AccLmt 0.00 VelLmt 0.00 OmgLmt  0.0 mode 3 vel r +0.00 th  +0.00 dri +0.00 stlt 0.00 
cam   +0   +0  0 fps(rx) 0 /   0 / ck :  22 / POS[StopEmergency] fbXY  -0.00  -0.00 / STOP check  81 vision 0 time     0 VisionX  +0.00 Y  +0.00 theta   +0.0 elt    0 Ltcy   0 TarTheta  +0.00 AccLmt 0.00 VelLmt 0.00 OmgLmt  0.0 mode 3 vel r +0.00 th  +0.00 dri +0.00 stlt 0.00 
cam   +0   +0  0 fps(rx) 0 /   0 / ck : 119 / POS[StopEmergency] fbXY  +0.00  +0.00 / STOP check 173 vision 0 time     0 VisionX  +0.00 Y  +0.00 theta   +0.0 elt    0 Ltcy   0 TarTheta  +0.00 AccLmt 0.00 VelLmt 0.00 OmgLmt  0.0 mode 3 vel r +0.00 th  +0.00 dri +0.00 stlt 0.00 
cam   +0   +0  0 fps(rx) 0 /   0 / ck : 129 / POS[StopEmergency] fbXY  +0.00  +0.00 / STOP check 182 vision 0 time     0 VisionX  +0.00 Y  +0.00 theta   +0.0 elt    0 Ltcy   0 TarTheta  +0.00 AccLmt 0.00 VelLmt 0.00 OmgLmt  0.0 mode 3 vel r +0.00 th  +0.00 dri +0.00 stlt 0.00 
cam   +0   +0  0 fps(rx) 0 /   0 / ck :  13 / POS[StopEmergency] fbXY  +0.00  -0.00 / STOP check  64 vision 0 time     0 VisionX  +0.00 Y  +0.00 theta   +0.0 elt    0 Ltcy   0 TarTheta  +0.00 AccLmt 0.00 VelLmt 0.00 OmgLmt  0.0 mode 3 vel r +0.00 th  +0.00 dri +0.00 stlt 0.00 
cam   +0   +0  0 fps(rx) 0 /   0 / ck :  27 / POS[StopEmergency] fbXY  +0.00  +0.00 / STOP check  73 vision 0 time     0 VisionX  +0.00 Y  +0.00 theta   +0.0 elt    0 Ltcy   0 TarTheta  +0.00 AccLmt 0.00 VelLmt 0.00 OmgLmt  0.0 mode 3 vel r +0.00 th  +0.00 dri +0.00 stlt 0.00 
cam   +0   +0  0 fps(rx) 0 /   0 / ck : 126 / POS[StopEmergency] fbXY  +0.00  +0.00 / STOP check 165 vision 0 time     0 VisionX  +0.00 Y  +0.00 theta   +0.0 elt    0 Ltcy   0 TarTheta  +0.00 AccLmt 0.00 VelLmt 0.00 OmgLmt  0.0 mode 3 vel r +0.00 th  +0.00 dri +0.00 stlt 0.00 
cam   +0   +0  0 fps(rx) 0 /   0 / ck :  11 / POS[StopEmergency] fbXY  -0.00  -0.00 / STOP check  49 vision 0 time     0 VisionX  +0.00 Y  +0.00 theta   +0.0 elt    0 Ltcy   0 TarTheta  +0.00 AccLmt 0.00 VelLmt 0.00 OmgLmt  0.0 mode 3 vel r +0.00 th  +0.00 dri +0.00 stlt 0.00 
cam   +0   +0  0 fps(rx) 0 /   0 / ck :  26 / POS[StopEmergency] fbXY  -0.00  -0.00 / STOP check  58 vision 0 time     0 VisionX  +0.00 Y  +0.00 theta   +0.0 elt    0 Ltcy   0 TarTheta  +0.00 AccLmt 0.00 VelLmt 0.00 OmgLmt  0.0 mode 3 vel r +0.00 th  +0.00 dri +0.00 stlt 0.00 
cam   +0   +0  0 fps(rx) 0 /   0 / ck : 123 / POS[StopEmergency] fbXY  +0.00  +0.00 / STOP check 150 vision 0 time     0 VisionX  +0.00 Y  +0.00 theta   +0.0 elt    0 Ltcy   0 TarTheta  +0.00 AccLmt 0.00 VelLmt 0.00 OmgLmt  0.0 mode 3 vel r +0.00 th  +0.00 dri +0.00 stlt 0.00 
cam   +0   +0  0 fps(rx) 0 /   0 / ck : 135 / POS[StopEmergency] fbXY  +0.00  -0.00 / STOP check 160 vision 0 time     0 VisionX  +0.00 Y  +0.00 theta   +0.0 elt    0 Ltcy   0 TarTheta  +0.00 AccLmt 0.00 VelLmt 0.00 OmgLmt  0.0 mode 3 vel r +0.00 th  +0.00 dri +0.00 stlt 0.00 
cam   +0   +0  0 fps(rx) 0 /   0 / ck :  17 / POS[StopEmergency] fbXY  +0.00  -0.00 / STOP check  41 vision 0 time     0 VisionX  +0.00 Y  +0.00 theta   +0.0 elt    0 Ltcy   0 TarTheta  +0.00 AccLmt 0.00 VelLmt 0.00 OmgLmt  0.0 mode 3 vel r +0.00 th  +0.00 dri +0.00 stlt 0.00 
cam   +0   +0  0 fps(rx) 0 /   0 / ck :  32 / POS[StopEmergency] fbXY  +0.00  -0.00 / STOP check  50 vision 0 time     0 VisionX  +0.00 Y  +0.00 theta   +0.0 elt    0 Ltcy   0 TarTheta  +0.00 AccLmt 0.00 VelLmt 0.00 OmgLmt  0.0 mode 3 vel r +0.00 th  +0.00 dri +0.00 stlt 0.00 
cam   +0   +0  0 fps(rx) 0 /   0 / ck : 121 / POS[StopEmergency] fbXY  -0.00  -0.00 / STOP check 134 vision 0 time     0 VisionX  +0.00 Y  +0.00 theta   +0.0 elt    0 Ltcy   0 TarTheta  +0.00 AccLmt 0.00 VelLmt 0.00 OmgLmt  0.0 mode 3 vel r +0.00 th  +0.00 dri +0.00 stlt 0.00 
cam   +0   +0  0 fps(rx) 0 /   0 / ck :  27 / POS[StopEmergency] fbXY  +0.00  +0.00 / STOP check  34 vision 0 time     0 VisionX  +0.00 Y  +0.00 theta   +0.0 elt    0 Ltcy   0 TarTheta  +0.00 AccLmt 0.00 VelLmt 0.00 OmgLmt  0.0 mode 3 vel r +0.00 th  +0.00 dri +0.00 stlt 0.00 
cam   +0   +0  0 fps(rx) 0 /   0 / ck :  39 / POS[StopEmergency] fbXY  +0.00  +0.00 / STOP check  43 vision 0 time     0 VisionX  +0.00 Y  +0.00 theta   +0.0 elt    0 Ltcy   0 TarTheta  +0.00 AccLmt 0.00 VelLmt 0.00 OmgLmt  0.0 mode 3 vel r +0.00 th  +0.00 dri +0.00 stlt 0.00 
cam   +0   +0  0 fps(rx) 0 /   0 / ck : 128 / POS[StopEmergency] fbXY  +0.00  +0.00 / STOP check 127 vision 0 time     0 VisionX  +0.00 Y  +0.00 theta   +0.0 elt    0 Ltcy   0 TarTheta  +0.00 AccLmt 0.00 VelLmt 0.00 OmgLmt  0.0 mode 3 vel r +0.00 th  +0.00 dri +0.00 stlt 0.00 
cam   +0   +0  0 fps(rx) 0 /   0 / ck :  27 / POS[StopEmergency] fbXY  -0.00  -0.00 / STOP check  18 vision 0 time     0 VisionX  +0.00 Y  +0.00 theta   +0.0 elt    0 Ltcy   0 TarTheta  +0.00 AccLmt 0.00 VelLmt 0.00 OmgLmt  0.0 mode 3 vel r +0.00 th  +0.00 dri +0.00 stlt 0.00 
cam   +0   +0  0 fps(rx) 0 /   0 / ck : 127 / POS[StopEmergency] fbXY  -0.00  -0.00 / STOP check 111 vision 0 time     0 VisionX  +0.00 Y  +0.00 theta   +0.0 elt    0 Ltcy   0 TarTheta  +0.00 AccLmt 0.00 VelLmt 0.00 OmgLmt  0.0 mode 3 vel r +0.00 th  +0.00 dri +0.00 stlt 0.00 
cam   +0   +0  0 fps(rx) 0 /   0 / ck :  21 / POS[StopEmergency] fbXY  +0.00  -0.00 / STOP check   2 vision 0 time     0 VisionX  +0.00 Y  +0.00 theta   +0.0 elt    0 Ltcy   0 TarTheta  +0.00 AccLmt 0.00 VelLmt 0.00 OmgLmt  0.0 mode 3 vel r +0.00 th  +0.00 dri +0.00 stlt 0.00 
cam   +0   +0  0 fps(rx) 0 /   0 / ck :  34 / POS[StopEmergency] fbXY  +0.00  +0.00 / STOP check  11 vision 0 time     0 VisionX  +0.00 Y  +0.00 theta   +0.0 elt    0 Ltcy   0 TarTheta  +0.00 AccLmt 0.00 VelLmt 0.00 OmgLmt  0.0 mode 3 vel r +0.00 th  +0.00 dri +0.00 stlt 0.00 
cam   +0   +0  0 fps(rx) 0 /   0 / ck : 120 / POS[StopEmergency] fbXY  +0.00  +0.00 / STOP check  94 vision 0 time     0 VisionX  +0.00 Y  +0.00 theta   +0.0 elt    0 Ltcy   0 TarTheta  +0.00 AccLmt 0.00 VelLmt 0.00 OmgLmt  0.0 mode 3 vel r +0.00 th  +0.00 dri +0.00 stlt 0.00 
cam   +0   +0  0 fps(rx) 0 /   0 / ck : 133 / POS[StopEmergency] fbXY  -0.00  -0.00 / STOP check 104 vision 0 time     0 VisionX  +0.00 Y  +0.00 theta   +0.0 elt    0 Ltcy   0 TarTheta  +0.00 AccLmt 0.00 VelLmt 0.00 OmgLmt  0.0 mode 3 vel r +0.00 th  +0.00 dri +0.00 stlt 0.00 
cam   +0   +0  0 fps(rx) 0 /   0 / ck : 220 / POS[StopEmergency] fbXY  +0.00  +0.00 / STOP check 188 vision 0 time     0 VisionX  +0.00 Y  +0.00 theta   +0.0 elt    0 Ltcy   0 TarTheta  +0.00 AccLmt 0.00 VelLmt 0.00 OmgLmt  0.0 mode 3 vel r +0.00 th  +0.00 dri +0.00 stlt 0.00 
cam   +0   +0  0 fps(rx) 0 /   0 / ck : 233 / POS[StopEmergency] fbXY  +0.00  +0.00 / STOP check 197 vision 0 time     0 VisionX  +0.00 Y  +0.00 theta   +0.0 elt    0 Ltcy   0 TarTheta  +0.00 AccLmt 0.00 VelLmt 0.00 OmgLmt  0.0 mode 3 vel r +0.00 th  +0.00 dri +0.00 stlt 0.00 
cam   +0   +0  0 fps(rx) 0 /   0 / ck : 116 / POS[StopEmergency] fbXY  +0.00  +0.00 / STOP check  79 vision 0 time     0 VisionX  +0.00 Y  +0.00 theta   +0.0 elt    0 Ltcy   0 TarTheta  +0.00 AccLmt 0.00 VelLmt 0.00 OmgLmt  0.0 mode 3 vel r +0.00 th  +0.00 dri +0.00 stlt 0.00 
cam   +0   +0  0 fps(rx) 0 /   0 / ck : 130 / POS[StopEmergency] fbXY  +0.00  -0.00 / STOP check  88 vision 0 time     0 VisionX  +0.00 Y  +0.00 theta   +0.0 elt    0 Ltcy   0 TarTheta  +0.00 AccLmt 0.00 VelLmt 0.00 OmgLmt  0.0 mode 3 vel r +0.00 th  +0.00 dri +0.00 stlt 0.00 
cam   +0   +0  0 fps(rx) 0 /   0 / ck : 141 / POS[StopEmergency] fbXY  +0.00  +0.00 / STOP check  97 vision 0 time     0 VisionX  +0.00 Y  +0.00 theta   +0.0 elt    0 Ltcy   0 TarTheta  +0.00 AccLmt 0.00 VelLmt 0.00 OmgLmt  0.0 mode 3 vel r +0.00 th  +0.00 dri +0.00 stlt 0.00 
cam   +0   +0  0 fps(rx) 0 /   0 / ck : 219 / POS[StopEmergency] fbXY  +0.00  +0.00 / STOP check 173 vision 0 time     0 VisionX  +0.00 Y  +0.00 theta   +0.0 elt    0 Ltcy   0 TarTheta  +0.00 AccLmt 0.00 VelLmt 0.00 OmgLmt  0.0 mode 3 vel r +0.00 th  +0.00 dri +0.00 stlt 0.00 
cam   +0   +0  0 fps(rx) 0 /   0 / ck : 233 / POS[StopEmergency] fbXY  +0.00  -0.00 / STOP check 182 vision 0 time     0 VisionX  +0.00 Y  +0.00 theta   +0.0 elt    0 Ltcy   0 TarTheta  +0.00 AccLmt 0.00 VelLmt 0.00 OmgLmt  0.0 mode 3 vel r +0.00 th  +0.00 dri +0.00 stlt 0.00 
cam   +0   +0  0 fps(rx) 0 /   0 / ck : 131 / POS[StopEmergency] fbXY  -0.00  -0.00 / STOP check  73 vision 0 time     0 VisionX  +0.00 Y  +0.00 theta   +0.0 elt    0 Ltcy   0 TarTheta  +0.00 AccLmt 0.00 VelLmt 0.00 OmgLmt  0.0 mode 3 vel r +0.00 th  +0.00 dri +0.00 stlt 0.00 
cam   +0   +0  0 fps(rx) 0 /   0 / ck : 226 / POS[StopEmergency] fbXY  -0.00  -0.00 / STOP check 164 vision 0 time     0 VisionX  +0.00 Y  +0.00 theta   +0.0 elt    0 Ltcy   0 TarTheta  +0.00 AccLmt 0.00 VelLmt 0.00 OmgLmt  0.0 mode 3 vel r +0.00 th  +0.00 dri +0.00 stlt 0.00 
cam   +0   +0  0 fps(rx) 0 /   0 / ck : 237 / POS[StopEmergency] fbXY  -0.00  -0.00 / STOP check 173 vision 0 time     0 VisionX  +0.00 Y  +0.00 theta   +0.0 elt    0 Ltcy   0 TarTheta  +0.00 AccLmt 0.00 VelLmt 0.00 OmgLmt  0.0 mode 3 vel r +0.00 th  +0.00 dri +0.00 stlt 0.00 
cam   +0   +0  0 fps(rx) 0 /   0 / ck : 120 / POS[StopEmergency] fbXY  -0.00  -0.00 / STOP check  52 vision 0 time     0 VisionX  +0.00 Y  +0.00 theta   +0.0 elt    0 Ltcy   0 TarTheta  +0.00 AccLmt 0.00 VelLmt 0.00 OmgLmt  0.0 mode 3 vel r +0.00 th  +0.00 dri +0.00 stlt 0.00 
cam   +0   +0  0 fps(rx) 0 /   0 / ck : 132 / POS[StopEmergency] fbXY  +0.00  -0.00 / STOP check  61 vision 0 time     0 VisionX  +0.00 Y  +0.00 theta   +0.0 elt    0 Ltcy   0 TarTheta  +0.00 AccLmt 0.00 VelLmt 0.00 OmgLmt  0.0 mode 3 vel r +0.00 th  +0.00 dri +0.00 stlt 0.00 
cam   +0   +0  0 fps(rx) 0 /   0 / ck : 216 / POS[StopEmergency] fbXY  +0.00  +0.00 / STOP check 143 vision 0 time     0 VisionX  +0.00 Y  +0.00 theta   +0.0 elt    0 Ltcy   0 TarTheta  +0.00 AccLmt 0.00 VelLmt 0.00 OmgLmt  0.0 mode 3 vel r +0.00 th  +0.00 dri +0.00 stlt 0.00 
cam   +0   +0  0 fps(rx) 0 /   0 / ck : 230 / POS[StopEmergency] fbXY  +0.00  -0.00 / STOP check 152 vision 0 time     0 VisionX  +0.00 Y  +0.00 theta   +0.0 elt    0 Ltcy   0 TarTheta  +0.00 AccLmt 0.00 VelLmt 0.00 OmgLmt  0.0 mode 3 vel r +0.00 th  +0.00 dri +0.00 stlt 0.00 
cam   +0   +0  0 fps(rx) 0 /   0 / ck : 112 / POS[StopEmergency] fbXY  -0.00  -0.00 / STOP check  33 vision 0 time     0 VisionX  +0.00 Y  +0.00 theta   +0.0 elt    0 Ltcy   0 TarTheta  +0.00 AccLmt 0.00 VelLmt 0.00 OmgLmt  0.0 mode 3 vel r +0.00 th  +0.00 dri +0.00 stlt 0.00 
cam   +0   +0  0 fps(rx) 0 /   0 / ck : 127 / POS[StopEmergency] fbXY  +0.00  +0.00 / STOP check  42 vision 0 time     0 VisionX  +0.00 Y  +0.00 theta   +0.0 elt    0 Ltcy   0 TarTheta  +0.00 AccLmt 0.00 VelLmt 0.00 OmgLmt  0.0 mode 3 vel r +0.00 th  +0.00 dri +0.00 stlt 0.00 
cam   +0   +0  0 fps(rx) 0 /   0 / ck : 211 / POS[StopEmergency] fbXY  -0.00  -0.00 / STOP check 125 vision 0 time     0 VisionX  +0.00 Y  +0.00 theta   +0.0 elt    0 Ltcy   0 TarTheta  +0.00 AccLmt 0.00 VelLmt 0.00 OmgLmt  0.0 mode 3 vel r +0.00 th  +0.00 dri +0.00 stlt 0.00 
cam   +0   +0  0 fps(rx) 0 /   0 / ck : 226 / POS[StopEmergency] fbXY  +0.00  -0.00 / STOP check 134 vision 0 time     0 VisionX  +0.00 Y  +0.00 theta   +0.0 elt    0 Ltcy   0 TarTheta  +0.00 AccLmt 0.00 VelLmt 0.00 OmgLmt  0.0 mode 3 vel r +0.00 th  +0.00 dri +0.00 stlt 0.00 
cam   +0   +0  0 fps(rx) 0 /   0 / ck : 123 / POS[StopEmergency] fbXY  -0.00  -0.00 / STOP check  24 vision 0 time     0 VisionX  +0.00 Y  +0.00 theta   +0.0 elt    0 Ltcy   0 TarTheta  +0.00 AccLmt 0.00 VelLmt 0.00 OmgLmt  0.0 mode 3 vel r +0.00 th  +0.00 dri +0.00 stlt 0.00 
cam   +0   +0  0 fps(rx) 0 /   0 / ck : 219 / POS[StopEmergency] fbXY  -0.00  -0.00 / STOP check 114 vision 0 time     0 VisionX  +0.00 Y  +0.00 theta   +0.0 elt    0 Ltcy   0 TarTheta  +0.00 AccLmt 0.00 VelLmt 0.00 OmgLmt  0.0 mode 3 vel r +0.00 th  +0.00 dri +0.00 stlt 0.00 
cam   +0   +0  0 fps(rx) 0 /   0 / ck : 116 / POS[StopEmergency] fbXY  +0.00  -0.00 / STOP check   5 vision 0 time     0 VisionX  +0.00 Y  +0.00 theta   +0.0 elt    0 Ltcy   0 TarTheta  +0.00 AccLmt 0.00 VelLmt 0.00 OmgLmt  0.0 mode 3 vel r +0.00 th  +0.00 dri +0.00 stlt 0.00 
cam   +0   +0  0 fps(rx) 0 /   0 / ck : 126 / POS[StopEmergency] fbXY  +0.00  -0.00 / STOP check  14 vision 0 time     0 VisionX  +0.00 Y  +0.00 theta   +0.0 elt    0 Ltcy   0 TarTheta  +0.00 AccLmt 0.00 VelLmt 0.00 OmgLmt  0.0 mode 3 vel r +0.00 th  +0.00 dri +0.00 stlt 0.00 
cam   +0   +0  0 fps(rx) 0 /   0 / ck : 213 / POS[StopEmergency] fbXY  -0.00  -0.00 / STOP check  97 vision 0 time     0 VisionX  +0.00 Y  +0.00 theta   +0.0 elt    0 Ltcy   0 TarTheta  +0.00 AccLmt 0.00 VelLmt 0.00 OmgLmt  0.0 mode 3 vel r +0.00 th  +0.00 dri +0.00 stlt 0.00 
cam   +0   +0  0 fps(rx) 0 /   0 / ck : 225 / POS[StopEmergency] fbXY  +0.00  +0.00 / STOP check 106 vision 0 time     0 VisionX  +0.00 Y  +0.00 theta   +0.0 elt    0 Ltcy   0 TarTheta  +0.00 AccLmt 0.00 VelLmt 0.00 OmgLmt  0.0 mode 3 vel r +0.00 th  +0.00 dri +0.00 stlt 0.00 
cam   +0   +0  0 fps(rx) 0 /   0 / ck :  55 / POS[StopEmergency] fbXY  -0.00  -0.00 / STOP check 189 vision 0 time     0 VisionX  +0.00 Y  +0.00 theta   +0.0 elt    0 Ltcy   0 TarTheta  +0.00 AccLmt 0.00 VelLmt 0.00 OmgLmt  0.0 mode 3 vel r +0.00 th  +0.00 dri +0.00 stlt 0.00 
cam   +0   +0  0 fps(rx) 0 /   0 / ck :  68 / POS[StopEmergency] fbXY  -0.00  -0.00 / STOP check 198 vision 0 time     0 VisionX  +0.00 Y  +0.00 theta   +0.0 elt    0 Ltcy   0 TarTheta  +0.00 AccLmt 0.00 VelLmt 0.00 OmgLmt  0.0 mode 3 vel r +0.00 th  +0.00 dri +0.00 stlt 0.00 
cam   +0   +0  0 fps(rx) 0 /   0 / ck : 208 / POS[StopEmergency] fbXY  +0.00  -0.00 / STOP check  81 vision 0 time     0 VisionX  +0.00 Y  +0.00 theta   +0.0 elt    0 Ltcy   0 TarTheta  +0.00 AccLmt 0.00 VelLmt 0.00 OmgLmt  0.0 mode 3 vel r +0.00 th  +0.00 dri +0.00 stlt 0.00 
cam   +0   +0  0 fps(rx) 0 /   0 / ck : 223 / POS[StopEmergency] fbXY  +0.00  +0.00 / STOP check  90 vision 0 time     0 VisionX  +0.00 Y  +0.00 theta   +0.0 elt    0 Ltcy   0 TarTheta  +0.00 AccLmt 0.00 VelLmt 0.00 OmgLmt  0.0 mode 3 vel r +0.00 th  +0.00 dri +0.00 stlt 0.00 
cam   +0   +0  0 fps(rx) 0 /   0 / ck :  62 / POS[StopEmergency] fbXY  -0.00  -0.00 / STOP check 182 vision 0 time     0 VisionX  +0.00 Y  +0.00 theta   +0.0 elt    0 Ltcy   0 TarTheta  +0.00 AccLmt 0.00 VelLmt 0.00 OmgLmt  0.0 mode 3 vel r +0.00 th  +0.00 dri +0.00 stlt 0.00 
cam   +0   +0  0 fps(rx) 0 /   0 / ck : 216 / POS[StopEmergency] fbXY  +0.00  -0.00 / STOP check  73 vision 0 time     0 VisionX  +0.00 Y  +0.00 theta   +0.0 elt    0 Ltcy   0 TarTheta  +0.00 AccLmt 0.00 VelLmt 0.00 OmgLmt  0.0 mode 3 vel r +0.00 th  +0.00 dri +0.00 stlt 0.00 
cam   +0   +0  0 fps(rx) 0 /   0 / ck : 229 / POS[StopEmergency] fbXY  +0.00  -0.00 / STOP check  83 vision 0 time     0 VisionX  +0.00 Y  +0.00 theta   +0.0 elt    0 Ltcy   0 TarTheta  +0.00 AccLmt 0.00 VelLmt 0.00 OmgLmt  0.0 mode 3 vel r +0.00 th  +0.00 dri +0.00 stlt 0.00 
cam   +0   +0  0 fps(rx) 0 /   0 / ck :  62 / POS[StopEmergency] fbXY  +0.00  -0.00 / STOP check 167 vision 0 time     0 VisionX  +0.00 Y  +0.00 theta   +0.0 elt    0 Ltcy   0 TarTheta  +0.00 AccLmt 0.00 VelLmt 0.00 OmgLmt  0.0 mode 3 vel r +0.00 th  +0.00 dri +0.00 stlt 0.00 
cam   +0   +0  0 fps(rx) 0 /   0 / ck :  73 / POS[StopEmergency] fbXY  +0.00  +0.00 / STOP check 176 vision 0 time     0 VisionX  +0.00 Y  +0.00 theta   +0.0 elt    0 Ltcy   0 TarTheta  +0.00 AccLmt 0.00 VelLmt 0.00 OmgLmt  0.0 mode 3 vel r +0.00 th  +0.00 dri +0.00 stlt 0.00 
cam   +0   +0  0 fps(rx) 0 /   0 / ck : 215 / POS[StopEmergency] fbXY  -0.00  -0.00 / STOP check  58 vision 0 time     0 VisionX  +0.00 Y  +0.00 theta   +0.0 elt    0 Ltcy   0 TarTheta  +0.00 AccLmt 0.00 VelLmt 0.00 OmgLmt  0.0 mode 3 vel r +0.00 th  +0.00 dri +0.00 stlt 0.00 
cam   +0   +0  0 fps(rx) 0 /   0 / ck : 227 / POS[StopEmergency] fbXY  +0.00  -0.00 / STOP check  67 vision 0 time     0 VisionX  +0.00 Y  +0.00 theta   +0.0 elt    0 Ltcy   0 TarTheta  +0.00 AccLmt 0.00 VelLmt 0.00 OmgLmt  0.0 mode 3 vel r +0.00 th  +0.00 dri +0.00 stlt 0.00 
cam   +0   +0  0 fps(rx) 0 /   0 / ck :  58 / POS[StopEmergency] fbXY  +0.00  -0.00 / STOP check 151 vision 0 time     0 VisionX  +0.00 Y  +0.00 theta   +0.0 elt    0 Ltcy   0 TarTheta  +0.00 AccLmt 0.00 VelLmt 0.00 OmgLmt  0.0 mode 3 vel r +0.00 th  +0.00 dri +0.00 stlt 0.00 
cam   +0   +0  0 fps(rx) 0 /   0 / ck :  71 / POS[StopEmergency] fbXY  +0.00  +0.00 / STOP check 160 vision 0 time     0 VisionX  +0.00 Y  +0.00 theta   +0.0 elt    0 Ltcy   0 TarTheta  +0.00 AccLmt 0.00 VelLmt 0.00 OmgLmt  0.0 mode 3 vel r +0.00 th  +0.00 dri +0.00 stlt 0.00 
cam   +0   +0  0 fps(rx) 0 /   0 / ck : 209 / POS[StopEmergency] fbXY  -0.00  -0.00 / STOP check  41 vision 0 time     0 VisionX  +0.00 Y  +0.00 theta   +0.0 elt    0 Ltcy   0 TarTheta  +0.00 AccLmt 0.00 VelLmt 0.00 OmgLmt  0.0 mode 3 vel r +0.00 th  +0.00 dri +0.00 stlt 0.00 
cam   +0   +0  0 fps(rx) 0 /   0 / ck : 224 / POS[StopEmergency] fbXY  -0.00  -0.00 / STOP check  50 vision 0 time     0 VisionX  +0.00 Y  +0.00 theta   +0.0 elt    0 Ltcy   0 TarTheta  +0.00 AccLmt 0.00 VelLmt 0.00 OmgLmt  0.0 mode 3 vel r +0.00 th  +0.00 dri +0.00 stlt 0.00 
cam   +0   +0  0 fps(rx) 0 /   0 / ck :  67 / POS[StopEmergency] fbXY  +0.00  -0.00 / STOP check 142 vision 0 time     0 VisionX  +0.00 Y  +0.00 theta   +0.0 elt    0 Ltcy   0 TarTheta  +0.00 AccLmt 0.00 VelLmt 0.00 OmgLmt  0.0 mode 3 vel r +0.00 th  +0.00 dri +0.00 stlt 0.00 
cam   +0   +0  0 fps(rx) 0 /   0 / ck : 219 / POS[StopEmergency] fbXY  -0.00  -0.00 / STOP check  32 vision 0 time     0 VisionX  +0.00 Y  +0.00 theta   +0.0 elt    0 Ltcy   0 TarTheta  +0.00 AccLmt 0.00 VelLmt 0.00 OmgLmt  0.0 mode 3 vel r +0.00 th  +0.00 dri +0.00 stlt 0.00 
cam   +0   +0  0 fps(rx) 0 /   0 / ck :  60 / POS[StopEmergency] fbXY  +0.00  -0.00 / STOP check 124 vision 0 time     0 VisionX  +0.00 Y  +0.00 theta   +0.0 elt    0 Ltcy   0 TarTheta  +0.00 AccLmt 0.00 VelLmt 0.00 OmgLmt  0.0 mode 3 vel r +0.00 th  +0.00 dri +0.00 stlt 0.00 
cam   +0   +0  0 fps(rx) 0 /   0 / ck :  71 / POS[StopEmergency] fbXY  +0.00  +0.00 / STOP check 133 vision 0 time     0 VisionX  +0.00 Y  +0.00 theta   +0.0 elt    0 Ltcy   0 TarTheta  +0.00 AccLmt 0.00 VelLmt 0.00 OmgLmt  0.0 mode 3 vel r +0.00 th  +0.00 dri +0.00 stlt 0.00 
cam   +0   +0  0 fps(rx) 0 /   0 / ck : 212 / POS[StopEmergency] fbXY  -0.00  -0.00 / STOP check  15 vision 0 time     0 VisionX  +0.00 Y  +0.00 theta   +0.0 elt    0 Ltcy   0 TarTheta  +0.00 AccLmt 0.00 VelLmt 0.00 OmgLmt  0.0 mode 3 vel r +0.00 th  +0.00 dri +0.00 stlt 0.00 
cam   +0   +0  0 fps(rx) 0 /   0 / ck : 225 / POS[StopEmergency] fbXY  +0.00  -0.00 / STOP check  24 vision 0 time     0 VisionX  +0.00 Y  +0.00 theta   +0.0 elt    0 Ltcy   0 TarTheta  +0.00 AccLmt 0.00 VelLmt 0.00 OmgLmt  0.0 mode 3 vel r +0.00 th  +0.00 dri +0.00 stlt 0.00 
cam   +0   +0  0 fps(rx) 0 /   0 / ck :  69 / POS[StopEmergency] fbXY  +0.00  +0.00 / STOP check 117 vision 0 time     0 VisionX  +0.00 Y  +0.00 theta   +0.0 elt    0 Ltcy   0 TarTheta  +0.00 AccLmt 0.00 VelLmt 0.00 OmgLmt  0.0 mode 3 vel r +0.00 th  +0.00 dri +0.00 stlt 0.00 
cam   +0   +0  0 fps(rx) 0 /   0 / ck : 210 / POS[StopEmergency] fbXY  -0.00  -0.00 / STOP check   0 vision 0 time     0 VisionX  +0.00 Y  +0.00 theta   +0.0 elt    0 Ltcy   0 TarTheta  +0.00 AccLmt 0.00 VelLmt 0.00 OmgLmt  0.0 mode 3 vel r +0.00 th  +0.00 dri +0.00 stlt 0.00 
cam   +0   +0  0 fps(rx) 0 /   0 / ck : 224 / POS[StopEmergency] fbXY  +0.00  -0.00 / STOP check   9 vision 0 time     0 VisionX  +0.00 Y  +0.00 theta   +0.0 elt    0 Ltcy   0 TarTheta  +0.00 AccLmt 0.00 VelLmt 0.00 OmgLmt  0.0 mode 3 vel r +0.00 th  +0.00 dri +0.00 stlt 0.00 
cam   +0   +0  0 fps(rx) 0 /   0 / ck :  51 / POS[StopEmergency] fbXY  +0.00  +0.00 / STOP check  91 vision 0 time     0 VisionX  +0.00 Y  +0.00 theta   +0.0 elt    0 Ltcy   0 TarTheta  +0.00 AccLmt 0.00 VelLmt 0.00 OmgLmt  0.0 mode 3 vel r +0.00 th  +0.00 dri +0.00 stlt 0.00 
cam   +0   +0  0 fps(rx) 0 /   0 / ck :  65 / POS[StopEmergency] fbXY  -0.00  -0.00 / STOP check 100 vision 0 time     0 VisionX  +0.00 Y  +0.00 theta   +0.0 elt    0 Ltcy   0 TarTheta  +0.00 AccLmt 0.00 VelLmt 0.00 OmgLmt  0.0 mode 3 vel r +0.00 th  +0.00 dri +0.00 stlt 0.00 
cam   +0   +0  0 fps(rx) 0 /   0 / ck : 163 / POS[StopEmergency] fbXY  -0.00  -0.00 / STOP check 192 vision 0 time     0 VisionX  +0.00 Y  +0.00 theta   +0.0 elt    0 Ltcy   0 TarTheta  +0.00 AccLmt 0.00 VelLmt 0.00 OmgLmt  0.0 mode 3 vel r +0.00 th  +0.00 dri +0.00 stlt 0.00 
cam   +0   +0  0 fps(rx) 0 /   0 / ck : 228 / POS[StopEmergency] fbXY  +0.00  +0.00 / STOP check   0 vision 0 time     0 VisionX  +0.00 Y  +0.00 theta   +0.0 elt    0 Ltcy   0 TarTheta  +0.00 AccLmt 0.00 VelLmt 0.00 OmgLmt  0.0 mode 3 vel r +0.00 th  +0.00 dri +0.00 stlt 0.00 
cam   +0   +0  0 fps(rx) 0 /   0 / ck :  59 / POS[StopEmergency] fbXY  +0.00  -0.00 / STOP check  82 vision 0 time     0 VisionX  +0.00 Y  +0.00 theta   +0.0 elt    0 Ltcy   0 TarTheta  +0.00 AccLmt 0.00 VelLmt 0.00 OmgLmt  0.0 mode 3 vel r +0.00 th  +0.00 dri +0.00 stlt 0.00 
cam   +0   +0  0 fps(rx) 0 /   0 / ck :  70 / POS[StopEmergency] fbXY  -0.00  -0.00 / STOP check  91 vision 0 time     0 VisionX  +0.00 Y  +0.00 theta   +0.0 elt    0 Ltcy   0 TarTheta  +0.00 AccLmt 0.00 VelLmt 0.00 OmgLmt  0.0 mode 3 vel r +0.00 th  +0.00 dri +0.00 stlt 0.00 
cam   +0   +0  0 fps(rx) 0 /   0 / ck : 157 / POS[StopEmergency] fbXY  +0.00  -0.00 / STOP check 174 vision 0 time     0 VisionX  +0.00 Y  +0.00 theta   +0.0 elt    0 Ltcy   0 TarTheta  +0.00 AccLmt 0.00 VelLmt 0.00 OmgLmt  0.0 mode 3 vel r +0.00 th  +0.00 dri +0.00 stlt 0.00 
cam   +0   +0  0 fps(rx) 0 /   0 / ck : 169 / POS[StopEmergency] fbXY  +0.00  +0.00 / STOP check 183 vision 0 time     0 VisionX  +0.00 Y  +0.00 theta   +0.0 elt    0 Ltcy   0 TarTheta  +0.00 AccLmt 0.00 VelLmt 0.00 OmgLmt  0.0 mode 3 vel r +0.00 th  +0.00 dri +0.00 stlt 0.00 
cam   +0   +0  0 fps(rx) 0 /   0 / ck :  53 / POS[StopEmergency] fbXY  -0.00  -0.00 / STOP check  65 vision 0 time     0 VisionX  +0.00 Y  +0.00 theta   +0.0 elt    0 Ltcy   0 TarTheta  +0.00 AccLmt 0.00 VelLmt 0.00 OmgLmt  0.0 mode 3 vel r +0.00 th  +0.00 dri +0.00 stlt 0.00 
cam   +0   +0  0 fps(rx) 0 /   0 / ck :  67 / POS[StopEmergency] fbXY  +0.00  -0.00 / STOP check  74 vision 0 time     0 VisionX  +0.00 Y  +0.00 theta   +0.0 elt    0 Ltcy   0 TarTheta  +0.00 AccLmt 0.00 VelLmt 0.00 OmgLmt  0.0 mode 3 vel r +0.00 th  +0.00 dri +0.00 stlt 0.00 
cam   +0   +0  0 fps(rx) 0 /   0 / ck : 167 / POS[StopEmergency] fbXY  +0.00  +0.00 / STOP check 167 vision 0 time     0 VisionX  +0.00 Y  +0.00 theta   +0.0 elt    0 Ltcy   0 TarTheta  +0.00 AccLmt 0.00 VelLmt 0.00 OmgLmt  0.0 mode 3 vel r +0.00 th  +0.00 dri +0.00 stlt 0.00 
cam   +0   +0  0 fps(rx) 0 /   0 / ck :  64 / POS[StopEmergency] fbXY  -0.00  -0.00 / STOP check  58 vision 0 time     0 VisionX  +0.00 Y  +0.00 theta   +0.0 elt    0 Ltcy   0 TarTheta  +0.00 AccLmt 0.00 VelLmt 0.00 OmgLmt  0.0 mode 3 vel r +0.00 th  +0.00 dri +0.00 stlt 0.00 
cam   +0   +0  0 fps(rx) 0 /   0 / ck : 164 / POS[StopEmergency] fbXY  -0.00  -0.00 / STOP check 152 vision 0 time     0 VisionX  +0.00 Y  +0.00 theta   +0.0 elt    0 Ltcy   0 TarTheta  +0.00 AccLmt 0.00 VelLmt 0.00 OmgLmt  0.0 mode 3 vel r +0.00 th  +0.00 dri +0.00 stlt 0.00 
cam   +0   +0  0 fps(rx) 0 /   0 / ck :  63 / POS[StopEmergency] fbXY  -0.00  -0.00 / STOP check  44 vision 0 time     0 VisionX  +0.00 Y  +0.00 theta   +0.0 elt    0 Ltcy   0 TarTheta  +0.00 AccLmt 0.00 VelLmt 0.00 OmgLmt  0.0 mode 3 vel r +0.00 th  +0.00 dri +0.00 stlt 0.00 
cam   +0   +0  0 fps(rx) 0 /   0 / ck :  73 / POS[StopEmergency] fbXY  +0.00  +0.00 / STOP check  53 vision 0 time     0 VisionX  +0.00 Y  +0.00 theta   +0.0 elt    0 Ltcy   0 TarTheta  +0.00 AccLmt 0.00 VelLmt 0.00 OmgLmt  0.0 mode 3 vel r +0.00 th  +0.00 dri +0.00 stlt 0.00 
cam   +0   +0  0 fps(rx) 0 /   0 / ck : 160 / POS[StopEmergency] fbXY  +0.00  +0.00 / STOP check 135 vision 0 time     0 VisionX  +0.00 Y  +0.00 theta   +0.0 elt    0 Ltcy   0 TarTheta  +0.00 AccLmt 0.00 VelLmt 0.00 OmgLmt  0.0 mode 3 vel r +0.00 th  +0.00 dri +0.00 stlt 0.00 
cam   +0   +0  0 fps(rx) 0 /   0 / ck : 171 / POS[StopEmergency] fbXY  -0.00  -0.00 / STOP check 144 vision 0 time     0 VisionX  +0.00 Y  +0.00 theta   +0.0 elt    0 Ltcy   0 TarTheta  +0.00 AccLmt 0.00 VelLmt 0.00 OmgLmt  0.0 mode 3 vel r +0.00 th  +0.00 dri +0.00 stlt 0.00 
cam   +0   +0  0 fps(rx) 0 /   0 / ck : 163 / POS[StopEmergency] fbXY  -0.00  -0.00 / STOP check 127 vision 0 time     0 VisionX  +0.00 Y  +0.00 theta   +0.0 elt    0 Ltcy   0 TarTheta  +0.00 AccLmt 0.00 VelLmt 0.00 OmgLmt  0.0 mode 3 vel r +0.00 th  +0.00 dri +0.00 stlt 0.00 
cam   +0   +0  0 fps(rx) 0 /   0 / ck : 177 / POS[StopEmergency] fbXY  +0.00  -0.00 / STOP check 136 vision 0 time     0 VisionX  +0.00 Y  +0.00 theta   +0.0 elt    0 Ltcy   0 TarTheta  +0.00 AccLmt 0.00 VelLmt 0.00 OmgLmt  0.0 mode 3 vel r +0.00 th  +0.00 dri +0.00 stlt 0.00 
cam   +0   +0  0 fps(rx) 0 /   0 / ck :  66 / POS[StopEmergency] fbXY  -0.00  -0.00 / STOP check  18 vision 0 time     0 VisionX  +0.00 Y  +0.00 theta   +0.0 elt    0 Ltcy   0 TarTheta  +0.00 AccLmt 0.00 VelLmt 0.00 OmgLmt  0.0 mode 3 vel r +0.00 th  +0.00 dri +0.00 stlt 0.00 
cam   +0   +0  0 fps(rx) 0 /   0 / ck : 163 / POS[StopEmergency] fbXY  +0.00  +0.00 / STOP check 110 vision 0 time     0 VisionX  +0.00 Y  +0.00 theta   +0.0 elt    0 Ltcy   0 TarTheta  +0.00 AccLmt 0.00 VelLmt 0.00 OmgLmt  0.0 mode 3 vel r +0.00 th  +0.00 dri +0.00 stlt 0.00 
cam   +0   +0  0 fps(rx) 0 /   0 / ck : 174 / POS[StopEmergency] fbXY  -0.00  -0.00 / STOP check 119 vision 0 time     0 VisionX  +0.00 Y  +0.00 theta   +0.0 elt    0 Ltcy   0 TarTheta  +0.00 AccLmt 0.00 VelLmt 0.00 OmgLmt  0.0 mode 3 vel r +0.00 th  +0.00 dri +0.00 stlt 0.00 
cam   +0   +0  0 fps(rx) 0 /   0 / ck :  59 / POS[StopEmergency] fbXY  +0.00  -0.00 / STOP check   1 vision 0 time     0 VisionX  +0.00 Y  +0.00 theta   +0.0 elt    0 Ltcy   0 TarTheta  +0.00 AccLmt 0.00 VelLmt 0.00 OmgLmt  0.0 mode 3 vel r +0.00 th  +0.00 dri +0.00 stlt 0.00 
cam   +0   +0  0 fps(rx) 0 /   0 / ck :  72 / POS[StopEmergency] fbXY  +0.00  -0.00 / STOP check  10 vision 0 time     0 VisionX  +0.00 Y  +0.00 theta   +0.0 elt    0 Ltcy   0 TarTheta  +0.00 AccLmt 0.00 VelLmt 0.00 OmgLmt  0.0 mode 3 vel r +0.00 th  +0.00 dri +0.00 stlt 0.00 
cam   +0   +0  0 fps(rx) 0 /   0 / ck : 156 / POS[StopEmergency] fbXY  +0.00  +0.00 / STOP check  93 vision 0 time     0 VisionX  +0.00 Y  +0.00 theta   +0.0 elt    0 Ltcy   0 TarTheta  +0.00 AccLmt 0.00 VelLmt 0.00 OmgLmt  0.0 mode 3 vel r +0.00 th  +0.00 dri +0.00 stlt 0.00 
cam   +0   +0  0 fps(rx) 0 /   0 / ck : 171 / POS[StopEmergency] fbXY  +0.00  -0.00 / STOP check 102 vision 0 time     0 VisionX  +0.00 Y  +0.00 theta   +0.0 elt    0 Ltcy   0 TarTheta  +0.00 AccLmt 0.00 VelLmt 0.00 OmgLmt  0.0 mode 3 vel r +0.00 th  +0.00 dri +0.00 stlt 0.00 
cam   +0   +0  0 fps(rx) 0 /   0 / ck :  14 / POS[StopEmergency] fbXY  +0.00  +0.00 / STOP check 195 vision 0 time     0 VisionX  +0.00 Y  +0.00 theta   +0.0 elt    0 Ltcy   0 TarTheta  +0.00 AccLmt 0.00 VelLmt 0.00 OmgLmt  0.0 mode 3 vel r +0.00 th  +0.00 dri +0.00 stlt 0.00 
cam   +0   +0  0 fps(rx) 0 /   0 / ck : 169 / POS[StopEmergency] fbXY  -0.00  -0.00 / STOP check  87 vision 0 time     0 VisionX  +0.00 Y  +0.00 theta   +0.0 elt    0 Ltcy   0 TarTheta  +0.00 AccLmt 0.00 VelLmt 0.00 OmgLmt  0.0 mode 3 vel r +0.00 th  +0.00 dri +0.00 stlt 0.00 
cam   +0   +0  0 fps(rx) 0 /   0 / ck : 179 / POS[StopEmergency] fbXY  +0.00  -0.00 / STOP check  96 vision 0 time     0 VisionX  +0.00 Y  +0.00 theta   +0.0 elt    0 Ltcy   0 TarTheta  +0.00 AccLmt 0.00 VelLmt 0.00 OmgLmt  0.0 mode 3 vel r +0.00 th  +0.00 dri +0.00 stlt 0.00 
cam   +0   +0  0 fps(rx) 0 /   0 / ck :  14 / POS[StopEmergency] fbXY  +0.00  +0.00 / STOP check 181 vision 0 time     0 VisionX  +0.00 Y  +0.00 theta   +0.0 elt    0 Ltcy   0 TarTheta  +0.00 AccLmt 0.00 VelLmt 0.00 OmgLmt  0.0 mode 3 vel r +0.00 th  +0.00 dri +0.00 stlt 0.00 
cam   +0   +0  0 fps(rx) 0 /   0 / ck : 166 / POS[StopEmergency] fbXY  +0.00  -0.00 / STOP check  72 vision 0 time     0 VisionX  +0.00 Y  +0.00 theta   +0.0 elt    0 Ltcy   0 TarTheta  +0.00 AccLmt 0.00 VelLmt 0.00 OmgLmt  0.0 mode 3 vel r +0.00 th  +0.00 dri +0.00 stlt 0.00 
cam   +0   +0  0 fps(rx) 0 /   0 / ck : 177 / POS[StopEmergency] fbXY  +0.00  -0.00 / STOP check  81 vision 0 time     0 VisionX  +0.00 Y  +0.00 theta   +0.0 elt    0 Ltcy   0 TarTheta  +0.00 AccLmt 0.00 VelLmt 0.00 OmgLmt  0.0 mode 3 vel r +0.00 th  +0.00 dri +0.00 stlt 0.00 
cam   +0   +0  0 fps(rx) 0 /   0 / ck :   7 / POS[StopEmergency] fbXY  -0.00  -0.00 / STOP check 164 vision 0 time     0 VisionX  +0.00 Y  +0.00 theta   +0.0 elt    0 Ltcy   0 TarTheta  +0.00 AccLmt 0.00 VelLmt 0.00 OmgLmt  0.0 mode 3 vel r +0.00 th  +0.00 dri +0.00 stlt 0.00 
cam   +0   +0  0 fps(rx) 0 /   0 / ck :  20 / POS[StopEmergency] fbXY  +0.00  +0.00 / STOP check 173 vision 0 time     0 VisionX  +0.00 Y  +0.00 theta   +0.0 elt    0 Ltcy   0 TarTheta  +0.00 AccLmt 0.00 VelLmt 0.00 OmgLmt  0.0 mode 3 vel r +0.00 th  +0.00 dri +0.00 stlt 0.00 
cam   +0   +0  0 fps(rx) 0 /   0 / ck : 159 / POS[StopEmergency] fbXY  +0.00  -0.00 / STOP check  55 vision 0 time     0 VisionX  +0.00 Y  +0.00 theta   +0.0 elt    0 Ltcy   0 TarTheta  +0.00 AccLmt 0.00 VelLmt 0.00 OmgLmt  0.0 mode 3 vel r +0.00 th  +0.00 dri +0.00 stlt 0.00 
cam   +0   +0  0 fps(rx) 0 /   0 / ck : 174 / POS[StopEmergency] fbXY  +0.00  +0.00 / STOP check  64 vision 0 time     0 VisionX  +0.00 Y  +0.00 theta   +0.0 elt    0 Ltcy   0 TarTheta  +0.00 AccLmt 0.00 VelLmt 0.00 OmgLmt  0.0 mode 3 vel r +0.00 th  +0.00 dri +0.00 stlt 0.00 
cam   +0   +0  0 fps(rx) 0 /   0 / ck :  16 / POS[StopEmergency] fbXY  +0.00  +0.00 / STOP check 156 vision 0 time     0 VisionX  +0.00 Y  +0.00 theta   +0.0 elt    0 Ltcy   0 TarTheta  +0.00 AccLmt 0.00 VelLmt 0.00 OmgLmt  0.0 mode 3 vel r +0.00 th  +0.00 dri +0.00 stlt 0.00 
cam   +0   +0  0 fps(rx) 0 /   0 / ck :  26 / POS[StopEmergency] fbXY  -0.00  -0.00 / STOP check 165 vision 0 time     0 VisionX  +0.00 Y  +0.00 theta   +0.0 elt    0 Ltcy   0 TarTheta  +0.00 AccLmt 0.00 VelLmt 0.00 OmgLmt  0.0 mode 3 vel r +0.00 th  +0.00 dri +0.00 stlt 0.00 
cam   +0   +0  0 fps(rx) 0 /   0 / ck : 168 / POS[StopEmergency] fbXY  -0.00  -0.00 / STOP check  47 vision 0 time     0 VisionX  +0.00 Y  +0.00 theta   +0.0 elt    0 Ltcy   0 TarTheta  +0.00 AccLmt 0.00 VelLmt 0.00 OmgLmt  0.0 mode 3 vel r +0.00 th  +0.00 dri +0.00 stlt 0.00 
cam   +0   +0  0 fps(rx) 0 /   0 / ck : 180 / POS[StopEmergency] fbXY  +0.00  -0.00 / STOP check  56 vision 0 time     0 VisionX  +0.00 Y  +0.00 theta   +0.0 elt    0 Ltcy   0 TarTheta  +0.00 AccLmt 0.00 VelLmt 0.00 OmgLmt  0.0 mode 3 vel r +0.00 th  +0.00 dri +0.00 stlt 0.00 
cam   +0   +0  0 fps(rx) 0 /   0 / ck :  11 / POS[StopEmergency] fbXY  +0.00  +0.00 / STOP check 139 vision 0 time     0 VisionX  +0.00 Y  +0.00 theta   +0.0 elt    0 Ltcy   0 TarTheta  +0.00 AccLmt 0.00 VelLmt 0.00 OmgLmt  0.0 mode 3 vel r +0.00 th  +0.00 dri +0.00 stlt 0.00 
cam   +0   +0  0 fps(rx) 0 /   0 / ck :  22 / POS[StopEmergency] fbXY  +0.00  +0.00 / STOP check 148 vision 0 time     0 VisionX  +0.00 Y  +0.00 theta   +0.0 elt    0 Ltcy   0 TarTheta  +0.00 AccLmt 0.00 VelLmt 0.00 OmgLmt  0.0 mode 3 vel r +0.00 th  +0.00 dri +0.00 stlt 0.00 
cam   +0   +0  0 fps(rx) 0 /   0 / ck : 165 / POS[StopEmergency] fbXY  +0.00  -0.00 / STOP check  32 vision 0 time     0 VisionX  +0.00 Y  +0.00 theta   +0.0 elt    0 Ltcy   0 TarTheta  +0.00 AccLmt 0.00 VelLmt 0.00 OmgLmt  0.0 mode 3 vel r +0.00 th  +0.00 dri +0.00 stlt 0.00 
cam   +0   +0  0 fps(rx) 0 /   0 / ck : 178 / POS[StopEmergency] fbXY  +0.00  +0.00 / STOP check  41 vision 0 time     0 VisionX  +0.00 Y  +0.00 theta   +0.0 elt    0 Ltcy   0 TarTheta  +0.00 AccLmt 0.00 VelLmt 0.00 OmgLmt  0.0 mode 3 vel r +0.00 th  +0.00 dri +0.00 stlt 0.00 
cam   +0   +0  0 fps(rx) 0 /   0 / ck :   9 / POS[StopEmergency] fbXY  -0.00  -0.00 / STOP check 125 vision 0 time     0 VisionX  +0.00 Y  +0.00 theta   +0.0 elt    0 Ltcy   0 TarTheta  +0.00 AccLmt 0.00 VelLmt 0.00 OmgLmt  0.0 mode 3 vel r +0.00 th  +0.00 dri +0.00 stlt 0.00 
cam   +0   +0  0 fps(rx) 0 /   0 / ck :  22 / POS[StopEmergency] fbXY  +0.00  -0.00 / STOP check 134 vision 0 time     0 VisionX  +0.00 Y  +0.00 theta   +0.0 elt    0 Ltcy   0 TarTheta  +0.00 AccLmt 0.00 VelLmt 0.00 OmgLmt  0.0 mode 3 vel r +0.00 th  +0.00 dri +0.00 stlt 0.00 
cam   +0   +0  0 fps(rx) 0 /   0 / ck : 162 / POS[StopEmergency] fbXY  -0.00  -0.00 / STOP check  17 vision 0 time     0 VisionX  +0.00 Y  +0.00 theta   +0.0 elt    0 Ltcy   0 TarTheta  +0.00 AccLmt 0.00 VelLmt 0.00 OmgLmt  0.0 mode 3 vel r +0.00 th  +0.00 dri +0.00 stlt 0.00 
cam   +0   +0  0 fps(rx) 0 /   0 / ck : 176 / POS[StopEmergency] fbXY  +0.00  +0.00 / STOP check  26 vision 0 time     0 VisionX  +0.00 Y  +0.00 theta   +0.0 elt    0 Ltcy   0 TarTheta  +0.00 AccLmt 0.00 VelLmt 0.00 OmgLmt  0.0 mode 3 vel r +0.00 th  +0.00 dri +0.00 stlt 0.00 
cam   +0   +0  0 fps(rx) 0 /   0 / ck :  17 / POS[StopEmergency] fbXY  -0.00  -0.00 / STOP check 118 vision 0 time     0 VisionX  +0.00 Y  +0.00 theta   +0.0 elt    0 Ltcy   0 TarTheta  +0.00 AccLmt 0.00 VelLmt 0.00 OmgLmt  0.0 mode 3 vel r +0.00 th  +0.00 dri +0.00 stlt 0.00 
cam   +0   +0  0 fps(rx) 0 /   0 / ck :  28 / POS[StopEmergency] fbXY  -0.00  -0.00 / STOP check 127 vision 0 time     0 VisionX  +0.00 Y  +0.00 theta   +0.0 elt    0 Ltcy   0 TarTheta  +0.00 AccLmt 0.00 VelLmt 0.00 OmgLmt  0.0 mode 3 vel r +0.00 th  +0.00 dri +0.00 stlt 0.00 
cam   +0   +0  0 fps(rx) 0 /   0 / ck : 171 / POS[StopEmergency] fbXY  -0.00  -0.00 / STOP check   9 vision 0 time     0 VisionX  +0.00 Y  +0.00 theta   +0.0 elt    0 Ltcy   0 TarTheta  +0.00 AccLmt 0.00 VelLmt 0.00 OmgLmt  0.0 mode 3 vel r +0.00 th  +0.00 dri +0.00 stlt 0.00 
cam   +0   +0  0 fps(rx) 0 /   0 / ck :   9 / POS[StopEmergency] fbXY  -0.00  -0.00 / STOP check 102 vision 0 time     0 VisionX  +0.00 Y  +0.00 theta   +0.0 elt    0 Ltcy   0 TarTheta  +0.00 AccLmt 0.00 VelLmt 0.00 OmgLmt  0.0 mode 3 vel r +0.00 th  +0.00 dri +0.00 stlt 0.00 
cam   +0   +0  0 fps(rx) 0 /   0 / ck :  26 / POS[StopEmergency] fbXY  -0.00  -0.00 / STOP check 111 vision 0 time     0 VisionX  +0.00 Y  +0.00 theta   +0.0 elt    0 Ltcy   0 TarTheta  +0.00 AccLmt 0.00 VelLmt 0.00 OmgLmt  0.0 mode 3 vel r +0.00 th  +0.00 dri +0.00 stlt 0.00 
cam   +0   +0  0 fps(rx) 0 /   0 / ck : 110 / POS[StopEmergency] fbXY  +0.00  +0.00 / STOP check 194 vision 0 time     0 VisionX  +0.00 Y  +0.00 theta   +0.0 elt    0 Ltcy   0 TarTheta  +0.00 AccLmt 0.00 VelLmt 0.00 OmgLmt  0.0 mode 3 vel r +0.00 th  +0.00 dri +0.00 stlt 0.00 
cam   +0   +0  0 fps(rx) 0 /   0 / ck : 179 / POS[StopEmergency] fbXY  +0.00  +0.00 / STOP check   2 vision 0 time     0 VisionX  +0.00 Y  +0.00 theta   +0.0 elt    0 Ltcy   0 TarTheta  +0.00 AccLmt 0.00 VelLmt 0.00 OmgLmt  0.0 mode 3 vel r +0.00 th  +0.00 dri +0.00 stlt 0.00 
cam   +0   +0  0 fps(rx) 0 /   0 / ck :  22 / POS[StopEmergency] fbXY  -0.00  -0.00 / STOP check  94 vision 0 time     0 VisionX  +0.00 Y  +0.00 theta   +0.0 elt    0 Ltcy   0 TarTheta  +0.00 AccLmt 0.00 VelLmt 0.00 OmgLmt  0.0 mode 3 vel r +0.00 th  +0.00 dri +0.00 stlt 0.00 
cam   +0   +0  0 fps(rx) 0 /   0 / ck : 122 / POS[StopEmergency] fbXY  -0.00  -0.00 / STOP check 186 vision 0 time     0 VisionX  +0.00 Y  +0.00 theta   +0.0 elt    0 Ltcy   0 TarTheta  +0.00 AccLmt 0.00 VelLmt 0.00 OmgLmt  0.0 mode 3 vel r +0.00 th  +0.00 dri +0.00 stlt 0.00 
cam   +0   +0  0 fps(rx) 0 /   0 / ck :  19 / POS[StopEmergency] fbXY  -0.00  -0.00 / STOP check  78 vision 0 time     0 VisionX  +0.00 Y  +0.00 theta   +0.0 elt    0 Ltcy   0 TarTheta  +0.00 AccLmt 0.00 VelLmt 0.00 OmgLmt  0.0 mode 3 vel r +0.00 th  +0.00 dri +0.00 stlt 0.00 
cam   +0   +0  0 fps(rx) 0 /   0 / ck :  29 / POS[StopEmergency] fbXY  +0.00  -0.00 / STOP check  87 vision 0 time     0 VisionX  +0.00 Y  +0.00 theta   +0.0 elt    0 Ltcy   0 TarTheta  +0.00 AccLmt 0.00 VelLmt 0.00 OmgLmt  0.0 mode 3 vel r +0.00 th  +0.00 dri +0.00 stlt 0.00 
timing trace: 1757 records, 0 records omitted
